 
****************************************
Report : design
Design : ftc_detection_margin_manager
Version: W-2024.09
Date   : Sun Aug 23 13:28:07 2026
****************************************

Design allows ideal nets on clock nets.

Library(s) Used:

    sc9mc_logic0040ll_base_rvt_c40_ss_typical_max_0p99v_125c (File: /host/data/libtech/SMIC_40LL/ARM_SMIC40LL_Library_20131105/SMIC_log40ll_sc9mc/arm/smic/logic0040ll/sc9mc_base_rvt_c40/r1p1/db/sc9mc_logic0040ll_base_rvt_c40_ss_typical_max_0p99v_125c.db)

Flip-Flop Types:

    No flip-flop types specified.

Latch Types:

    No latch types specified.

Operating Conditions:


    Operating Condition Name : ss_typical_max_0p99v_125c
    Library : sc9mc_logic0040ll_base_rvt_c40_ss_typical_max_0p99v_125c
    Process :   1.00
    Temperature : 125.00
    Voltage :   0.99

Wire Loading Model:

    Selected from the default (area not fully known).

Name           :   Small
Location       :   sc9mc_logic0040ll_base_rvt_c40_ss_typical_max_0p99v_125c
Resistance     :   0.00397143
Capacitance    :   0.000206
Area           :   9.99995e-41
Slope          :   2.9
Fanout   Length   Points Average Cap Std Deviation
--------------------------------------------------------------
     1     4.35



Wire Loading Model Mode: top.

Timing Ranges:

    No timing ranges specified.

Pin Input Delays:

    None specified.

Pin Output Delays:

    None specified.

Disabled Timing Arcs:

    No arcs disabled.

Required Licenses:

    None Required

Design Parameters:

    None specified.
 
****************************************
Report : reference
Design : ftc_detection_margin_manager
Version: W-2024.09
Date   : Sun Aug 23 13:28:07 2026
****************************************

Attributes:
    b - black box (unknown)
   bo - allows boundary optimization
    d - dont_touch
   mo - map_only
    h - hierarchical
    n - noncombinational
    r - removable
    s - synthetic operator
    u - contains unmapped logic

Reference          Library       Unit Area   Count    Total Area   Attributes
-----------------------------------------------------------------------------
AND2_X0P5M_A9TR40  sc9mc_logic0040ll_base_rvt_c40_ss_typical_max_0p99v_125c
                                  0.957600       1      0.957600  
AND2_X0P7M_A9TR40  sc9mc_logic0040ll_base_rvt_c40_ss_typical_max_0p99v_125c
                                  0.957600       8      7.660800  
AO1B2_X0P5M_A9TR40 sc9mc_logic0040ll_base_rvt_c40_ss_typical_max_0p99v_125c
                                  1.197000      26     31.122001  
AO22_X0P5M_A9TR40  sc9mc_logic0040ll_base_rvt_c40_ss_typical_max_0p99v_125c
                                  1.675800      27     45.246599  
AO22_X0P7M_A9TR40  sc9mc_logic0040ll_base_rvt_c40_ss_typical_max_0p99v_125c
                                  1.675800       2      3.351600  
AOI2XB1_X1M_A9TR40 sc9mc_logic0040ll_base_rvt_c40_ss_typical_max_0p99v_125c
                                  1.436400       1      1.436400  
AOI22_X0P5M_A9TR40 sc9mc_logic0040ll_base_rvt_c40_ss_typical_max_0p99v_125c
                                  1.197000      27     32.319001  
AOI211_X1M_A9TR40  sc9mc_logic0040ll_base_rvt_c40_ss_typical_max_0p99v_125c
                                  1.197000       1      1.197000  
AOI221_X1M_A9TR40  sc9mc_logic0040ll_base_rvt_c40_ss_typical_max_0p99v_125c
                                  1.675800       1      1.675800  
BUFH_X1M_A9TR40    sc9mc_logic0040ll_base_rvt_c40_ss_typical_max_0p99v_125c
                                  0.718200       9      6.463800  
BUF_X1M_A9TR40     sc9mc_logic0040ll_base_rvt_c40_ss_typical_max_0p99v_125c
                                  0.718200       1      0.718200  
BUF_X1P2M_A9TR40   sc9mc_logic0040ll_base_rvt_c40_ss_typical_max_0p99v_125c
                                  0.957600       1      0.957600  
BUF_X2M_A9TR40     sc9mc_logic0040ll_base_rvt_c40_ss_typical_max_0p99v_125c
                                  0.957600       8      7.660800  
BUF_X2P5M_A9TR40   sc9mc_logic0040ll_base_rvt_c40_ss_typical_max_0p99v_125c
                                  1.197000       1      1.197000  
BUF_X3M_A9TR40     sc9mc_logic0040ll_base_rvt_c40_ss_typical_max_0p99v_125c
                                  1.197000       3      3.591000  
DFFRPQ_X0P5M_A9TR40
                   sc9mc_logic0040ll_base_rvt_c40_ss_typical_max_0p99v_125c
                                  5.027400       1      5.027400  n
DFFRPQ_X1M_A9TR40  sc9mc_logic0040ll_base_rvt_c40_ss_typical_max_0p99v_125c
                                  5.027400      51    256.397401  n
DFFSQ_X1M_A9TR40   sc9mc_logic0040ll_base_rvt_c40_ss_typical_max_0p99v_125c
                                  5.027400      20    100.548000  n
INV_X0P5B_A9TR40   sc9mc_logic0040ll_base_rvt_c40_ss_typical_max_0p99v_125c
                                  0.478800       8      3.830400  
INV_X1M_A9TR40     sc9mc_logic0040ll_base_rvt_c40_ss_typical_max_0p99v_125c
                                  0.478800       4      1.915200  
INV_X2M_A9TR40     sc9mc_logic0040ll_base_rvt_c40_ss_typical_max_0p99v_125c
                                  0.718200       2      1.436400  
INV_X3M_A9TR40     sc9mc_logic0040ll_base_rvt_c40_ss_typical_max_0p99v_125c
                                  0.957600       1      0.957600  
INV_X3P5B_A9TR40   sc9mc_logic0040ll_base_rvt_c40_ss_typical_max_0p99v_125c
                                  1.197000       1      1.197000  
NAND2B_X0P5M_A9TR40
                   sc9mc_logic0040ll_base_rvt_c40_ss_typical_max_0p99v_125c
                                  0.957600       1      0.957600  
NAND2_X0P5A_A9TR40 sc9mc_logic0040ll_base_rvt_c40_ss_typical_max_0p99v_125c
                                  0.718200       1      0.718200  
NAND2_X1M_A9TR40   sc9mc_logic0040ll_base_rvt_c40_ss_typical_max_0p99v_125c
                                  0.718200       1      0.718200  
NAND2_X2A_A9TR40   sc9mc_logic0040ll_base_rvt_c40_ss_typical_max_0p99v_125c
                                  1.197000       1      1.197000  
NAND3BB_X1M_A9TR40 sc9mc_logic0040ll_base_rvt_c40_ss_typical_max_0p99v_125c
                                  1.197000       1      1.197000  
NAND3_X0P5M_A9TR40 sc9mc_logic0040ll_base_rvt_c40_ss_typical_max_0p99v_125c
                                  0.957600       2      1.915200  
NOR2B_X0P5M_A9TR40 sc9mc_logic0040ll_base_rvt_c40_ss_typical_max_0p99v_125c
                                  0.957600       1      0.957600  
NOR2_X0P5A_A9TR40  sc9mc_logic0040ll_base_rvt_c40_ss_typical_max_0p99v_125c
                                  0.718200       2      1.436400  
NOR2_X0P7B_A9TR40  sc9mc_logic0040ll_base_rvt_c40_ss_typical_max_0p99v_125c
                                  0.718200       1      0.718200  
NOR2_X1A_A9TR40    sc9mc_logic0040ll_base_rvt_c40_ss_typical_max_0p99v_125c
                                  0.718200       2      1.436400  
NOR3_X1A_A9TR40    sc9mc_logic0040ll_base_rvt_c40_ss_typical_max_0p99v_125c
                                  0.957600       1      0.957600  
NOR4BB_X0P7M_A9TR40
                   sc9mc_logic0040ll_base_rvt_c40_ss_typical_max_0p99v_125c
                                  1.436400       1      1.436400  
OA21A1OI2_X0P7M_A9TR40
                   sc9mc_logic0040ll_base_rvt_c40_ss_typical_max_0p99v_125c
                                  1.436400       2      2.872800  
OAI21_X0P5M_A9TR40 sc9mc_logic0040ll_base_rvt_c40_ss_typical_max_0p99v_125c
                                  0.957600       3      2.872800  
OAI22_X0P5M_A9TR40 sc9mc_logic0040ll_base_rvt_c40_ss_typical_max_0p99v_125c
                                  1.197000       1      1.197000  
OAI31_X1M_A9TR40   sc9mc_logic0040ll_base_rvt_c40_ss_typical_max_0p99v_125c
                                  1.197000       3      3.591000  
OAI221_X1M_A9TR40  sc9mc_logic0040ll_base_rvt_c40_ss_typical_max_0p99v_125c
                                  1.675800       1      1.675800  
OR2_X0P5B_A9TR40   sc9mc_logic0040ll_base_rvt_c40_ss_typical_max_0p99v_125c
                                  0.957600       2      1.915200  
OR2_X1M_A9TR40     sc9mc_logic0040ll_base_rvt_c40_ss_typical_max_0p99v_125c
                                  0.957600       1      0.957600  
TIEHI_X1M_A9TR40   sc9mc_logic0040ll_base_rvt_c40_ss_typical_max_0p99v_125c
                                  0.718200       1      0.718200  
TIELO_X1M_A9TR40   sc9mc_logic0040ll_base_rvt_c40_ss_typical_max_0p99v_125c
                                  0.718200       1      0.718200  
ftc_detection_margin_mapper      62.962200       1     62.962200  h
-----------------------------------------------------------------------------
Total 45 references                                   609.991203

****************************************
Design: ftc_detection_margin_mapper 
****************************************
Reference          Library       Unit Area   Count    Total Area   Attributes
-----------------------------------------------------------------------------
AND2_X1M_A9TR40    sc9mc_logic0040ll_base_rvt_c40_ss_typical_max_0p99v_125c
                                  0.957600       2      1.915200  
AOI31_X0P5M_A9TR40 sc9mc_logic0040ll_base_rvt_c40_ss_typical_max_0p99v_125c
                                  1.197000       1      1.197000  
INV_X0P8B_A9TR40   sc9mc_logic0040ll_base_rvt_c40_ss_typical_max_0p99v_125c
                                  0.478800       1      0.478800  
INV_X1M_A9TR40     sc9mc_logic0040ll_base_rvt_c40_ss_typical_max_0p99v_125c
                                  0.478800       6      2.872800  
INV_X2M_A9TR40     sc9mc_logic0040ll_base_rvt_c40_ss_typical_max_0p99v_125c
                                  0.718200       1      0.718200  
NAND2B_X1M_A9TR40  sc9mc_logic0040ll_base_rvt_c40_ss_typical_max_0p99v_125c
                                  0.957600       3      2.872800  
NAND2_X0P5A_A9TR40 sc9mc_logic0040ll_base_rvt_c40_ss_typical_max_0p99v_125c
                                  0.718200       2      1.436400  
NAND2_X0P5M_A9TR40 sc9mc_logic0040ll_base_rvt_c40_ss_typical_max_0p99v_125c
                                  0.718200       1      0.718200  
NAND2_X1A_A9TR40   sc9mc_logic0040ll_base_rvt_c40_ss_typical_max_0p99v_125c
                                  0.718200       3      2.154600  
NAND2_X2A_A9TR40   sc9mc_logic0040ll_base_rvt_c40_ss_typical_max_0p99v_125c
                                  1.197000       1      1.197000  
NAND3BB_X1M_A9TR40 sc9mc_logic0040ll_base_rvt_c40_ss_typical_max_0p99v_125c
                                  1.197000       1      1.197000  
NAND3B_X0P5M_A9TR40
                   sc9mc_logic0040ll_base_rvt_c40_ss_typical_max_0p99v_125c
                                  1.197000       1      1.197000  
NAND3B_X2M_A9TR40  sc9mc_logic0040ll_base_rvt_c40_ss_typical_max_0p99v_125c
                                  1.915200       1      1.915200  
NAND3_X0P5M_A9TR40 sc9mc_logic0040ll_base_rvt_c40_ss_typical_max_0p99v_125c
                                  0.957600       4      3.830400  
NAND3_X1M_A9TR40   sc9mc_logic0040ll_base_rvt_c40_ss_typical_max_0p99v_125c
                                  0.957600       7      6.703200  
NAND4XXXB_X1M_A9TR40
                   sc9mc_logic0040ll_base_rvt_c40_ss_typical_max_0p99v_125c
                                  1.436400       1      1.436400  
NAND4_X0P5M_A9TR40 sc9mc_logic0040ll_base_rvt_c40_ss_typical_max_0p99v_125c
                                  1.197000       2      2.394000  
NAND4_X0P7M_A9TR40 sc9mc_logic0040ll_base_rvt_c40_ss_typical_max_0p99v_125c
                                  1.197000       1      1.197000  
NOR2_X0P7B_A9TR40  sc9mc_logic0040ll_base_rvt_c40_ss_typical_max_0p99v_125c
                                  0.718200       1      0.718200  
NOR2_X1A_A9TR40    sc9mc_logic0040ll_base_rvt_c40_ss_typical_max_0p99v_125c
                                  0.718200       2      1.436400  
NOR2_X2A_A9TR40    sc9mc_logic0040ll_base_rvt_c40_ss_typical_max_0p99v_125c
                                  1.197000       1      1.197000  
NOR3BB_X2M_A9TR40  sc9mc_logic0040ll_base_rvt_c40_ss_typical_max_0p99v_125c
                                  1.675800       1      1.675800  
NOR3BB_X4M_A9TR40  sc9mc_logic0040ll_base_rvt_c40_ss_typical_max_0p99v_125c
                                  3.112200       1      3.112200  
NOR3_X1A_A9TR40    sc9mc_logic0040ll_base_rvt_c40_ss_typical_max_0p99v_125c
                                  0.957600       1      0.957600  
NOR4BB_X1M_A9TR40  sc9mc_logic0040ll_base_rvt_c40_ss_typical_max_0p99v_125c
                                  1.436400       1      1.436400  
NOR4BB_X2M_A9TR40  sc9mc_logic0040ll_base_rvt_c40_ss_typical_max_0p99v_125c
                                  2.154600       1      2.154600  
NOR4BB_X4M_A9TR40  sc9mc_logic0040ll_base_rvt_c40_ss_typical_max_0p99v_125c
                                  4.069800       1      4.069800  
OR3_X8M_A9TR40     sc9mc_logic0040ll_base_rvt_c40_ss_typical_max_0p99v_125c
                                 10.054800       1     10.054800  
TIELO_X1M_A9TR40   sc9mc_logic0040ll_base_rvt_c40_ss_typical_max_0p99v_125c
                                  0.718200       1      0.718200  
-----------------------------------------------------------------------------
Total 29 references                                    62.962200
1
