Command: vcs -full64 -sverilog -lca -timescale=1ns/1ps -debug_access+all +lint=PCWM \
../../../rtl/ftc_cal_pkg.sv ../../../rtl/ftc_q_sampler.sv ../../../rtl/ftc_operation_sequencer.sv \
../../../tb/tb_simple_seq_test.sv -o simv_simple -l compile_simple.log
                         Chronologic VCS (TM)
         Version W-2024.09_Full64 -- Thu Aug 20 10:23:44 2026

                    Copyright (c) 1991 - 2024 Synopsys, Inc.
   This software and the associated documentation are proprietary to Synopsys,
 Inc. This software may only be used in accordance with the terms and conditions
 of a written license agreement with Synopsys, Inc. All other use, reproduction,
   or distribution of this software is strictly prohibited.  Licensed Products
     communicate with Synopsys servers for the purpose of providing software
    updates, detecting software piracy and verifying that customers are using
    Licensed Products in conformity with the applicable License Key for such
  Licensed Products. Synopsys will use information gathered in connection with
    this process to deliver software updates and pursue software pirates and
                                   infringers.

 Inclusivity & Diversity - Visit SolvNetPlus to read the "Synopsys Statement on
            Inclusivity and Diversity" (Refer to article 000036315 at
                        https://solvnetplus.synopsys.com)


Warning-[LCA_FEATURES_ENABLED] Usage warning
  LCA features enabled by '-lca' argument on the command line.  For more 
  information regarding list of LCA features please refer to Chapter "LCA 
  features" in the VCS Release Notes

Parsing design file '../../../rtl/ftc_cal_pkg.sv'
Parsing design file '../../../rtl/ftc_q_sampler.sv'
Parsing design file '../../../rtl/ftc_operation_sequencer.sv'
Parsing design file '../../../tb/tb_simple_seq_test.sv'
Top Level Modules:
       tb_simple_seq_test
TimeScale is 1 ns / 1 ps
Starting vcs inline pass...
2 modules and 0 UDP read.
recompiling package ftc_cal_pkg
recompiling module tb_simple_seq_test
Both modules done.
rm -f _cuarc*.so _csrc*.so pre_vcsobj_*.so share_vcsobj_*.so
if [ -x ../simv_simple ]; then chmod a-x ../simv_simple; fi
g++  -o ../simv_simple      -rdynamic  -Wl,-rpath='$ORIGIN'/simv_simple.daidir -Wl,-rpath=./simv_simple.daidir \
-Wl,-rpath=/home/synopsys/vcs/W-2024.09/linux64/lib -L/home/synopsys/vcs/W-2024.09/linux64/lib \
-Wl,-rpath-link=./  /usr/lib64/libnuma.so.1   objs/amcQw_d.o   _147438_archive_1.so \
_prev_archive_1.so   SIM_l.o      rmapats_mop.o rmapats.o rmar.o rmar_nd.o  rmar_llvm_0_1.o \
rmar_llvm_0_0.o            -lvirsim -lerrorinf -lsnpsmalloc -lvfs    -lvcsnew -lsimprofile \
-luclinative /home/synopsys/vcs/W-2024.09/linux64/lib/vcs_tls.o   -Wl,-whole-archive \
-lvcsucli    -Wl,-no-whole-archive        _vcs_pli_stub_.o   /home/synopsys/vcs/W-2024.09/linux64/lib/vcs_save_restore_new.o \
/home/synopsys/verdi/W-2024.09/share/PLI/VCS/LINUX64/pli.a -ldl  -lc -lm -lpthread \
-ldl 
../simv_simple up to date
CPU time: 1.091 seconds to compile + .975 seconds to elab + .646 seconds to link
