Doing common elaboration 
                         Chronologic VCS (TM)
         Version W-2024.09_Full64 -- Thu Aug 20 12:21:37 2026

                    Copyright (c) 1991 - 2024 Synopsys, Inc.
   This software and the associated documentation are proprietary to Synopsys,
 Inc. This software may only be used in accordance with the terms and conditions
 of a written license agreement with Synopsys, Inc. All other use, reproduction,
   or distribution of this software is strictly prohibited.  Licensed Products
     communicate with Synopsys servers for the purpose of providing software
    updates, detecting software piracy and verifying that customers are using
    Licensed Products in conformity with the applicable License Key for such
  Licensed Products. Synopsys will use information gathered in connection with
    this process to deliver software updates and pursue software pirates and
                                   infringers.

 Inclusivity & Diversity - Visit SolvNetPlus to read the "Synopsys Statement on
            Inclusivity and Diversity" (Refer to article 000036315 at
                        https://solvnetplus.synopsys.com)

Top Level Modules:
       tb_gate_level_functional
TimeScale is 1 ns / 1 ps
Starting vcs inline pass...
135 modules and 3 UDPs read.
recompiling module tb_gate_level_functional
recompiling module DFFRPQ_X0P5M_A9TR40
recompiling module DFFRPQ_X2M_A9TR40
recompiling module DFFRPQ_X1M_A9TR40
recompiling module DFFSQ_X2M_A9TR40
recompiling module DFFRPQ_X4M_A9TR40
recompiling module DFFRPQ_X3M_A9TR40
recompiling module DFFSQ_X1M_A9TR40
recompiling module DFFSRPQ_X1M_A9TR40
recompiling module OAI21_X1P4M_A9TR40
recompiling module MXIT2_X0P7M_A9TR40
recompiling module NAND2_X1B_A9TR40
recompiling module MXIT2_X1M_A9TR40
recompiling module NAND3_X1A_A9TR40
recompiling module OA21A1OI2_X1P4M_A9TR40
recompiling module AND2_X1M_A9TR40
recompiling module INV_X1M_A9TR40
recompiling module INV_X1B_A9TR40
recompiling module NOR3_X2M_A9TR40
recompiling module NAND2_X2B_A9TR40
recompiling module INV_X2B_A9TR40
recompiling module NOR2XB_X1M_A9TR40
recompiling module NAND2_X3B_A9TR40
recompiling module INV_X3B_A9TR40
recompiling module INV_X1P7B_A9TR40
recompiling module NOR2B_X4M_A9TR40
recompiling module INV_X3M_A9TR40
recompiling module NAND2B_X2M_A9TR40
recompiling module NOR2_X2B_A9TR40
recompiling module NOR2_X3A_A9TR40
recompiling module INV_X2M_A9TR40
recompiling module NOR2_X4M_A9TR40
recompiling module NAND2_X1P4B_A9TR40
recompiling module BUF_X2M_A9TR40
recompiling module NAND2XB_X4M_A9TR40
recompiling module INV_X4M_A9TR40
recompiling module AND2_X2M_A9TR40
recompiling module INV_X5M_A9TR40
recompiling module BUFH_X9M_A9TR40
recompiling module AOI21_X2M_A9TR40
recompiling module AOI211_X1M_A9TR40
recompiling module INV_X0P6M_A9TR40
recompiling module NOR2_X1A_A9TR40
recompiling module INV_X2P5B_A9TR40
recompiling module INV_X5B_A9TR40
recompiling module NOR2_X2M_A9TR40
recompiling module NOR2_X3M_A9TR40
recompiling module AOI21_X1M_A9TR40
recompiling module OR2_X2B_A9TR40
recompiling module OAI21_X2M_A9TR40
50 of 135 modules done
recompiling module AOI22_X2M_A9TR40
recompiling module AO22_X1P4M_A9TR40
recompiling module AO1B2_X3M_A9TR40
recompiling module AOI211_X2M_A9TR40
recompiling module NAND4_X1A_A9TR40
recompiling module OAI31_X1M_A9TR40
recompiling module NOR3_X1M_A9TR40
recompiling module OR2_X1M_A9TR40
recompiling module MXT2_X1M_A9TR40
recompiling module NOR3_X0P5A_A9TR40
recompiling module NOR3_X3M_A9TR40
recompiling module TIELO_X1M_A9TR40
recompiling module NAND4B_X2M_A9TR40
recompiling module NAND4_X2A_A9TR40
recompiling module OAI211_X2M_A9TR40
recompiling module NOR3_X2A_A9TR40
recompiling module BUF_X5M_A9TR40
recompiling module NOR2_X4A_A9TR40
recompiling module NOR3_X1P4M_A9TR40
recompiling module OAI31_X2M_A9TR40
recompiling module OA21_X1M_A9TR40
recompiling module NOR4BB_X2M_A9TR40
recompiling module TIEHI_X1M_A9TR40
recompiling module NOR2_X1M_A9TR40
recompiling module INV_X0P6B_A9TR40
recompiling module BUF_X0P7M_A9TR40
recompiling module NAND3_X1M_A9TR40
recompiling module NAND2_X6B_A9TR40
recompiling module NOR2B_X8M_A9TR40
recompiling module NOR2_X4B_A9TR40
recompiling module NOR2B_X2M_A9TR40
recompiling module AOI31_X6M_A9TR40
recompiling module MXIT2_X3M_A9TR40
recompiling module AOI21B_X6M_A9TR40
recompiling module NAND2_X1P4M_A9TR40
recompiling module NOR3_X3A_A9TR40
recompiling module NOR2_X2A_A9TR40
recompiling module NOR2_X1P4M_A9TR40
recompiling module NOR2B_X6M_A9TR40
recompiling module AOI31_X1M_A9TR40
recompiling module NOR4BB_X4M_A9TR40
recompiling module AOI22BB_X4M_A9TR40
recompiling module AO1B2_X4M_A9TR40
recompiling module NOR2_X8B_A9TR40
recompiling module AND3_X6M_A9TR40
recompiling module OAI211_X1M_A9TR40
recompiling module AOI22_X0P7M_A9TR40
recompiling module INV_X6M_A9TR40
recompiling module AND2_X6B_A9TR40
recompiling module OAI21_X1M_A9TR40
100 of 135 modules done
recompiling module NAND2XB_X1M_A9TR40
recompiling module MXIT2_X1P4M_A9TR40
recompiling module INV_X3P5B_A9TR40
recompiling module XNOR2_X1P4M_A9TR40
recompiling module NAND3BB_X2M_A9TR40
recompiling module AO21A1AI2_X2M_A9TR40
recompiling module NAND2_X4B_A9TR40
recompiling module AND2_X3B_A9TR40
recompiling module AOI31_X1P4M_A9TR40
recompiling module NOR2_X3B_A9TR40
recompiling module OA211_X2M_A9TR40
recompiling module NAND3_X0P7A_A9TR40
recompiling module OAI211_X1P4M_A9TR40
recompiling module OR4_X2M_A9TR40
recompiling module AOI22_X0P5M_A9TR40
recompiling module AO21A1AI2_X1M_A9TR40
recompiling module AOI31_X2M_A9TR40
recompiling module OAI22_X0P7M_A9TR40
recompiling module AOI22_X1M_A9TR40
recompiling module OAI31_X1P4M_A9TR40
recompiling module AOI31_X0P7M_A9TR40
recompiling module NAND2_X0P5B_A9TR40
recompiling module OAI22_X1M_A9TR40
recompiling module NAND3B_X2M_A9TR40
recompiling module AOI21_X0P7M_A9TR40
recompiling module AO21B_X1M_A9TR40
recompiling module NAND4_X4A_A9TR40
recompiling module OA21A1OI2_X1M_A9TR40
recompiling module OAI22_X1P4M_A9TR40
recompiling module NOR3BB_X1M_A9TR40
recompiling module OA21B_X1M_A9TR40
recompiling module AO22_X1M_A9TR40
recompiling module OA21A1OI2_X4M_A9TR40
recompiling module NOR4BB_X1M_A9TR40
recompiling module ftc_sensor_behavior_model
All of 135 modules done
rm -f _cuarc*.so _csrc*.so pre_vcsobj_*.so share_vcsobj_*.so
if [ -x ../simv ]; then chmod a-x ../simv; fi
g++  -o ../simv      -rdynamic -Wl,-rpath='$ORIGIN'/simv.daidir -Wl,-rpath=./simv.daidir -Wl,-rpath=/home/synopsys/vcs/W-2024.09/linux64/lib -L/home/synopsys/vcs/W-2024.09/linux64/lib -Wl,-rpath-link=./  /usr/lib64/libnuma.so.1   objs/amcQw_d.o   _267497_archive_1.so objs/udps/FLi3i.o objs/udps/tkfVG.o objs/udps/r3nZP.o   SIM_l.o      rmapats_mop.o rmapats.o rmar.o rmar_nd.o  rmar_llvm_0_1.o rmar_llvm_0_0.o            -lerrorinf -lsnpsmalloc -lvfs    -lvcsnew -lsimprofile -lvirsim -luclinative /home/synopsys/vcs/W-2024.09/linux64/lib/vcs_tls.o   -Wl,-whole-archive  -lvcsucli    -Wl,-no-whole-archive        _vcs_pli_stub_.o   /home/synopsys/vcs/W-2024.09/linux64/lib/vcs_save_restore_new.o /home/synopsys/verdi/W-2024.09/share/PLI/VCS/LINUX64/pli.a -ldl  -lc -lm -lpthread -ldl 
../simv up to date
Notice: timing checks disabled with +notimingcheck at compile-time
Chronologic VCS simulator copyright 1991-2024
Contains Synopsys proprietary information.
Compiler version W-2024.09_Full64; Runtime version W-2024.09_Full64;  Aug 20 12:21 2026

========================================
Phase 8A: Gate-Level Functional Simulation
========================================

[115000] Starting test: Nominal 0.80V
  Scenario: 0p80V
  Expected: M7/F6
[SENSOR_MODEL] Loading scenario: 0p80V
[SENSOR_MODEL] 0.80V: Boundary M9, selected M7, fine boundary F5, final M7/F6
[SENSOR_MODEL] Loaded 22 response entries
[135000] STATUS CHANGE: busy=1 done=0 fail=0
[145000] DEBUG: Post-reset state:
  ctrl_por_n=1 cal_start=0
  cal_busy=1 cal_done=0 cal_fail=0 lock_valid=0
  fsm_state=00001 medium_code=00000 fine_code=0000
[165000] [SENSOR_MODEL] S_CLK edge detected, M=0 F=0 → Q=1 (probe #1)
[285000] [SENSOR_MODEL] S_CLK edge detected, M=0 F=0 → Q=1 (probe #2)
[455000] [SENSOR_MODEL] S_CLK edge detected, M=1 F=0 → Q=1 (probe #3)
[575000] [SENSOR_MODEL] S_CLK edge detected, M=1 F=0 → Q=1 (probe #4)
[745000] [SENSOR_MODEL] S_CLK edge detected, M=2 F=0 → Q=1 (probe #5)
[865000] [SENSOR_MODEL] S_CLK edge detected, M=2 F=0 → Q=1 (probe #6)
[1035000] [SENSOR_MODEL] S_CLK edge detected, M=3 F=0 → Q=1 (probe #7)
[1155000] [SENSOR_MODEL] S_CLK edge detected, M=3 F=0 → Q=1 (probe #8)
[1325000] [SENSOR_MODEL] S_CLK edge detected, M=4 F=0 → Q=1 (probe #9)
[1445000] [SENSOR_MODEL] S_CLK edge detected, M=4 F=0 → Q=1 (probe #10)
[1615000] [SENSOR_MODEL] S_CLK edge detected, M=5 F=0 → Q=1 (probe #11)
[1735000] [SENSOR_MODEL] S_CLK edge detected, M=5 F=0 → Q=1 (probe #12)
[1905000] [SENSOR_MODEL] S_CLK edge detected, M=6 F=0 → Q=1 (probe #13)
[2025000] [SENSOR_MODEL] S_CLK edge detected, M=6 F=0 → Q=1 (probe #14)
[2195000] [SENSOR_MODEL] S_CLK edge detected, M=7 F=0 → Q=1 (probe #15)
[2315000] [SENSOR_MODEL] S_CLK edge detected, M=7 F=0 → Q=1 (probe #16)
[2485000] [SENSOR_MODEL] S_CLK edge detected, M=8 F=0 → Q=1 (probe #17)
[2605000] [SENSOR_MODEL] S_CLK edge detected, M=8 F=0 → Q=1 (probe #18)
[2775000] [SENSOR_MODEL] S_CLK edge detected, M=9 F=0 → Q=0 (probe #19)
[2895000] [SENSOR_MODEL] S_CLK edge detected, M=9 F=0 → Q=0 (probe #20)
[3105000] [SENSOR_MODEL] S_CLK edge detected, M=7 F=0 → Q=1 (probe #21)
[3275000] [SENSOR_MODEL] S_CLK edge detected, M=7 F=1 → Q=1 (probe #22)
[3445000] [SENSOR_MODEL] S_CLK edge detected, M=7 F=2 → Q=1 (probe #23)
[3615000] [SENSOR_MODEL] S_CLK edge detected, M=7 F=3 → Q=1 (probe #24)
[3785000] [SENSOR_MODEL] S_CLK edge detected, M=7 F=4 → Q=1 (probe #25)
[3955000] [SENSOR_MODEL] S_CLK edge detected, M=7 F=5 → Q=0 (probe #26)
[4125000] [SENSOR_MODEL] S_CLK edge detected, M=7 F=6 → Q=0 (probe #27)
[4245000] [SENSOR_MODEL] S_CLK edge detected, M=7 F=6 → Q=0 (probe #28)
[4345000] STATUS CHANGE: busy=0 done=1 fail=0

  Calibration completed at t=4355000 (duration=4230 ns)
  Final configuration: M7/F6
  Status: cal_done=1, cal_fail=0, lock_valid=1
  PASS: Configuration matches expected values
  Operation count (approximate): 28
[4405000] STATUS CHANGE: busy=0 done=0 fail=0

[4525000] Starting test: Nominal 0.95V
  Scenario: 0p95V
  Expected: M4/F6
[SENSOR_MODEL] Loading scenario: 0p95V
[SENSOR_MODEL] 0.95V: Boundary M6, selected M4, fine boundary F5, final M4/F6
[SENSOR_MODEL] Loaded 13 response entries
[4545000] STATUS CHANGE: busy=1 done=0 fail=0
[4575000] [SENSOR_MODEL] S_CLK edge detected, M=0 F=0 → Q=1 (probe #29)
[4695000] [SENSOR_MODEL] S_CLK edge detected, M=0 F=0 → Q=1 (probe #30)
[4865000] [SENSOR_MODEL] S_CLK edge detected, M=1 F=0 → Q=1 (probe #31)
[4985000] [SENSOR_MODEL] S_CLK edge detected, M=1 F=0 → Q=1 (probe #32)
[5155000] [SENSOR_MODEL] S_CLK edge detected, M=2 F=0 → Q=1 (probe #33)
[5275000] [SENSOR_MODEL] S_CLK edge detected, M=2 F=0 → Q=1 (probe #34)
[5445000] [SENSOR_MODEL] S_CLK edge detected, M=3 F=0 → Q=1 (probe #35)
[5565000] [SENSOR_MODEL] S_CLK edge detected, M=3 F=0 → Q=1 (probe #36)
[5735000] [SENSOR_MODEL] S_CLK edge detected, M=4 F=0 → Q=1 (probe #37)
[5855000] [SENSOR_MODEL] S_CLK edge detected, M=4 F=0 → Q=1 (probe #38)
[6025000] [SENSOR_MODEL] S_CLK edge detected, M=5 F=0 → Q=1 (probe #39)
[6145000] [SENSOR_MODEL] S_CLK edge detected, M=5 F=0 → Q=1 (probe #40)
[6315000] [SENSOR_MODEL] S_CLK edge detected, M=6 F=0 → Q=0 (probe #41)
[6435000] [SENSOR_MODEL] S_CLK edge detected, M=6 F=0 → Q=0 (probe #42)
[6645000] [SENSOR_MODEL] S_CLK edge detected, M=4 F=0 → Q=1 (probe #43)
[6815000] [SENSOR_MODEL] S_CLK edge detected, M=4 F=1 → Q=1 (probe #44)
[6985000] [SENSOR_MODEL] S_CLK edge detected, M=4 F=2 → Q=1 (probe #45)
[7155000] [SENSOR_MODEL] S_CLK edge detected, M=4 F=3 → Q=1 (probe #46)
[7325000] [SENSOR_MODEL] S_CLK edge detected, M=4 F=4 → Q=1 (probe #47)
[7495000] [SENSOR_MODEL] S_CLK edge detected, M=4 F=5 → Q=0 (probe #48)
[7665000] [SENSOR_MODEL] S_CLK edge detected, M=4 F=6 → Q=0 (probe #49)
[7785000] [SENSOR_MODEL] S_CLK edge detected, M=4 F=6 → Q=0 (probe #50)
[7885000] STATUS CHANGE: busy=0 done=1 fail=0

  Calibration completed at t=7895000 (duration=3360 ns)
  Final configuration: M4/F6
  Status: cal_done=1, cal_fail=0, lock_valid=1
  PASS: Configuration matches expected values
  Operation count (approximate): 22
[7945000] STATUS CHANGE: busy=0 done=0 fail=0

[8065000] Starting test: Nominal 1.10V
  Scenario: 1p10V
  Expected: M2/F9
[SENSOR_MODEL] Loading scenario: 1p10V
[SENSOR_MODEL] 1.10V: Boundary M4, selected M2, fine boundary F8, final M2/F9
[SENSOR_MODEL] Loaded 14 response entries
[8085000] STATUS CHANGE: busy=1 done=0 fail=0
[8115000] [SENSOR_MODEL] S_CLK edge detected, M=0 F=0 → Q=1 (probe #51)
[8235000] [SENSOR_MODEL] S_CLK edge detected, M=0 F=0 → Q=1 (probe #52)
[8405000] [SENSOR_MODEL] S_CLK edge detected, M=1 F=0 → Q=1 (probe #53)
[8525000] [SENSOR_MODEL] S_CLK edge detected, M=1 F=0 → Q=1 (probe #54)
[8695000] [SENSOR_MODEL] S_CLK edge detected, M=2 F=0 → Q=1 (probe #55)
[8815000] [SENSOR_MODEL] S_CLK edge detected, M=2 F=0 → Q=1 (probe #56)
[8985000] [SENSOR_MODEL] S_CLK edge detected, M=3 F=0 → Q=1 (probe #57)
[9105000] [SENSOR_MODEL] S_CLK edge detected, M=3 F=0 → Q=1 (probe #58)
[9275000] [SENSOR_MODEL] S_CLK edge detected, M=4 F=0 → Q=0 (probe #59)
[9395000] [SENSOR_MODEL] S_CLK edge detected, M=4 F=0 → Q=0 (probe #60)
[9605000] [SENSOR_MODEL] S_CLK edge detected, M=2 F=0 → Q=1 (probe #61)
[9775000] [SENSOR_MODEL] S_CLK edge detected, M=2 F=1 → Q=1 (probe #62)
[9945000] [SENSOR_MODEL] S_CLK edge detected, M=2 F=2 → Q=1 (probe #63)
[10115000] [SENSOR_MODEL] S_CLK edge detected, M=2 F=3 → Q=1 (probe #64)
[10285000] [SENSOR_MODEL] S_CLK edge detected, M=2 F=4 → Q=1 (probe #65)
[10455000] [SENSOR_MODEL] S_CLK edge detected, M=2 F=5 → Q=1 (probe #66)
[10625000] [SENSOR_MODEL] S_CLK edge detected, M=2 F=6 → Q=1 (probe #67)
[10795000] [SENSOR_MODEL] S_CLK edge detected, M=2 F=7 → Q=1 (probe #68)
[10965000] [SENSOR_MODEL] S_CLK edge detected, M=2 F=8 → Q=0 (probe #69)
[11135000] [SENSOR_MODEL] S_CLK edge detected, M=2 F=9 → Q=0 (probe #70)
[11255000] [SENSOR_MODEL] S_CLK edge detected, M=2 F=9 → Q=0 (probe #71)
[11355000] STATUS CHANGE: busy=0 done=1 fail=0

  Calibration completed at t=11365000 (duration=3290 ns)
  Final configuration: M2/F9
  Status: cal_done=1, cal_fail=0, lock_valid=1
  PASS: Configuration matches expected values
  Operation count (approximate): 21

========================================
Phase 8A: All Tests Complete
========================================
Gate-level netlist successfully verified.
All scenarios matched RTL behavior.

$finish called from file "/home/zhupl25/chiplet_side_channel/chiplet_gds_data/power_macro/delay_chain/ftc/controller/analysis/phase8_gate_level/functional/tb_gate_level_functional.sv", line 257.
$finish at simulation time             11415000
           V C S   S i m u l a t i o n   R e p o r t 
Time: 11415000 ps
CPU Time:      0.730 seconds;       Data structure size:   0.1Mb
Thu Aug 20 12:21:42 2026
CPU time: 2.405 seconds to compile + 1.088 seconds to elab + .670 seconds to link + .792 seconds in simulation
