Doing common elaboration 
                         Chronologic VCS (TM)
         Version W-2024.09_Full64 -- Thu Aug 20 12:27:38 2026

                    Copyright (c) 1991 - 2024 Synopsys, Inc.
   This software and the associated documentation are proprietary to Synopsys,
 Inc. This software may only be used in accordance with the terms and conditions
 of a written license agreement with Synopsys, Inc. All other use, reproduction,
   or distribution of this software is strictly prohibited.  Licensed Products
     communicate with Synopsys servers for the purpose of providing software
    updates, detecting software piracy and verifying that customers are using
    Licensed Products in conformity with the applicable License Key for such
  Licensed Products. Synopsys will use information gathered in connection with
    this process to deliver software updates and pursue software pirates and
                                   infringers.

 Inclusivity & Diversity - Visit SolvNetPlus to read the "Synopsys Statement on
            Inclusivity and Diversity" (Refer to article 000036315 at
                        https://solvnetplus.synopsys.com)

Top Level Modules:
       tb_delayed_gate_level
TimeScale is 1 ns / 1 ps

   ***   $sdf_annotate() version 1.2R
   ***    SDF file: "/home/zhupl25/chiplet_side_channel/chiplet_gds_data/power_macro/delay_chain/ftc/controller/analysis/phase8_gate_level/delayed/../../../synthesis/netlist/ftc_cal_controller_top_synth.sdf"
   ***    Annotation scope: tb_delayed_gate_level.dut
   ***    MTM selection: "MAXIMUM"
   ***    No SCALE FACTORS argument specified
   ***    No SCALE TYPE argument specified
   ***    SCALE FACTORS defaulted to "1.0:1.0:1.0":
   ***    SCALE TYPE defaulted to: "FROM_MTM"
   ***    Turnoff delay: "FROM_FILE"
   ***    Approximation (mipd) policy: "MAXIMUM"

   ***    SDF annotation begin: Thu Aug 20 12:27:39 2026


SDF Info: +pulse_r/100, +pulse_e/100 in effect

Warning-[SDFCOM_NDI] Negative Delay Ignored
/home/zhupl25/chiplet_side_channel/chiplet_gds_data/power_macro/delay_chain/ftc/controller/analysis/phase8_gate_level/delayed/../../../synthesis/netlist/ftc_cal_controller_top_synth.sdf, 1287
module: NAND2_X1B_A9TR40, "instance: tb_delayed_gate_level.dut.U779"
  SDF Warning: Negative delay is ignored and replaced by 0.
  Please use -negdelay to support it. 


Warning-[SDFCOM_NDI] Negative Delay Ignored
/home/zhupl25/chiplet_side_channel/chiplet_gds_data/power_macro/delay_chain/ftc/controller/analysis/phase8_gate_level/delayed/../../../synthesis/netlist/ftc_cal_controller_top_synth.sdf, 1288
module: NAND2_X1B_A9TR40, "instance: tb_delayed_gate_level.dut.U779"
  SDF Warning: Negative delay is ignored and replaced by 0.
  Please use -negdelay to support it. 


Warning-[SDFCOM_NDI] Negative Delay Ignored
/home/zhupl25/chiplet_side_channel/chiplet_gds_data/power_macro/delay_chain/ftc/controller/analysis/phase8_gate_level/delayed/../../../synthesis/netlist/ftc_cal_controller_top_synth.sdf, 1315
module: AOI21_X1M_A9TR40, "instance: tb_delayed_gate_level.dut.U777"
  SDF Warning: Negative delay is ignored and replaced by 0.
  Please use -negdelay to support it. 


Warning-[SDFCOM_NDI] Negative Delay Ignored
/home/zhupl25/chiplet_side_channel/chiplet_gds_data/power_macro/delay_chain/ftc/controller/analysis/phase8_gate_level/delayed/../../../synthesis/netlist/ftc_cal_controller_top_synth.sdf, 1316
module: AOI21_X1M_A9TR40, "instance: tb_delayed_gate_level.dut.U777"
  SDF Warning: Negative delay is ignored and replaced by 0.
  Please use -negdelay to support it. 


Warning-[SDFCOM_NDI] Negative Delay Ignored
/home/zhupl25/chiplet_side_channel/chiplet_gds_data/power_macro/delay_chain/ftc/controller/analysis/phase8_gate_level/delayed/../../../synthesis/netlist/ftc_cal_controller_top_synth.sdf, 1317
module: AOI21_X1M_A9TR40, "instance: tb_delayed_gate_level.dut.U777"
  SDF Warning: Negative delay is ignored and replaced by 0.
  Please use -negdelay to support it. 


Warning-[SDFCOM_NDI] Negative Delay Ignored
/home/zhupl25/chiplet_side_channel/chiplet_gds_data/power_macro/delay_chain/ftc/controller/analysis/phase8_gate_level/delayed/../../../synthesis/netlist/ftc_cal_controller_top_synth.sdf, 1362
module: OAI21_X1M_A9TR40, "instance: tb_delayed_gate_level.dut.U773"
  SDF Warning: Negative delay is ignored and replaced by 0.
  Please use -negdelay to support it. 


Warning-[SDFCOM_NDI] Negative Delay Ignored
/home/zhupl25/chiplet_side_channel/chiplet_gds_data/power_macro/delay_chain/ftc/controller/analysis/phase8_gate_level/delayed/../../../synthesis/netlist/ftc_cal_controller_top_synth.sdf, 1363
module: OAI21_X1M_A9TR40, "instance: tb_delayed_gate_level.dut.U773"
  SDF Warning: Negative delay is ignored and replaced by 0.
  Please use -negdelay to support it. 


Warning-[SDFCOM_NDI] Negative Delay Ignored
/home/zhupl25/chiplet_side_channel/chiplet_gds_data/power_macro/delay_chain/ftc/controller/analysis/phase8_gate_level/delayed/../../../synthesis/netlist/ftc_cal_controller_top_synth.sdf, 1364
module: OAI21_X1M_A9TR40, "instance: tb_delayed_gate_level.dut.U773"
  SDF Warning: Negative delay is ignored and replaced by 0.
  Please use -negdelay to support it. 


Warning-[SDFCOM_NDI] Negative Delay Ignored
/home/zhupl25/chiplet_side_channel/chiplet_gds_data/power_macro/delay_chain/ftc/controller/analysis/phase8_gate_level/delayed/../../../synthesis/netlist/ftc_cal_controller_top_synth.sdf, 1385
module: OAI21_X1M_A9TR40, "instance: tb_delayed_gate_level.dut.U771"
  SDF Warning: Negative delay is ignored and replaced by 0.
  Please use -negdelay to support it. 

All future warnings not reported; use +sdfverbose to report them.

Warning-[SDFCOM_NDI] Negative Delay Ignored
/home/zhupl25/chiplet_side_channel/chiplet_gds_data/power_macro/delay_chain/ftc/controller/analysis/phase8_gate_level/delayed/../../../synthesis/netlist/ftc_cal_controller_top_synth.sdf, 1386
module: OAI21_X1M_A9TR40, "instance: tb_delayed_gate_level.dut.U771"
  SDF Warning: Negative delay is ignored and replaced by 0.
  Please use -negdelay to support it. 


Warning-[SDFCOM_NNTC] Need timing check option +neg_tchk
/home/zhupl25/chiplet_side_channel/chiplet_gds_data/power_macro/delay_chain/ftc/controller/analysis/phase8_gate_level/delayed/../../../synthesis/netlist/ftc_cal_controller_top_synth.sdf, 6089
module: DFFSRPQ_X1M_A9TR40, "instance: tb_delayed_gate_level.dut.\u_cfg_regs/medium_therm_o_reg[4] "
  SDF Error: Negative HOLD value replaced by 0.          
  Add +neg_tchk to consider Negative delay value.


Warning-[SDFCOM_NNTC] Need timing check option +neg_tchk
/home/zhupl25/chiplet_side_channel/chiplet_gds_data/power_macro/delay_chain/ftc/controller/analysis/phase8_gate_level/delayed/../../../synthesis/netlist/ftc_cal_controller_top_synth.sdf, 6094
module: DFFSRPQ_X1M_A9TR40, "instance: tb_delayed_gate_level.dut.\u_cfg_regs/medium_therm_o_reg[4] "
  SDF Error: Negative HOLD value replaced by 0.          
  Add +neg_tchk to consider Negative delay value.


Warning-[SDFCOM_NNTC] Need timing check option +neg_tchk
/home/zhupl25/chiplet_side_channel/chiplet_gds_data/power_macro/delay_chain/ftc/controller/analysis/phase8_gate_level/delayed/../../../synthesis/netlist/ftc_cal_controller_top_synth.sdf, 6095
module: DFFSRPQ_X1M_A9TR40, "instance: tb_delayed_gate_level.dut.\u_cfg_regs/medium_therm_o_reg[4] "
  SDF Error: Negative RECOVERY value replaced by 0.          
  Add +neg_tchk to consider Negative delay value.


Warning-[SDFCOM_NNTC] Need timing check option +neg_tchk
/home/zhupl25/chiplet_side_channel/chiplet_gds_data/power_macro/delay_chain/ftc/controller/analysis/phase8_gate_level/delayed/../../../synthesis/netlist/ftc_cal_controller_top_synth.sdf, 6112
module: DFFRPQ_X1M_A9TR40, "instance: tb_delayed_gate_level.dut.\u_cfg_regs/medium_therm_o_reg[1] "
  SDF Error: Negative HOLD value replaced by 0.          
  Add +neg_tchk to consider Negative delay value.


Warning-[SDFCOM_NNTC] Need timing check option +neg_tchk
/home/zhupl25/chiplet_side_channel/chiplet_gds_data/power_macro/delay_chain/ftc/controller/analysis/phase8_gate_level/delayed/../../../synthesis/netlist/ftc_cal_controller_top_synth.sdf, 6117
module: DFFRPQ_X1M_A9TR40, "instance: tb_delayed_gate_level.dut.\u_cfg_regs/medium_therm_o_reg[1] "
  SDF Error: Negative HOLD value replaced by 0.          
  Add +neg_tchk to consider Negative delay value.


Warning-[SDFCOM_NNTC] Need timing check option +neg_tchk
/home/zhupl25/chiplet_side_channel/chiplet_gds_data/power_macro/delay_chain/ftc/controller/analysis/phase8_gate_level/delayed/../../../synthesis/netlist/ftc_cal_controller_top_synth.sdf, 6133
module: DFFRPQ_X1M_A9TR40, "instance: tb_delayed_gate_level.dut.\u_cfg_regs/medium_therm_o_reg[12] "
  SDF Error: Negative HOLD value replaced by 0.          
  Add +neg_tchk to consider Negative delay value.


Warning-[SDFCOM_NNTC] Need timing check option +neg_tchk
/home/zhupl25/chiplet_side_channel/chiplet_gds_data/power_macro/delay_chain/ftc/controller/analysis/phase8_gate_level/delayed/../../../synthesis/netlist/ftc_cal_controller_top_synth.sdf, 6138
module: DFFRPQ_X1M_A9TR40, "instance: tb_delayed_gate_level.dut.\u_cfg_regs/medium_therm_o_reg[12] "
  SDF Error: Negative HOLD value replaced by 0.          
  Add +neg_tchk to consider Negative delay value.


Warning-[SDFCOM_NNTC] Need timing check option +neg_tchk
/home/zhupl25/chiplet_side_channel/chiplet_gds_data/power_macro/delay_chain/ftc/controller/analysis/phase8_gate_level/delayed/../../../synthesis/netlist/ftc_cal_controller_top_synth.sdf, 6154
module: DFFRPQ_X1M_A9TR40, "instance: tb_delayed_gate_level.dut.\u_cfg_regs/medium_therm_o_reg[7] "
  SDF Error: Negative HOLD value replaced by 0.          
  Add +neg_tchk to consider Negative delay value.


Warning-[SDFCOM_NNTC] Need timing check option +neg_tchk
/home/zhupl25/chiplet_side_channel/chiplet_gds_data/power_macro/delay_chain/ftc/controller/analysis/phase8_gate_level/delayed/../../../synthesis/netlist/ftc_cal_controller_top_synth.sdf, 6159
module: DFFRPQ_X1M_A9TR40, "instance: tb_delayed_gate_level.dut.\u_cfg_regs/medium_therm_o_reg[7] "
  SDF Error: Negative HOLD value replaced by 0.          
  Add +neg_tchk to consider Negative delay value.


Warning-[SDFCOM_NNTC] Need timing check option +neg_tchk
/home/zhupl25/chiplet_side_channel/chiplet_gds_data/power_macro/delay_chain/ftc/controller/analysis/phase8_gate_level/delayed/../../../synthesis/netlist/ftc_cal_controller_top_synth.sdf, 6175
module: DFFRPQ_X1M_A9TR40, "instance: tb_delayed_gate_level.dut.\u_fsm/cal_fail_q_reg "
  SDF Error: Negative HOLD value replaced by 0.          
  Add +neg_tchk to consider Negative delay value.

All future errors not reported; use +sdfverbose to report them.

          Total errors: 150
          Total warnings: 508
   ***    SDF annotation completed: Thu Aug 20 12:27:39 2026


Starting vcs inline pass...
146 modules and 3 UDPs read.
recompiling module SdfDummyMod
recompiling module tb_delayed_gate_level
recompiling module ftc_cal_controller_top
recompiling module DFFRPQ_X0P5M_A9TR40
recompiling module DFFRPQ_X2M_A9TR40
recompiling module DFFRPQ_X1M_A9TR40
recompiling module DFFSQ_X2M_A9TR40
recompiling module DFFRPQ_X4M_A9TR40
recompiling module DFFRPQ_X3M_A9TR40
recompiling module DFFSQ_X1M_A9TR40
recompiling module DFFSRPQ_X1M_A9TR40
recompiling module DFFSQ_X0P5M_A9TR40
recompiling module OAI21_X1P4M_A9TR40
recompiling module MXIT2_X0P7M_A9TR40
recompiling module NAND2_X1B_A9TR40
recompiling module MXIT2_X1M_A9TR40
recompiling module NAND3_X1A_A9TR40
recompiling module OA21A1OI2_X1P4M_A9TR40
recompiling module OA1B2_X2M_A9TR40
recompiling module AND2_X1M_A9TR40
recompiling module INV_X1M_A9TR40
recompiling module BUF_X1M_A9TR40
recompiling module INV_X1B_A9TR40
recompiling module NOR3_X2M_A9TR40
recompiling module NAND3_X1P4M_A9TR40
recompiling module OAI31_X3M_A9TR40
recompiling module NAND2_X2B_A9TR40
recompiling module NAND4_X3A_A9TR40
recompiling module NAND2XB_X3M_A9TR40
recompiling module INV_X2B_A9TR40
recompiling module NOR2XB_X1M_A9TR40
recompiling module NAND2_X3B_A9TR40
recompiling module OAI21_X4M_A9TR40
recompiling module INV_X3B_A9TR40
recompiling module INV_X1P7B_A9TR40
recompiling module NOR2B_X4M_A9TR40
recompiling module OAI21_X3M_A9TR40
recompiling module INV_X3M_A9TR40
recompiling module NAND2B_X2M_A9TR40
recompiling module NOR2_X2B_A9TR40
recompiling module NOR2_X3A_A9TR40
recompiling module INV_X2M_A9TR40
recompiling module NOR2_X4M_A9TR40
recompiling module NAND2_X1P4B_A9TR40
recompiling module BUF_X2M_A9TR40
recompiling module NAND2XB_X4M_A9TR40
recompiling module INV_X4M_A9TR40
recompiling module AND2_X2M_A9TR40
recompiling module INV_X5M_A9TR40
recompiling module BUFH_X9M_A9TR40
50 of 146 modules done
recompiling module AOI21_X2M_A9TR40
recompiling module AOI211_X1M_A9TR40
recompiling module INV_X0P6M_A9TR40
recompiling module NOR2_X1A_A9TR40
recompiling module INV_X2P5B_A9TR40
recompiling module INV_X5B_A9TR40
recompiling module NOR2_X2M_A9TR40
recompiling module NOR2_X3M_A9TR40
recompiling module AOI21_X1M_A9TR40
recompiling module OR2_X2B_A9TR40
recompiling module OAI21_X2M_A9TR40
recompiling module AOI22_X2M_A9TR40
recompiling module AO22_X1P4M_A9TR40
recompiling module AO1B2_X3M_A9TR40
recompiling module AOI211_X2M_A9TR40
recompiling module NAND4_X1A_A9TR40
recompiling module OAI31_X1M_A9TR40
recompiling module NOR3_X1M_A9TR40
recompiling module OR2_X1M_A9TR40
recompiling module MXT2_X1M_A9TR40
recompiling module NOR3_X0P5A_A9TR40
recompiling module NOR3_X3M_A9TR40
recompiling module TIELO_X1M_A9TR40
recompiling module NAND4B_X2M_A9TR40
recompiling module NAND4_X2A_A9TR40
recompiling module OAI211_X2M_A9TR40
recompiling module NOR3_X2A_A9TR40
recompiling module BUF_X5M_A9TR40
recompiling module NOR2_X4A_A9TR40
recompiling module NOR3_X1P4M_A9TR40
recompiling module OAI31_X2M_A9TR40
recompiling module OA21_X1M_A9TR40
recompiling module NOR4BB_X2M_A9TR40
recompiling module TIEHI_X1M_A9TR40
recompiling module NOR2_X1M_A9TR40
recompiling module INV_X0P6B_A9TR40
recompiling module BUF_X0P7M_A9TR40
recompiling module NAND3_X1M_A9TR40
recompiling module NAND2_X6B_A9TR40
recompiling module NOR2B_X8M_A9TR40
recompiling module NOR2_X4B_A9TR40
recompiling module NOR2B_X2M_A9TR40
recompiling module AOI31_X6M_A9TR40
recompiling module MXIT2_X3M_A9TR40
recompiling module AOI21B_X6M_A9TR40
recompiling module NAND2_X1P4M_A9TR40
recompiling module NOR3_X3A_A9TR40
recompiling module NOR2_X2A_A9TR40
recompiling module NOR2_X1P4M_A9TR40
recompiling module NOR2B_X6M_A9TR40
100 of 146 modules done
recompiling module AOI31_X1M_A9TR40
recompiling module NOR4BB_X4M_A9TR40
recompiling module AOI22BB_X4M_A9TR40
recompiling module AO1B2_X4M_A9TR40
recompiling module NOR2_X8B_A9TR40
recompiling module AND3_X6M_A9TR40
recompiling module OAI211_X1M_A9TR40
recompiling module AOI22_X0P7M_A9TR40
recompiling module INV_X6M_A9TR40
recompiling module AND2_X6B_A9TR40
recompiling module OAI21_X1M_A9TR40
recompiling module NAND2XB_X1M_A9TR40
recompiling module MXIT2_X1P4M_A9TR40
recompiling module INV_X3P5B_A9TR40
recompiling module XNOR2_X1P4M_A9TR40
recompiling module NAND3BB_X2M_A9TR40
recompiling module AO21A1AI2_X2M_A9TR40
recompiling module NAND2_X4B_A9TR40
recompiling module AND2_X3B_A9TR40
recompiling module AOI31_X1P4M_A9TR40
recompiling module NOR2_X3B_A9TR40
recompiling module OA211_X2M_A9TR40
recompiling module NAND3_X0P7A_A9TR40
recompiling module OAI211_X1P4M_A9TR40
recompiling module OR4_X2M_A9TR40
recompiling module AOI22_X0P5M_A9TR40
recompiling module AO21A1AI2_X1M_A9TR40
recompiling module AOI31_X2M_A9TR40
recompiling module OAI22_X0P7M_A9TR40
recompiling module AOI22_X1M_A9TR40
recompiling module OAI31_X1P4M_A9TR40
recompiling module AOI31_X0P7M_A9TR40
recompiling module NAND2_X0P5B_A9TR40
recompiling module OAI22_X1M_A9TR40
recompiling module NAND3B_X2M_A9TR40
recompiling module AOI21_X0P7M_A9TR40
recompiling module AO21B_X1M_A9TR40
recompiling module NAND4_X4A_A9TR40
recompiling module OA21A1OI2_X1M_A9TR40
recompiling module OAI22_X1P4M_A9TR40
recompiling module NOR3BB_X1M_A9TR40
recompiling module OA21B_X1M_A9TR40
recompiling module AO22_X1M_A9TR40
recompiling module OA21A1OI2_X4M_A9TR40
recompiling module NOR4BB_X1M_A9TR40
recompiling module ftc_sensor_behavior_model
All of 146 modules done
rm -f _cuarc*.so _csrc*.so pre_vcsobj_*.so share_vcsobj_*.so
if [ -x ../simv ]; then chmod a-x ../simv; fi
g++  -o ../simv      -rdynamic -Wl,-rpath='$ORIGIN'/simv.daidir -Wl,-rpath=./simv.daidir -Wl,-rpath=/home/synopsys/vcs/W-2024.09/linux64/lib -L/home/synopsys/vcs/W-2024.09/linux64/lib -Wl,-rpath-link=./  /usr/lib64/libnuma.so.1   objs/amcQw_d.o   _271813_archive_1.so objs/udps/FLi3i.o objs/udps/tkfVG.o objs/udps/r3nZP.o   SIM_l.o      rmapats_mop.o rmapats.o rmar.o rmar_nd.o  rmar_llvm_0_1.o rmar_llvm_0_0.o            -lerrorinf -lsnpsmalloc -lvfs    -lvcsnew -lsimprofile -lvirsim -luclinative /home/synopsys/vcs/W-2024.09/linux64/lib/vcs_tls.o   -Wl,-whole-archive  -lvcsucli    -Wl,-no-whole-archive        _vcs_pli_stub_.o   /home/synopsys/vcs/W-2024.09/linux64/lib/vcs_save_restore_new.o /home/synopsys/verdi/W-2024.09/share/PLI/VCS/LINUX64/pli.a -ldl  -lc -lm -lpthread -ldl 
../simv up to date
Chronologic VCS simulator copyright 1991-2024
Contains Synopsys proprietary information.
Compiler version W-2024.09_Full64; Runtime version W-2024.09_Full64;  Aug 20 12:27 2026
Doing SDF annotation ...... Done

========================================
Phase 8B: Delayed Gate-Level Simulation
========================================
SDF back-annotation: ENABLED
Timing checks: ENABLED

[SENSOR_MODEL] Loading scenario: 0p80V
[SENSOR_MODEL] 0.80V: Boundary M9, selected M7, fine boundary F5, final M7/F6
[SENSOR_MODEL] Loaded 22 response entries
[115000] Starting calibration (0.80V scenario)
  Expected: M7/F6

[165000] PROTOCOL: S_CLK rising edge #1
[165000] [SENSOR_MODEL] S_CLK edge detected, M=0 F=0 → Q=1 (probe #1)
[285000] PROTOCOL: S_CLK rising edge #2
[285000] [SENSOR_MODEL] S_CLK edge detected, M=0 F=0 → Q=1 (probe #2)
[455000] PROTOCOL: S_CLK rising edge #3
[455000] [SENSOR_MODEL] S_CLK edge detected, M=1 F=0 → Q=1 (probe #3)
[575000] PROTOCOL: S_CLK rising edge #4
[575000] [SENSOR_MODEL] S_CLK edge detected, M=1 F=0 → Q=1 (probe #4)
[745000] PROTOCOL: S_CLK rising edge #5
[745000] [SENSOR_MODEL] S_CLK edge detected, M=2 F=0 → Q=1 (probe #5)
[865000] PROTOCOL: S_CLK rising edge #6
[865000] [SENSOR_MODEL] S_CLK edge detected, M=2 F=0 → Q=1 (probe #6)
[1035000] PROTOCOL: S_CLK rising edge #7
[1035000] [SENSOR_MODEL] S_CLK edge detected, M=3 F=0 → Q=1 (probe #7)
[1155000] PROTOCOL: S_CLK rising edge #8
[1155000] [SENSOR_MODEL] S_CLK edge detected, M=3 F=0 → Q=1 (probe #8)
[1325000] PROTOCOL: S_CLK rising edge #9
[1325000] [SENSOR_MODEL] S_CLK edge detected, M=4 F=0 → Q=1 (probe #9)
[1445000] PROTOCOL: S_CLK rising edge #10
[1445000] [SENSOR_MODEL] S_CLK edge detected, M=4 F=0 → Q=1 (probe #10)
[1615000] PROTOCOL: S_CLK rising edge #11
[1615000] [SENSOR_MODEL] S_CLK edge detected, M=5 F=0 → Q=1 (probe #11)
[1735000] PROTOCOL: S_CLK rising edge #12
[1735000] [SENSOR_MODEL] S_CLK edge detected, M=5 F=0 → Q=1 (probe #12)
[1905000] PROTOCOL: S_CLK rising edge #13
[1905000] [SENSOR_MODEL] S_CLK edge detected, M=6 F=0 → Q=1 (probe #13)
[2025000] PROTOCOL: S_CLK rising edge #14
[2025000] [SENSOR_MODEL] S_CLK edge detected, M=6 F=0 → Q=1 (probe #14)
[2195000] PROTOCOL: S_CLK rising edge #15
[2195000] [SENSOR_MODEL] S_CLK edge detected, M=7 F=0 → Q=1 (probe #15)
[2315000] PROTOCOL: S_CLK rising edge #16
[2315000] [SENSOR_MODEL] S_CLK edge detected, M=7 F=0 → Q=1 (probe #16)
[2485000] PROTOCOL: S_CLK rising edge #17
[2485000] [SENSOR_MODEL] S_CLK edge detected, M=8 F=0 → Q=1 (probe #17)
[2605000] PROTOCOL: S_CLK rising edge #18
[2605000] [SENSOR_MODEL] S_CLK edge detected, M=8 F=0 → Q=1 (probe #18)
[2775000] PROTOCOL: S_CLK rising edge #19
[2775000] [SENSOR_MODEL] S_CLK edge detected, M=9 F=0 → Q=0 (probe #19)
[2895000] PROTOCOL: S_CLK rising edge #20
[2895000] [SENSOR_MODEL] S_CLK edge detected, M=9 F=0 → Q=0 (probe #20)
[3105000] PROTOCOL: S_CLK rising edge #21
[3105000] [SENSOR_MODEL] S_CLK edge detected, M=7 F=0 → Q=1 (probe #21)
[3275000] PROTOCOL: S_CLK rising edge #22
[3275000] [SENSOR_MODEL] S_CLK edge detected, M=7 F=1 → Q=1 (probe #22)
[3445000] PROTOCOL: S_CLK rising edge #23
[3445000] [SENSOR_MODEL] S_CLK edge detected, M=7 F=2 → Q=1 (probe #23)
[3615000] PROTOCOL: S_CLK rising edge #24
[3615000] [SENSOR_MODEL] S_CLK edge detected, M=7 F=3 → Q=1 (probe #24)
[3785000] PROTOCOL: S_CLK rising edge #25
[3785000] [SENSOR_MODEL] S_CLK edge detected, M=7 F=4 → Q=1 (probe #25)
[3955000] PROTOCOL: S_CLK rising edge #26
[3955000] [SENSOR_MODEL] S_CLK edge detected, M=7 F=5 → Q=0 (probe #26)
[4125000] PROTOCOL: S_CLK rising edge #27
[4125000] [SENSOR_MODEL] S_CLK edge detected, M=7 F=6 → Q=0 (probe #27)
[4245000] PROTOCOL: S_CLK rising edge #28
[4245000] [SENSOR_MODEL] S_CLK edge detected, M=7 F=6 → Q=0 (probe #28)
[4355000] LOCK: Captured M=0000000001111111 F=1111000000

========================================
Calibration Complete
========================================
Final status:
  cal_done=1, cal_fail=0, lock_valid=1
  Final configuration: M7/F6

Protocol monitoring:
  Total S_CLK edges: 28
  Protocol violations:  NO

✓ Phase 8B: PASS - Delayed gate-level verification successful
  - Functional correctness: PASS
  - Protocol timing: PASS
  - No double-triggers detected
  - Lock freeze verified

$finish called from file "/home/zhupl25/chiplet_side_channel/chiplet_gds_data/power_macro/delay_chain/ftc/controller/analysis/phase8_gate_level/delayed/tb_delayed_gate_level.sv", line 289.
$finish at simulation time              4395000
           V C S   S i m u l a t i o n   R e p o r t 
Time: 4395000 ps
CPU Time:      0.750 seconds;       Data structure size:   0.2Mb
Thu Aug 20 12:27:43 2026
CPU time: 2.094 seconds to compile + .831 seconds to elab + .783 seconds to link + .823 seconds in simulation
