 
****************************************
Report : cell
Design : ftc_cal_controller_top
Version: Q-2019.12
Date   : Sat Aug 22 14:46:42 2026
****************************************

Attributes:
    b - black box (unknown)
    h - hierarchical
    n - noncombinational
    r - removable
    u - contains unmapped logic

Cell                      Reference       Library             Area  Attributes
--------------------------------------------------------------------------------
U3                        NOR4BB_X1M_A9TR40
                                          sc9mc_logic0040ll_base_rvt_c40_ss_typical_max_0p99v_125c
                                                          1.436400  
U4                        NOR2_X1A_A9TR40 sc9mc_logic0040ll_base_rvt_c40_ss_typical_max_0p99v_125c
                                                          0.718200  
u_cfg_regs                ftc_cfg_therm_regs              435.947402
                                                                    h, n
u_fsm                     ftc_cal_fsm                     319.599002
                                                                    h, n
u_sequencer               ftc_operation_sequencer         203.011201
                                                                    h, n
--------------------------------------------------------------------------------
Total 5 cells                                             960.712205
 
****************************************
Report : reference
Design : ftc_cal_controller_top
Version: Q-2019.12
Date   : Sat Aug 22 14:46:42 2026
****************************************

Attributes:
    b - black box (unknown)
   bo - allows boundary optimization
    d - dont_touch
   mo - map_only
    h - hierarchical
    n - noncombinational
    r - removable
    s - synthetic operator
    u - contains unmapped logic

Reference          Library       Unit Area   Count    Total Area   Attributes
-----------------------------------------------------------------------------
NOR2_X1A_A9TR40    sc9mc_logic0040ll_base_rvt_c40_ss_typical_max_0p99v_125c
                                  0.718200       1      0.718200  
NOR4BB_X1M_A9TR40  sc9mc_logic0040ll_base_rvt_c40_ss_typical_max_0p99v_125c
                                  1.436400       1      1.436400  
ftc_cal_fsm                     319.599002       1    319.599002  h, n
ftc_cfg_therm_regs              435.947402       1    435.947402  h, n
ftc_operation_sequencer         203.011201       1    203.011201  h, n
-----------------------------------------------------------------------------
Total 5 references                                    960.712205

****************************************
Design: ftc_cal_fsm 
****************************************
Reference          Library       Unit Area   Count    Total Area   Attributes
-----------------------------------------------------------------------------
AND2_X1M_A9TR40    sc9mc_logic0040ll_base_rvt_c40_ss_typical_max_0p99v_125c
                                  0.957600       2      1.915200  
AND4_X1M_A9TR40    sc9mc_logic0040ll_base_rvt_c40_ss_typical_max_0p99v_125c
                                  1.436400       1      1.436400  
AO1B2_X1M_A9TR40   sc9mc_logic0040ll_base_rvt_c40_ss_typical_max_0p99v_125c
                                  1.197000       4      4.788000  
AO21A1AI2_X1M_A9TR40
                   sc9mc_logic0040ll_base_rvt_c40_ss_typical_max_0p99v_125c
                                  1.436400       1      1.436400  
AO21B_X0P5M_A9TR40 sc9mc_logic0040ll_base_rvt_c40_ss_typical_max_0p99v_125c
                                  1.197000       1      1.197000  
AO22_X1M_A9TR40    sc9mc_logic0040ll_base_rvt_c40_ss_typical_max_0p99v_125c
                                  1.675800       1      1.675800  
AOI21B_X1M_A9TR40  sc9mc_logic0040ll_base_rvt_c40_ss_typical_max_0p99v_125c
                                  1.436400       1      1.436400  
AOI21_X1M_A9TR40   sc9mc_logic0040ll_base_rvt_c40_ss_typical_max_0p99v_125c
                                  0.957600       3      2.872800  
AOI22_X1M_A9TR40   sc9mc_logic0040ll_base_rvt_c40_ss_typical_max_0p99v_125c
                                  1.197000       5      5.985000  
AOI31_X1M_A9TR40   sc9mc_logic0040ll_base_rvt_c40_ss_typical_max_0p99v_125c
                                  1.197000       2      2.394000  
AOI32_X1M_A9TR40   sc9mc_logic0040ll_base_rvt_c40_ss_typical_max_0p99v_125c
                                  1.436400       1      1.436400  
AOI211_X1M_A9TR40  sc9mc_logic0040ll_base_rvt_c40_ss_typical_max_0p99v_125c
                                  1.197000       4      4.788000  
BUF_X2M_A9TR40     sc9mc_logic0040ll_base_rvt_c40_ss_typical_max_0p99v_125c
                                  0.957600       1      0.957600  
BUF_X3M_A9TR40     sc9mc_logic0040ll_base_rvt_c40_ss_typical_max_0p99v_125c
                                  1.197000       2      2.394000  
DFFRPQ_X1M_A9TR40  sc9mc_logic0040ll_base_rvt_c40_ss_typical_max_0p99v_125c
                                  5.027400      22    110.602800  n
DFFRPQ_X2M_A9TR40  sc9mc_logic0040ll_base_rvt_c40_ss_typical_max_0p99v_125c
                                  5.266800       3     15.800400  n
INV_X0P8B_A9TR40   sc9mc_logic0040ll_base_rvt_c40_ss_typical_max_0p99v_125c
                                  0.478800       1      0.478800  
INV_X1M_A9TR40     sc9mc_logic0040ll_base_rvt_c40_ss_typical_max_0p99v_125c
                                  0.478800      41     19.630800  
INV_X2M_A9TR40     sc9mc_logic0040ll_base_rvt_c40_ss_typical_max_0p99v_125c
                                  0.718200       4      2.872800  
NAND2B_X1M_A9TR40  sc9mc_logic0040ll_base_rvt_c40_ss_typical_max_0p99v_125c
                                  0.957600       2      1.915200  
NAND2_X1A_A9TR40   sc9mc_logic0040ll_base_rvt_c40_ss_typical_max_0p99v_125c
                                  0.718200      13      9.336600  
NAND3_X1A_A9TR40   sc9mc_logic0040ll_base_rvt_c40_ss_typical_max_0p99v_125c
                                  0.957600       1      0.957600  
NAND3_X1M_A9TR40   sc9mc_logic0040ll_base_rvt_c40_ss_typical_max_0p99v_125c
                                  0.957600       7      6.703200  
NAND3_X2M_A9TR40   sc9mc_logic0040ll_base_rvt_c40_ss_typical_max_0p99v_125c
                                  1.675800       2      3.351600  
NAND4BB_X1M_A9TR40 sc9mc_logic0040ll_base_rvt_c40_ss_typical_max_0p99v_125c
                                  1.436400       1      1.436400  
NAND4XXXB_X1M_A9TR40
                   sc9mc_logic0040ll_base_rvt_c40_ss_typical_max_0p99v_125c
                                  1.436400       2      2.872800  
NAND4_X1A_A9TR40   sc9mc_logic0040ll_base_rvt_c40_ss_typical_max_0p99v_125c
                                  1.197000       2      2.394000  
NAND4_X1M_A9TR40   sc9mc_logic0040ll_base_rvt_c40_ss_typical_max_0p99v_125c
                                  1.197000       1      1.197000  
NAND4_X2A_A9TR40   sc9mc_logic0040ll_base_rvt_c40_ss_typical_max_0p99v_125c
                                  2.154600       1      2.154600  
NOR2B_X1M_A9TR40   sc9mc_logic0040ll_base_rvt_c40_ss_typical_max_0p99v_125c
                                  0.957600       1      0.957600  
NOR2B_X1P4M_A9TR40 sc9mc_logic0040ll_base_rvt_c40_ss_typical_max_0p99v_125c
                                  1.436400       1      1.436400  
NOR2B_X2M_A9TR40   sc9mc_logic0040ll_base_rvt_c40_ss_typical_max_0p99v_125c
                                  1.436400       1      1.436400  
NOR2_X0P7M_A9TR40  sc9mc_logic0040ll_base_rvt_c40_ss_typical_max_0p99v_125c
                                  0.718200       2      1.436400  
NOR2_X1A_A9TR40    sc9mc_logic0040ll_base_rvt_c40_ss_typical_max_0p99v_125c
                                  0.718200       8      5.745600  
NOR2_X1P4B_A9TR40  sc9mc_logic0040ll_base_rvt_c40_ss_typical_max_0p99v_125c
                                  1.197000       1      1.197000  
NOR2_X2A_A9TR40    sc9mc_logic0040ll_base_rvt_c40_ss_typical_max_0p99v_125c
                                  1.197000      12     14.364000  
NOR2_X3A_A9TR40    sc9mc_logic0040ll_base_rvt_c40_ss_typical_max_0p99v_125c
                                  1.675800       1      1.675800  
NOR3BB_X2M_A9TR40  sc9mc_logic0040ll_base_rvt_c40_ss_typical_max_0p99v_125c
                                  1.675800       1      1.675800  
NOR3_X1A_A9TR40    sc9mc_logic0040ll_base_rvt_c40_ss_typical_max_0p99v_125c
                                  0.957600       4      3.830400  
NOR3_X2A_A9TR40    sc9mc_logic0040ll_base_rvt_c40_ss_typical_max_0p99v_125c
                                  1.675800       2      3.351600  
NOR3_X3A_A9TR40    sc9mc_logic0040ll_base_rvt_c40_ss_typical_max_0p99v_125c
                                  2.394000       2      4.788000  
NOR3_X3M_A9TR40    sc9mc_logic0040ll_base_rvt_c40_ss_typical_max_0p99v_125c
                                  2.394000       1      2.394000  
NOR4BB_X1M_A9TR40  sc9mc_logic0040ll_base_rvt_c40_ss_typical_max_0p99v_125c
                                  1.436400       1      1.436400  
NOR4BB_X2M_A9TR40  sc9mc_logic0040ll_base_rvt_c40_ss_typical_max_0p99v_125c
                                  2.154600       2      4.309200  
OA21A1OI2_X1M_A9TR40
                   sc9mc_logic0040ll_base_rvt_c40_ss_typical_max_0p99v_125c
                                  1.436400       2      2.872800  
OAI2XB1_X1M_A9TR40 sc9mc_logic0040ll_base_rvt_c40_ss_typical_max_0p99v_125c
                                  1.436400       1      1.436400  
OAI21_X0P5M_A9TR40 sc9mc_logic0040ll_base_rvt_c40_ss_typical_max_0p99v_125c
                                  0.957600       2      1.915200  
OAI21_X1M_A9TR40   sc9mc_logic0040ll_base_rvt_c40_ss_typical_max_0p99v_125c
                                  0.957600      10      9.576000  
OAI21_X1P4M_A9TR40 sc9mc_logic0040ll_base_rvt_c40_ss_typical_max_0p99v_125c
                                  1.436400       1      1.436400  
OAI22BB_X1M_A9TR40 sc9mc_logic0040ll_base_rvt_c40_ss_typical_max_0p99v_125c
                                  1.675800       4      6.703200  
OAI22BB_X1P4M_A9TR40
                   sc9mc_logic0040ll_base_rvt_c40_ss_typical_max_0p99v_125c
                                  1.915200       1      1.915200  
OAI22_X0P7M_A9TR40 sc9mc_logic0040ll_base_rvt_c40_ss_typical_max_0p99v_125c
                                  1.197000       1      1.197000  
OAI22_X1M_A9TR40   sc9mc_logic0040ll_base_rvt_c40_ss_typical_max_0p99v_125c
                                  1.197000       9     10.773000  
OAI31_X0P7M_A9TR40 sc9mc_logic0040ll_base_rvt_c40_ss_typical_max_0p99v_125c
                                  1.197000       2      2.394000  
OAI31_X1M_A9TR40   sc9mc_logic0040ll_base_rvt_c40_ss_typical_max_0p99v_125c
                                  1.197000       2      2.394000  
OAI31_X2M_A9TR40   sc9mc_logic0040ll_base_rvt_c40_ss_typical_max_0p99v_125c
                                  2.154600       1      2.154600  
OAI211_X1M_A9TR40  sc9mc_logic0040ll_base_rvt_c40_ss_typical_max_0p99v_125c
                                  1.197000       7      8.379000  
-----------------------------------------------------------------------------
Total 57 references                                   319.599002

****************************************
Design: ftc_cfg_therm_regs 
****************************************
Reference          Library       Unit Area   Count    Total Area   Attributes
-----------------------------------------------------------------------------
ADDH_X1M_A9TR40    sc9mc_logic0040ll_base_rvt_c40_ss_typical_max_0p99v_125c
                                  2.394000       3      7.182000  r
AND2_X0P5B_A9TR40  sc9mc_logic0040ll_base_rvt_c40_ss_typical_max_0p99v_125c
                                  0.957600      13     12.448800  
AND2_X0P5M_A9TR40  sc9mc_logic0040ll_base_rvt_c40_ss_typical_max_0p99v_125c
                                  0.957600       1      0.957600  
AND2_X0P7M_A9TR40  sc9mc_logic0040ll_base_rvt_c40_ss_typical_max_0p99v_125c
                                  0.957600       1      0.957600  
AND2_X1M_A9TR40    sc9mc_logic0040ll_base_rvt_c40_ss_typical_max_0p99v_125c
                                  0.957600       1      0.957600  
AND3_X0P5M_A9TR40  sc9mc_logic0040ll_base_rvt_c40_ss_typical_max_0p99v_125c
                                  1.197000       3      3.591000  
AND3_X0P7M_A9TR40  sc9mc_logic0040ll_base_rvt_c40_ss_typical_max_0p99v_125c
                                  1.197000       1      1.197000  
AND3_X1M_A9TR40    sc9mc_logic0040ll_base_rvt_c40_ss_typical_max_0p99v_125c
                                  1.197000       1      1.197000  
AO21_X0P7M_A9TR40  sc9mc_logic0040ll_base_rvt_c40_ss_typical_max_0p99v_125c
                                  1.436400       1      1.436400  
AOI21B_X1M_A9TR40  sc9mc_logic0040ll_base_rvt_c40_ss_typical_max_0p99v_125c
                                  1.436400       1      1.436400  
AOI22_X0P5M_A9TR40 sc9mc_logic0040ll_base_rvt_c40_ss_typical_max_0p99v_125c
                                  1.197000       5      5.985000  
AOI211_X1M_A9TR40  sc9mc_logic0040ll_base_rvt_c40_ss_typical_max_0p99v_125c
                                  1.197000       5      5.985000  
AOI211_X2M_A9TR40  sc9mc_logic0040ll_base_rvt_c40_ss_typical_max_0p99v_125c
                                  2.154600       2      4.309200  
AOI221_X1P4M_A9TR40
                   sc9mc_logic0040ll_base_rvt_c40_ss_typical_max_0p99v_125c
                                  2.872800       7     20.109601  
BUFH_X1M_A9TR40    sc9mc_logic0040ll_base_rvt_c40_ss_typical_max_0p99v_125c
                                  0.718200       3      2.154600  
BUF_X2M_A9TR40     sc9mc_logic0040ll_base_rvt_c40_ss_typical_max_0p99v_125c
                                  0.957600       1      0.957600  
BUF_X3M_A9TR40     sc9mc_logic0040ll_base_rvt_c40_ss_typical_max_0p99v_125c
                                  1.197000       2      2.394000  
DFFRPQ_X1M_A9TR40  sc9mc_logic0040ll_base_rvt_c40_ss_typical_max_0p99v_125c
                                  5.027400      21    105.575400  n
DFFRPQ_X2M_A9TR40  sc9mc_logic0040ll_base_rvt_c40_ss_typical_max_0p99v_125c
                                  5.266800       5     26.334000  n
DFFSQ_X1M_A9TR40   sc9mc_logic0040ll_base_rvt_c40_ss_typical_max_0p99v_125c
                                  5.027400      10     50.274000  n
INV_X0P5B_A9TR40   sc9mc_logic0040ll_base_rvt_c40_ss_typical_max_0p99v_125c
                                  0.478800      22     10.533600  
INV_X0P6B_A9TR40   sc9mc_logic0040ll_base_rvt_c40_ss_typical_max_0p99v_125c
                                  0.478800       1      0.478800  
INV_X0P7B_A9TR40   sc9mc_logic0040ll_base_rvt_c40_ss_typical_max_0p99v_125c
                                  0.478800       1      0.478800  
INV_X1M_A9TR40     sc9mc_logic0040ll_base_rvt_c40_ss_typical_max_0p99v_125c
                                  0.478800       8      3.830400  
INV_X2M_A9TR40     sc9mc_logic0040ll_base_rvt_c40_ss_typical_max_0p99v_125c
                                  0.718200       2      1.436400  
INV_X3M_A9TR40     sc9mc_logic0040ll_base_rvt_c40_ss_typical_max_0p99v_125c
                                  0.957600       2      1.915200  
MX2_X0P5B_A9TR40   sc9mc_logic0040ll_base_rvt_c40_ss_typical_max_0p99v_125c
                                  2.154600       8     17.236799  
MXIT2_X0P5M_A9TR40 sc9mc_logic0040ll_base_rvt_c40_ss_typical_max_0p99v_125c
                                  1.675800       3      5.027400  
MXT2_X0P5M_A9TR40  sc9mc_logic0040ll_base_rvt_c40_ss_typical_max_0p99v_125c
                                  2.154600       1      2.154600  
MXT2_X0P7M_A9TR40  sc9mc_logic0040ll_base_rvt_c40_ss_typical_max_0p99v_125c
                                  2.154600       5     10.773000  
NAND2_X0P5A_A9TR40 sc9mc_logic0040ll_base_rvt_c40_ss_typical_max_0p99v_125c
                                  0.718200      10      7.182000  
NAND2_X1A_A9TR40   sc9mc_logic0040ll_base_rvt_c40_ss_typical_max_0p99v_125c
                                  0.718200       6      4.309200  
NAND3_X0P5A_A9TR40 sc9mc_logic0040ll_base_rvt_c40_ss_typical_max_0p99v_125c
                                  0.957600       2      1.915200  
NAND3_X0P5M_A9TR40 sc9mc_logic0040ll_base_rvt_c40_ss_typical_max_0p99v_125c
                                  0.957600       2      1.915200  
NAND3_X0P7M_A9TR40 sc9mc_logic0040ll_base_rvt_c40_ss_typical_max_0p99v_125c
                                  0.957600       2      1.915200  
NAND3_X1M_A9TR40   sc9mc_logic0040ll_base_rvt_c40_ss_typical_max_0p99v_125c
                                  0.957600       1      0.957600  
NAND4BB_X0P5M_A9TR40
                   sc9mc_logic0040ll_base_rvt_c40_ss_typical_max_0p99v_125c
                                  1.436400       1      1.436400  
NAND4_X0P7M_A9TR40 sc9mc_logic0040ll_base_rvt_c40_ss_typical_max_0p99v_125c
                                  1.197000       1      1.197000  
NAND4_X1M_A9TR40   sc9mc_logic0040ll_base_rvt_c40_ss_typical_max_0p99v_125c
                                  1.197000       1      1.197000  
NAND4_X2M_A9TR40   sc9mc_logic0040ll_base_rvt_c40_ss_typical_max_0p99v_125c
                                  2.154600       1      2.154600  
NOR2B_X2M_A9TR40   sc9mc_logic0040ll_base_rvt_c40_ss_typical_max_0p99v_125c
                                  1.436400       1      1.436400  
NOR2XB_X2M_A9TR40  sc9mc_logic0040ll_base_rvt_c40_ss_typical_max_0p99v_125c
                                  1.436400       1      1.436400  
NOR2_X0P5A_A9TR40  sc9mc_logic0040ll_base_rvt_c40_ss_typical_max_0p99v_125c
                                  0.718200      19     13.645801  
NOR2_X0P5B_A9TR40  sc9mc_logic0040ll_base_rvt_c40_ss_typical_max_0p99v_125c
                                  0.718200       1      0.718200  
NOR2_X0P5M_A9TR40  sc9mc_logic0040ll_base_rvt_c40_ss_typical_max_0p99v_125c
                                  0.718200       2      1.436400  
NOR2_X0P7B_A9TR40  sc9mc_logic0040ll_base_rvt_c40_ss_typical_max_0p99v_125c
                                  0.718200       1      0.718200  
NOR2_X0P7M_A9TR40  sc9mc_logic0040ll_base_rvt_c40_ss_typical_max_0p99v_125c
                                  0.718200       1      0.718200  
NOR2_X1A_A9TR40    sc9mc_logic0040ll_base_rvt_c40_ss_typical_max_0p99v_125c
                                  0.718200       3      2.154600  
NOR2_X1P4B_A9TR40  sc9mc_logic0040ll_base_rvt_c40_ss_typical_max_0p99v_125c
                                  1.197000       7      8.379000  
NOR2_X1P4M_A9TR40  sc9mc_logic0040ll_base_rvt_c40_ss_typical_max_0p99v_125c
                                  1.197000       1      1.197000  
NOR2_X2A_A9TR40    sc9mc_logic0040ll_base_rvt_c40_ss_typical_max_0p99v_125c
                                  1.197000       6      7.182000  
NOR3BB_X0P5M_A9TR40
                   sc9mc_logic0040ll_base_rvt_c40_ss_typical_max_0p99v_125c
                                  1.197000       1      1.197000  
NOR3BB_X1P4M_A9TR40
                   sc9mc_logic0040ll_base_rvt_c40_ss_typical_max_0p99v_125c
                                  1.675800       2      3.351600  
NOR3_X1A_A9TR40    sc9mc_logic0040ll_base_rvt_c40_ss_typical_max_0p99v_125c
                                  0.957600       2      1.915200  
NOR3_X1M_A9TR40    sc9mc_logic0040ll_base_rvt_c40_ss_typical_max_0p99v_125c
                                  0.957600       1      0.957600  
NOR3_X1P4M_A9TR40  sc9mc_logic0040ll_base_rvt_c40_ss_typical_max_0p99v_125c
                                  1.675800       1      1.675800  
NOR3_X3M_A9TR40    sc9mc_logic0040ll_base_rvt_c40_ss_typical_max_0p99v_125c
                                  2.394000       1      2.394000  
NOR4BB_X0P7M_A9TR40
                   sc9mc_logic0040ll_base_rvt_c40_ss_typical_max_0p99v_125c
                                  1.436400       1      1.436400  
NOR4BB_X2M_A9TR40  sc9mc_logic0040ll_base_rvt_c40_ss_typical_max_0p99v_125c
                                  2.154600       1      2.154600  
OA21A1OI2_X3M_A9TR40
                   sc9mc_logic0040ll_base_rvt_c40_ss_typical_max_0p99v_125c
                                  3.112200       1      3.112200  
OAI21_X0P5M_A9TR40 sc9mc_logic0040ll_base_rvt_c40_ss_typical_max_0p99v_125c
                                  0.957600      13     12.448800  
OAI21_X1P4M_A9TR40 sc9mc_logic0040ll_base_rvt_c40_ss_typical_max_0p99v_125c
                                  1.436400       1      1.436400  
OAI22_X0P7M_A9TR40 sc9mc_logic0040ll_base_rvt_c40_ss_typical_max_0p99v_125c
                                  1.197000       2      2.394000  
OAI31_X0P7M_A9TR40 sc9mc_logic0040ll_base_rvt_c40_ss_typical_max_0p99v_125c
                                  1.197000       1      1.197000  
OAI31_X1M_A9TR40   sc9mc_logic0040ll_base_rvt_c40_ss_typical_max_0p99v_125c
                                  1.197000       1      1.197000  
OAI211_X0P5M_A9TR40
                   sc9mc_logic0040ll_base_rvt_c40_ss_typical_max_0p99v_125c
                                  1.197000       8      9.576000  
OAI211_X2M_A9TR40  sc9mc_logic0040ll_base_rvt_c40_ss_typical_max_0p99v_125c
                                  2.154600       1      2.154600  
OAI221_X0P7M_A9TR40
                   sc9mc_logic0040ll_base_rvt_c40_ss_typical_max_0p99v_125c
                                  1.675800       1      1.675800  
OR2_X1M_A9TR40     sc9mc_logic0040ll_base_rvt_c40_ss_typical_max_0p99v_125c
                                  0.957600       3      2.872800  
XNOR2_X0P7M_A9TR40 sc9mc_logic0040ll_base_rvt_c40_ss_typical_max_0p99v_125c
                                  1.675800       1      1.675800  
XNOR2_X3M_A9TR40   sc9mc_logic0040ll_base_rvt_c40_ss_typical_max_0p99v_125c
                                  4.309200       1      4.309200  
XOR2_X0P5M_A9TR40  sc9mc_logic0040ll_base_rvt_c40_ss_typical_max_0p99v_125c
                                  1.675800       1      1.675800  
XOR2_X1P4M_A9TR40  sc9mc_logic0040ll_base_rvt_c40_ss_typical_max_0p99v_125c
                                  2.633400       1      2.633400  
-----------------------------------------------------------------------------
Total 73 references                                   435.947402

****************************************
Design: ftc_operation_sequencer 
****************************************
Reference          Library       Unit Area   Count    Total Area   Attributes
-----------------------------------------------------------------------------
AND2_X1M_A9TR40    sc9mc_logic0040ll_base_rvt_c40_ss_typical_max_0p99v_125c
                                  0.957600       4      3.830400  
AO1B2_X0P7M_A9TR40 sc9mc_logic0040ll_base_rvt_c40_ss_typical_max_0p99v_125c
                                  1.197000       1      1.197000  
AO21A1AI2_X1M_A9TR40
                   sc9mc_logic0040ll_base_rvt_c40_ss_typical_max_0p99v_125c
                                  1.436400       1      1.436400  
AOI21_X0P7M_A9TR40 sc9mc_logic0040ll_base_rvt_c40_ss_typical_max_0p99v_125c
                                  0.957600       1      0.957600  
AOI21_X1M_A9TR40   sc9mc_logic0040ll_base_rvt_c40_ss_typical_max_0p99v_125c
                                  0.957600       2      1.915200  
AOI21_X2M_A9TR40   sc9mc_logic0040ll_base_rvt_c40_ss_typical_max_0p99v_125c
                                  1.675800       1      1.675800  
AOI31_X1M_A9TR40   sc9mc_logic0040ll_base_rvt_c40_ss_typical_max_0p99v_125c
                                  1.197000       1      1.197000  
AOI32_X1M_A9TR40   sc9mc_logic0040ll_base_rvt_c40_ss_typical_max_0p99v_125c
                                  1.436400       1      1.436400  
AOI211_X1M_A9TR40  sc9mc_logic0040ll_base_rvt_c40_ss_typical_max_0p99v_125c
                                  1.197000       1      1.197000  
BUFH_X1M_A9TR40    sc9mc_logic0040ll_base_rvt_c40_ss_typical_max_0p99v_125c
                                  0.718200       1      0.718200  
DFFRPQ_X1M_A9TR40  sc9mc_logic0040ll_base_rvt_c40_ss_typical_max_0p99v_125c
                                  5.027400      17     85.465800  n
DFFRPQ_X2M_A9TR40  sc9mc_logic0040ll_base_rvt_c40_ss_typical_max_0p99v_125c
                                  5.266800       2     10.533600  n
DFFSQ_X1M_A9TR40   sc9mc_logic0040ll_base_rvt_c40_ss_typical_max_0p99v_125c
                                  5.027400       1      5.027400  n
INV_X0P6B_A9TR40   sc9mc_logic0040ll_base_rvt_c40_ss_typical_max_0p99v_125c
                                  0.478800       1      0.478800  
INV_X1M_A9TR40     sc9mc_logic0040ll_base_rvt_c40_ss_typical_max_0p99v_125c
                                  0.478800      15      7.182000  
INV_X4M_A9TR40     sc9mc_logic0040ll_base_rvt_c40_ss_typical_max_0p99v_125c
                                  1.197000       1      1.197000  
NAND2_X0P5A_A9TR40 sc9mc_logic0040ll_base_rvt_c40_ss_typical_max_0p99v_125c
                                  0.718200       1      0.718200  
NAND2_X1A_A9TR40   sc9mc_logic0040ll_base_rvt_c40_ss_typical_max_0p99v_125c
                                  0.718200       3      2.154600  
NAND3XXB_X1M_A9TR40
                   sc9mc_logic0040ll_base_rvt_c40_ss_typical_max_0p99v_125c
                                  1.197000       1      1.197000  
NAND3_X1M_A9TR40   sc9mc_logic0040ll_base_rvt_c40_ss_typical_max_0p99v_125c
                                  0.957600       4      3.830400  
NOR2_X0P5B_A9TR40  sc9mc_logic0040ll_base_rvt_c40_ss_typical_max_0p99v_125c
                                  0.718200       1      0.718200  
NOR2_X0P7B_A9TR40  sc9mc_logic0040ll_base_rvt_c40_ss_typical_max_0p99v_125c
                                  0.718200       1      0.718200  
NOR2_X0P7M_A9TR40  sc9mc_logic0040ll_base_rvt_c40_ss_typical_max_0p99v_125c
                                  0.718200       1      0.718200  
NOR2_X1A_A9TR40    sc9mc_logic0040ll_base_rvt_c40_ss_typical_max_0p99v_125c
                                  0.718200       2      1.436400  
NOR2_X2A_A9TR40    sc9mc_logic0040ll_base_rvt_c40_ss_typical_max_0p99v_125c
                                  1.197000       2      2.394000  
NOR3_X1A_A9TR40    sc9mc_logic0040ll_base_rvt_c40_ss_typical_max_0p99v_125c
                                  0.957600       2      1.915200  
NOR3_X2A_A9TR40    sc9mc_logic0040ll_base_rvt_c40_ss_typical_max_0p99v_125c
                                  1.675800       4      6.703200  
OA1B2_X1M_A9TR40   sc9mc_logic0040ll_base_rvt_c40_ss_typical_max_0p99v_125c
                                  1.197000       1      1.197000  
OA21A1OI2_X1P4M_A9TR40
                   sc9mc_logic0040ll_base_rvt_c40_ss_typical_max_0p99v_125c
                                  1.915200       1      1.915200  
OAI22_X1M_A9TR40   sc9mc_logic0040ll_base_rvt_c40_ss_typical_max_0p99v_125c
                                  1.197000       3      3.591000  
OAI31_X1M_A9TR40   sc9mc_logic0040ll_base_rvt_c40_ss_typical_max_0p99v_125c
                                  1.197000       3      3.591000  
OAI211_X0P5M_A9TR40
                   sc9mc_logic0040ll_base_rvt_c40_ss_typical_max_0p99v_125c
                                  1.197000       1      1.197000  
OAI221_X2M_A9TR40  sc9mc_logic0040ll_base_rvt_c40_ss_typical_max_0p99v_125c
                                  2.872800       1      2.872800  
XNOR2_X0P5M_A9TR40 sc9mc_logic0040ll_base_rvt_c40_ss_typical_max_0p99v_125c
                                  1.675800       1      1.675800  
XNOR2_X0P7M_A9TR40 sc9mc_logic0040ll_base_rvt_c40_ss_typical_max_0p99v_125c
                                  1.675800       1      1.675800  
XOR2_X0P7M_A9TR40  sc9mc_logic0040ll_base_rvt_c40_ss_typical_max_0p99v_125c
                                  1.675800       1      1.675800  
ftc_q_sampler                    35.670600       1     35.670600  h, n
-----------------------------------------------------------------------------
Total 37 references                                   203.011201

****************************************
Design: ftc_q_sampler 
****************************************
Reference          Library       Unit Area   Count    Total Area   Attributes
-----------------------------------------------------------------------------
AO1B2_X1M_A9TR40   sc9mc_logic0040ll_base_rvt_c40_ss_typical_max_0p99v_125c
                                  1.197000       1      1.197000  
AO21_X1M_A9TR40    sc9mc_logic0040ll_base_rvt_c40_ss_typical_max_0p99v_125c
                                  1.436400       1      1.436400  
AO22_X1M_A9TR40    sc9mc_logic0040ll_base_rvt_c40_ss_typical_max_0p99v_125c
                                  1.675800       1      1.675800  
AOI32_X1M_A9TR40   sc9mc_logic0040ll_base_rvt_c40_ss_typical_max_0p99v_125c
                                  1.436400       1      1.436400  
DFFRPQ_X1M_A9TR40  sc9mc_logic0040ll_base_rvt_c40_ss_typical_max_0p99v_125c
                                  5.027400       4     20.109600  n
DFFSQ_X1M_A9TR40   sc9mc_logic0040ll_base_rvt_c40_ss_typical_max_0p99v_125c
                                  5.027400       1      5.027400  n
INV_X1M_A9TR40     sc9mc_logic0040ll_base_rvt_c40_ss_typical_max_0p99v_125c
                                  0.478800       4      1.915200  
NOR2_X2A_A9TR40    sc9mc_logic0040ll_base_rvt_c40_ss_typical_max_0p99v_125c
                                  1.197000       1      1.197000  
OAI22BB_X1M_A9TR40 sc9mc_logic0040ll_base_rvt_c40_ss_typical_max_0p99v_125c
                                  1.675800       1      1.675800  
-----------------------------------------------------------------------------
Total 9 references                                     35.670600
1
