 
****************************************
Report : clocks
Design : ftc_cal_controller_top
Version: Q-2019.12
Date   : Sat Aug 22 14:46:42 2026
****************************************

Attributes:
    d - dont_touch_network
    f - fix_hold
    p - propagated_clock
    G - generated_clock
    g - lib_generated_clock

Clock          Period   Waveform            Attrs     Sources
--------------------------------------------------------------------------------
cal_clk          2.50   {0 1.25}                      {cal_clk}
--------------------------------------------------------------------------------
 
****************************************
Report : clock_skew
Design : ftc_cal_controller_top
Version: Q-2019.12
Date   : Sat Aug 22 14:46:42 2026
****************************************

                 Rise      Fall  Min Rise  Min fall        Uncertainty
Object          Delay     Delay     Delay     Delay     Plus      Minus
--------------------------------------------------------------------------------
cal_clk             -         -         -         -      0.02      0.05

                 Max Transition      Min Transition
Object           Rise      Fall      Rise      Fall
-------------------------------------------------------
cal_clk          0.05      0.05      0.05      0.05
1
