 
****************************************
Report : timing
        -path full
        -delay max
        -max_paths 1
Design : ftc_cal_controller_top
Version: Q-2019.12
Date   : Sat Aug 22 14:46:42 2026
****************************************

Operating Conditions: ss_typical_max_0p99v_125c   Library: sc9mc_logic0040ll_base_rvt_c40_ss_typical_max_0p99v_125c
Wire Load Model Mode: top

  Startpoint: u_cfg_regs/medium_therm_o_reg[8]
              (rising edge-triggered flip-flop clocked by cal_clk)
  Endpoint: medium_therm[8]
            (output port clocked by cal_clk)
  Path Group: cal_clk
  Path Type: max

  Des/Clust/Port     Wire Load Model       Library
  ------------------------------------------------
  ftc_cal_controller_top
                     Small                 sc9mc_logic0040ll_base_rvt_c40_ss_typical_max_0p99v_125c

  Point                                                   Incr       Path
  --------------------------------------------------------------------------
  clock cal_clk (rise edge)                               0.00       0.00
  clock network delay (ideal)                             0.00       0.00
  u_cfg_regs/medium_therm_o_reg[8]/CK (DFFRPQ_X1M_A9TR40)
                                                          0.00       0.00 r
  u_cfg_regs/medium_therm_o_reg[8]/Q (DFFRPQ_X1M_A9TR40)
                                                          0.29       0.29 r
  u_cfg_regs/medium_therm_o[8] (ftc_cfg_therm_regs)       0.00       0.29 r
  medium_therm[8] (out)                                   0.00       0.29 r
  data arrival time                                                  0.29

  clock cal_clk (rise edge)                               2.50       2.50
  clock network delay (ideal)                             0.00       2.50
  clock uncertainty                                      -0.05       2.45
  output external delay                                  -0.30       2.15
  data required time                                                 2.15
  --------------------------------------------------------------------------
  data required time                                                 2.15
  data arrival time                                                 -0.29
  --------------------------------------------------------------------------
  slack (MET)                                                        1.86


1
