Information: Updating design information... (UID-85)
 
****************************************
Report : timing
        -path full
        -delay max
        -max_paths 20
Design : ftc_cal_controller_top
Version: Q-2019.12
Date   : Sat Aug 22 14:46:41 2026
****************************************

Operating Conditions: ss_typical_max_0p99v_125c   Library: sc9mc_logic0040ll_base_rvt_c40_ss_typical_max_0p99v_125c
Wire Load Model Mode: top

  Startpoint: u_cfg_regs/medium_code_o_reg[4]
              (rising edge-triggered flip-flop clocked by cal_clk)
  Endpoint: u_cfg_regs/medium_therm_o_reg[11]
            (rising edge-triggered flip-flop clocked by cal_clk)
  Path Group: cal_clk
  Path Type: max

  Des/Clust/Port     Wire Load Model       Library
  ------------------------------------------------
  ftc_cal_controller_top
                     Small                 sc9mc_logic0040ll_base_rvt_c40_ss_typical_max_0p99v_125c

  Point                                                   Incr       Path
  --------------------------------------------------------------------------
  clock cal_clk (rise edge)                               0.00       0.00
  clock network delay (ideal)                             0.00       0.00
  u_cfg_regs/medium_code_o_reg[4]/CK (DFFRPQ_X1M_A9TR40)
                                                          0.00       0.00 r
  u_cfg_regs/medium_code_o_reg[4]/Q (DFFRPQ_X1M_A9TR40)
                                                          0.34       0.34 r
  u_cfg_regs/U222/Y (INV_X0P5B_A9TR40)                    0.15       0.50 f
  u_cfg_regs/U48/Y (NAND4_X1M_A9TR40)                     0.17       0.66 r
  u_cfg_regs/U47/Y (NOR2_X1A_A9TR40)                      0.10       0.76 f
  u_cfg_regs/U180/Y (INV_X0P5B_A9TR40)                    0.10       0.86 r
  u_cfg_regs/U104/Y (NAND2_X1A_A9TR40)                    0.14       0.99 f
  u_cfg_regs/U114/Y (NOR2_X1P4B_A9TR40)                   0.13       1.13 r
  u_cfg_regs/U112/Y (AND3_X0P7M_A9TR40)                   0.21       1.34 r
  u_cfg_regs/U156/Y (AND2_X0P5B_A9TR40)                   0.18       1.52 r
  u_cfg_regs/U24/Y (INV_X0P5B_A9TR40)                     0.08       1.60 f
  u_cfg_regs/U25/Y (NOR2_X0P5A_A9TR40)                    0.13       1.73 r
  u_cfg_regs/U4/Y (OR2_X1M_A9TR40)                        0.14       1.87 r
  u_cfg_regs/U23/Y (NOR2_X0P5A_A9TR40)                    0.06       1.93 f
  u_cfg_regs/U29/Y (MXT2_X0P5M_A9TR40)                    0.17       2.10 r
  u_cfg_regs/medium_therm_o_reg[11]/D (DFFRPQ_X1M_A9TR40)
                                                          0.00       2.10 r
  data arrival time                                                  2.10

  clock cal_clk (rise edge)                               2.50       2.50
  clock network delay (ideal)                             0.00       2.50
  clock uncertainty                                      -0.05       2.45
  u_cfg_regs/medium_therm_o_reg[11]/CK (DFFRPQ_X1M_A9TR40)
                                                          0.00       2.45 r
  library setup time                                     -0.08       2.37
  data required time                                                 2.37
  --------------------------------------------------------------------------
  data required time                                                 2.37
  data arrival time                                                 -2.10
  --------------------------------------------------------------------------
  slack (MET)                                                        0.27


  Startpoint: u_fsm/state_q_reg[2]
              (rising edge-triggered flip-flop clocked by cal_clk)
  Endpoint: u_fsm/seq_cmd_q_reg[1]
            (rising edge-triggered flip-flop clocked by cal_clk)
  Path Group: cal_clk
  Path Type: max

  Des/Clust/Port     Wire Load Model       Library
  ------------------------------------------------
  ftc_cal_controller_top
                     Small                 sc9mc_logic0040ll_base_rvt_c40_ss_typical_max_0p99v_125c

  Point                                                   Incr       Path
  --------------------------------------------------------------------------
  clock cal_clk (rise edge)                               0.00       0.00
  clock network delay (ideal)                             0.00       0.00
  u_fsm/state_q_reg[2]/CK (DFFRPQ_X1M_A9TR40)             0.00       0.00 r
  u_fsm/state_q_reg[2]/Q (DFFRPQ_X1M_A9TR40)              0.35       0.35 r
  u_fsm/U140/Y (NOR2_X2A_A9TR40)                          0.09       0.43 f
  u_fsm/U111/Y (INV_X1M_A9TR40)                           0.10       0.53 r
  u_fsm/U7/Y (NOR3_X3A_A9TR40)                            0.08       0.61 f
  u_fsm/U105/Y (INV_X1M_A9TR40)                           0.08       0.70 r
  u_fsm/U99/Y (NAND2_X1A_A9TR40)                          0.10       0.79 f
  u_fsm/U17/Y (NOR2_X1A_A9TR40)                           0.13       0.92 r
  u_fsm/U18/Y (NAND3_X1M_A9TR40)                          0.15       1.08 f
  u_fsm/U52/Y (INV_X1M_A9TR40)                            0.13       1.21 r
  u_fsm/U38/Y (AOI31_X1M_A9TR40)                          0.10       1.31 f
  u_fsm/U96/Y (OA21A1OI2_X1M_A9TR40)                      0.20       1.51 r
  u_fsm/U95/Y (AND4_X1M_A9TR40)                           0.21       1.71 r
  u_fsm/U176/Y (NAND4BB_X1M_A9TR40)                       0.10       1.81 f
  u_fsm/U174/Y (AO22_X1M_A9TR40)                          0.15       1.96 f
  u_fsm/seq_cmd_q_reg[1]/D (DFFRPQ_X1M_A9TR40)            0.00       1.96 f
  data arrival time                                                  1.96

  clock cal_clk (rise edge)                               2.50       2.50
  clock network delay (ideal)                             0.00       2.50
  clock uncertainty                                      -0.05       2.45
  u_fsm/seq_cmd_q_reg[1]/CK (DFFRPQ_X1M_A9TR40)           0.00       2.45 r
  library setup time                                     -0.04       2.41
  data required time                                                 2.41
  --------------------------------------------------------------------------
  data required time                                                 2.41
  data arrival time                                                 -1.96
  --------------------------------------------------------------------------
  slack (MET)                                                        0.45


  Startpoint: u_fsm/state_q_reg[2]
              (rising edge-triggered flip-flop clocked by cal_clk)
  Endpoint: u_fsm/seq_cmd_q_reg[0]
            (rising edge-triggered flip-flop clocked by cal_clk)
  Path Group: cal_clk
  Path Type: max

  Des/Clust/Port     Wire Load Model       Library
  ------------------------------------------------
  ftc_cal_controller_top
                     Small                 sc9mc_logic0040ll_base_rvt_c40_ss_typical_max_0p99v_125c

  Point                                                   Incr       Path
  --------------------------------------------------------------------------
  clock cal_clk (rise edge)                               0.00       0.00
  clock network delay (ideal)                             0.00       0.00
  u_fsm/state_q_reg[2]/CK (DFFRPQ_X1M_A9TR40)             0.00       0.00 r
  u_fsm/state_q_reg[2]/Q (DFFRPQ_X1M_A9TR40)              0.35       0.35 r
  u_fsm/U140/Y (NOR2_X2A_A9TR40)                          0.09       0.43 f
  u_fsm/U111/Y (INV_X1M_A9TR40)                           0.10       0.53 r
  u_fsm/U7/Y (NOR3_X3A_A9TR40)                            0.08       0.61 f
  u_fsm/U105/Y (INV_X1M_A9TR40)                           0.08       0.70 r
  u_fsm/U99/Y (NAND2_X1A_A9TR40)                          0.10       0.79 f
  u_fsm/U17/Y (NOR2_X1A_A9TR40)                           0.13       0.92 r
  u_fsm/U18/Y (NAND3_X1M_A9TR40)                          0.15       1.08 f
  u_fsm/U52/Y (INV_X1M_A9TR40)                            0.13       1.21 r
  u_fsm/U38/Y (AOI31_X1M_A9TR40)                          0.10       1.31 f
  u_fsm/U96/Y (OA21A1OI2_X1M_A9TR40)                      0.20       1.51 r
  u_fsm/U95/Y (AND4_X1M_A9TR40)                           0.21       1.71 r
  u_fsm/U172/Y (OAI211_X1M_A9TR40)                        0.10       1.81 f
  u_fsm/U171/Y (AO1B2_X1M_A9TR40)                         0.13       1.94 f
  u_fsm/seq_cmd_q_reg[0]/D (DFFRPQ_X1M_A9TR40)            0.00       1.94 f
  data arrival time                                                  1.94

  clock cal_clk (rise edge)                               2.50       2.50
  clock network delay (ideal)                             0.00       2.50
  clock uncertainty                                      -0.05       2.45
  u_fsm/seq_cmd_q_reg[0]/CK (DFFRPQ_X1M_A9TR40)           0.00       2.45 r
  library setup time                                     -0.04       2.41
  data required time                                                 2.41
  --------------------------------------------------------------------------
  data required time                                                 2.41
  data arrival time                                                 -1.94
  --------------------------------------------------------------------------
  slack (MET)                                                        0.47


  Startpoint: u_cfg_regs/medium_code_o_reg[4]
              (rising edge-triggered flip-flop clocked by cal_clk)
  Endpoint: u_cfg_regs/medium_therm_o_reg[7]
            (rising edge-triggered flip-flop clocked by cal_clk)
  Path Group: cal_clk
  Path Type: max

  Des/Clust/Port     Wire Load Model       Library
  ------------------------------------------------
  ftc_cal_controller_top
                     Small                 sc9mc_logic0040ll_base_rvt_c40_ss_typical_max_0p99v_125c

  Point                                                   Incr       Path
  --------------------------------------------------------------------------
  clock cal_clk (rise edge)                               0.00       0.00
  clock network delay (ideal)                             0.00       0.00
  u_cfg_regs/medium_code_o_reg[4]/CK (DFFRPQ_X1M_A9TR40)
                                                          0.00       0.00 r
  u_cfg_regs/medium_code_o_reg[4]/Q (DFFRPQ_X1M_A9TR40)
                                                          0.34       0.34 r
  u_cfg_regs/U222/Y (INV_X0P5B_A9TR40)                    0.15       0.50 f
  u_cfg_regs/U48/Y (NAND4_X1M_A9TR40)                     0.17       0.66 r
  u_cfg_regs/U47/Y (NOR2_X1A_A9TR40)                      0.10       0.76 f
  u_cfg_regs/U180/Y (INV_X0P5B_A9TR40)                    0.10       0.86 r
  u_cfg_regs/U104/Y (NAND2_X1A_A9TR40)                    0.14       0.99 f
  u_cfg_regs/U114/Y (NOR2_X1P4B_A9TR40)                   0.13       1.13 r
  u_cfg_regs/U111/Y (NOR3BB_X1P4M_A9TR40)                 0.23       1.36 r
  u_cfg_regs/U159/Y (AND2_X0P5B_A9TR40)                   0.19       1.54 r
  u_cfg_regs/U15/Y (AOI221_X1P4M_A9TR40)                  0.14       1.68 f
  u_cfg_regs/U157/Y (MX2_X0P5B_A9TR40)                    0.21       1.89 r
  u_cfg_regs/medium_therm_o_reg[7]/D (DFFRPQ_X1M_A9TR40)
                                                          0.00       1.89 r
  data arrival time                                                  1.89

  clock cal_clk (rise edge)                               2.50       2.50
  clock network delay (ideal)                             0.00       2.50
  clock uncertainty                                      -0.05       2.45
  u_cfg_regs/medium_therm_o_reg[7]/CK (DFFRPQ_X1M_A9TR40)
                                                          0.00       2.45 r
  library setup time                                     -0.08       2.37
  data required time                                                 2.37
  --------------------------------------------------------------------------
  data required time                                                 2.37
  data arrival time                                                 -1.89
  --------------------------------------------------------------------------
  slack (MET)                                                        0.48


  Startpoint: u_cfg_regs/medium_code_o_reg[4]
              (rising edge-triggered flip-flop clocked by cal_clk)
  Endpoint: u_cfg_regs/medium_therm_o_reg[5]
            (rising edge-triggered flip-flop clocked by cal_clk)
  Path Group: cal_clk
  Path Type: max

  Des/Clust/Port     Wire Load Model       Library
  ------------------------------------------------
  ftc_cal_controller_top
                     Small                 sc9mc_logic0040ll_base_rvt_c40_ss_typical_max_0p99v_125c

  Point                                                   Incr       Path
  --------------------------------------------------------------------------
  clock cal_clk (rise edge)                               0.00       0.00
  clock network delay (ideal)                             0.00       0.00
  u_cfg_regs/medium_code_o_reg[4]/CK (DFFRPQ_X1M_A9TR40)
                                                          0.00       0.00 r
  u_cfg_regs/medium_code_o_reg[4]/Q (DFFRPQ_X1M_A9TR40)
                                                          0.34       0.34 r
  u_cfg_regs/U222/Y (INV_X0P5B_A9TR40)                    0.15       0.50 f
  u_cfg_regs/U48/Y (NAND4_X1M_A9TR40)                     0.17       0.66 r
  u_cfg_regs/U47/Y (NOR2_X1A_A9TR40)                      0.10       0.76 f
  u_cfg_regs/U180/Y (INV_X0P5B_A9TR40)                    0.10       0.86 r
  u_cfg_regs/U104/Y (NAND2_X1A_A9TR40)                    0.14       0.99 f
  u_cfg_regs/U114/Y (NOR2_X1P4B_A9TR40)                   0.13       1.13 r
  u_cfg_regs/U111/Y (NOR3BB_X1P4M_A9TR40)                 0.23       1.36 r
  u_cfg_regs/U172/Y (AND2_X0P5B_A9TR40)                   0.19       1.54 r
  u_cfg_regs/U65/Y (AOI221_X1P4M_A9TR40)                  0.14       1.68 f
  u_cfg_regs/U168/Y (MX2_X0P5B_A9TR40)                    0.21       1.89 r
  u_cfg_regs/medium_therm_o_reg[5]/D (DFFRPQ_X1M_A9TR40)
                                                          0.00       1.89 r
  data arrival time                                                  1.89

  clock cal_clk (rise edge)                               2.50       2.50
  clock network delay (ideal)                             0.00       2.50
  clock uncertainty                                      -0.05       2.45
  u_cfg_regs/medium_therm_o_reg[5]/CK (DFFRPQ_X1M_A9TR40)
                                                          0.00       2.45 r
  library setup time                                     -0.08       2.37
  data required time                                                 2.37
  --------------------------------------------------------------------------
  data required time                                                 2.37
  data arrival time                                                 -1.89
  --------------------------------------------------------------------------
  slack (MET)                                                        0.48


  Startpoint: u_cfg_regs/medium_code_o_reg[4]
              (rising edge-triggered flip-flop clocked by cal_clk)
  Endpoint: u_cfg_regs/medium_therm_o_reg[6]
            (rising edge-triggered flip-flop clocked by cal_clk)
  Path Group: cal_clk
  Path Type: max

  Des/Clust/Port     Wire Load Model       Library
  ------------------------------------------------
  ftc_cal_controller_top
                     Small                 sc9mc_logic0040ll_base_rvt_c40_ss_typical_max_0p99v_125c

  Point                                                   Incr       Path
  --------------------------------------------------------------------------
  clock cal_clk (rise edge)                               0.00       0.00
  clock network delay (ideal)                             0.00       0.00
  u_cfg_regs/medium_code_o_reg[4]/CK (DFFRPQ_X1M_A9TR40)
                                                          0.00       0.00 r
  u_cfg_regs/medium_code_o_reg[4]/Q (DFFRPQ_X1M_A9TR40)
                                                          0.34       0.34 r
  u_cfg_regs/U222/Y (INV_X0P5B_A9TR40)                    0.15       0.50 f
  u_cfg_regs/U48/Y (NAND4_X1M_A9TR40)                     0.17       0.66 r
  u_cfg_regs/U47/Y (NOR2_X1A_A9TR40)                      0.10       0.76 f
  u_cfg_regs/U180/Y (INV_X0P5B_A9TR40)                    0.10       0.86 r
  u_cfg_regs/U104/Y (NAND2_X1A_A9TR40)                    0.14       0.99 f
  u_cfg_regs/U114/Y (NOR2_X1P4B_A9TR40)                   0.13       1.13 r
  u_cfg_regs/U71/Y (NOR3BB_X1P4M_A9TR40)                  0.23       1.36 r
  u_cfg_regs/U113/Y (AND2_X0P5M_A9TR40)                   0.18       1.54 r
  u_cfg_regs/U69/Y (AOI221_X1P4M_A9TR40)                  0.14       1.68 f
  u_cfg_regs/U140/Y (MX2_X0P5B_A9TR40)                    0.21       1.89 r
  u_cfg_regs/medium_therm_o_reg[6]/D (DFFRPQ_X1M_A9TR40)
                                                          0.00       1.89 r
  data arrival time                                                  1.89

  clock cal_clk (rise edge)                               2.50       2.50
  clock network delay (ideal)                             0.00       2.50
  clock uncertainty                                      -0.05       2.45
  u_cfg_regs/medium_therm_o_reg[6]/CK (DFFRPQ_X1M_A9TR40)
                                                          0.00       2.45 r
  library setup time                                     -0.08       2.37
  data required time                                                 2.37
  --------------------------------------------------------------------------
  data required time                                                 2.37
  data arrival time                                                 -1.89
  --------------------------------------------------------------------------
  slack (MET)                                                        0.48


  Startpoint: u_cfg_regs/medium_code_o_reg[4]
              (rising edge-triggered flip-flop clocked by cal_clk)
  Endpoint: u_cfg_regs/medium_therm_o_reg[13]
            (rising edge-triggered flip-flop clocked by cal_clk)
  Path Group: cal_clk
  Path Type: max

  Des/Clust/Port     Wire Load Model       Library
  ------------------------------------------------
  ftc_cal_controller_top
                     Small                 sc9mc_logic0040ll_base_rvt_c40_ss_typical_max_0p99v_125c

  Point                                                   Incr       Path
  --------------------------------------------------------------------------
  clock cal_clk (rise edge)                               0.00       0.00
  clock network delay (ideal)                             0.00       0.00
  u_cfg_regs/medium_code_o_reg[4]/CK (DFFRPQ_X1M_A9TR40)
                                                          0.00       0.00 r
  u_cfg_regs/medium_code_o_reg[4]/Q (DFFRPQ_X1M_A9TR40)
                                                          0.34       0.34 r
  u_cfg_regs/U222/Y (INV_X0P5B_A9TR40)                    0.15       0.50 f
  u_cfg_regs/U48/Y (NAND4_X1M_A9TR40)                     0.17       0.66 r
  u_cfg_regs/U47/Y (NOR2_X1A_A9TR40)                      0.10       0.76 f
  u_cfg_regs/U180/Y (INV_X0P5B_A9TR40)                    0.10       0.86 r
  u_cfg_regs/U104/Y (NAND2_X1A_A9TR40)                    0.14       0.99 f
  u_cfg_regs/U114/Y (NOR2_X1P4B_A9TR40)                   0.13       1.13 r
  u_cfg_regs/U112/Y (AND3_X0P7M_A9TR40)                   0.21       1.34 r
  u_cfg_regs/U164/Y (AND2_X0P5B_A9TR40)                   0.18       1.52 r
  u_cfg_regs/U63/Y (AOI221_X1P4M_A9TR40)                  0.14       1.66 f
  u_cfg_regs/U160/Y (MX2_X0P5B_A9TR40)                    0.21       1.87 r
  u_cfg_regs/medium_therm_o_reg[13]/D (DFFRPQ_X1M_A9TR40)
                                                          0.00       1.87 r
  data arrival time                                                  1.87

  clock cal_clk (rise edge)                               2.50       2.50
  clock network delay (ideal)                             0.00       2.50
  clock uncertainty                                      -0.05       2.45
  u_cfg_regs/medium_therm_o_reg[13]/CK (DFFRPQ_X1M_A9TR40)
                                                          0.00       2.45 r
  library setup time                                     -0.08       2.37
  data required time                                                 2.37
  --------------------------------------------------------------------------
  data required time                                                 2.37
  data arrival time                                                 -1.87
  --------------------------------------------------------------------------
  slack (MET)                                                        0.50


  Startpoint: u_cfg_regs/medium_code_o_reg[4]
              (rising edge-triggered flip-flop clocked by cal_clk)
  Endpoint: u_cfg_regs/medium_therm_o_reg[9]
            (rising edge-triggered flip-flop clocked by cal_clk)
  Path Group: cal_clk
  Path Type: max

  Des/Clust/Port     Wire Load Model       Library
  ------------------------------------------------
  ftc_cal_controller_top
                     Small                 sc9mc_logic0040ll_base_rvt_c40_ss_typical_max_0p99v_125c

  Point                                                   Incr       Path
  --------------------------------------------------------------------------
  clock cal_clk (rise edge)                               0.00       0.00
  clock network delay (ideal)                             0.00       0.00
  u_cfg_regs/medium_code_o_reg[4]/CK (DFFRPQ_X1M_A9TR40)
                                                          0.00       0.00 r
  u_cfg_regs/medium_code_o_reg[4]/Q (DFFRPQ_X1M_A9TR40)
                                                          0.34       0.34 r
  u_cfg_regs/U222/Y (INV_X0P5B_A9TR40)                    0.15       0.50 f
  u_cfg_regs/U48/Y (NAND4_X1M_A9TR40)                     0.17       0.66 r
  u_cfg_regs/U47/Y (NOR2_X1A_A9TR40)                      0.10       0.76 f
  u_cfg_regs/U180/Y (INV_X0P5B_A9TR40)                    0.10       0.86 r
  u_cfg_regs/U104/Y (NAND2_X1A_A9TR40)                    0.14       0.99 f
  u_cfg_regs/U114/Y (NOR2_X1P4B_A9TR40)                   0.13       1.13 r
  u_cfg_regs/U112/Y (AND3_X0P7M_A9TR40)                   0.21       1.34 r
  u_cfg_regs/U167/Y (AND2_X0P5B_A9TR40)                   0.18       1.52 r
  u_cfg_regs/U64/Y (AOI221_X1P4M_A9TR40)                  0.14       1.66 f
  u_cfg_regs/U165/Y (MX2_X0P5B_A9TR40)                    0.21       1.87 r
  u_cfg_regs/medium_therm_o_reg[9]/D (DFFRPQ_X1M_A9TR40)
                                                          0.00       1.87 r
  data arrival time                                                  1.87

  clock cal_clk (rise edge)                               2.50       2.50
  clock network delay (ideal)                             0.00       2.50
  clock uncertainty                                      -0.05       2.45
  u_cfg_regs/medium_therm_o_reg[9]/CK (DFFRPQ_X1M_A9TR40)
                                                          0.00       2.45 r
  library setup time                                     -0.08       2.37
  data required time                                                 2.37
  --------------------------------------------------------------------------
  data required time                                                 2.37
  data arrival time                                                 -1.87
  --------------------------------------------------------------------------
  slack (MET)                                                        0.50


  Startpoint: u_cfg_regs/fine_code_o_reg[1]
              (rising edge-triggered flip-flop clocked by cal_clk)
  Endpoint: u_cfg_regs/fine_therm_o_reg[0]
            (rising edge-triggered flip-flop clocked by cal_clk)
  Path Group: cal_clk
  Path Type: max

  Des/Clust/Port     Wire Load Model       Library
  ------------------------------------------------
  ftc_cal_controller_top
                     Small                 sc9mc_logic0040ll_base_rvt_c40_ss_typical_max_0p99v_125c

  Point                                                   Incr       Path
  --------------------------------------------------------------------------
  clock cal_clk (rise edge)                               0.00       0.00
  clock network delay (ideal)                             0.00       0.00
  u_cfg_regs/fine_code_o_reg[1]/CK (DFFRPQ_X1M_A9TR40)
                                                          0.00       0.00 r
  u_cfg_regs/fine_code_o_reg[1]/Q (DFFRPQ_X1M_A9TR40)     0.29       0.29 f
  u_cfg_regs/U221/Y (INV_X0P5B_A9TR40)                    0.12       0.41 r
  u_cfg_regs/U220/Y (NAND2_X0P5A_A9TR40)                  0.16       0.57 f
  u_cfg_regs/U45/Y (NOR2_X1P4B_A9TR40)                    0.15       0.72 r
  u_cfg_regs/U219/Y (INV_X0P5B_A9TR40)                    0.13       0.85 f
  u_cfg_regs/U90/Y (NOR2_X1A_A9TR40)                      0.15       1.00 r
  u_cfg_regs/U118/Y (NOR2XB_X2M_A9TR40)                   0.14       1.14 f
  u_cfg_regs/U88/Y (NAND3_X0P5M_A9TR40)                   0.16       1.29 r
  u_cfg_regs/U214/Y (INV_X0P5B_A9TR40)                    0.16       1.45 f
  u_cfg_regs/U211/Y (AND3_X0P5M_A9TR40)                   0.17       1.62 f
  u_cfg_regs/U57/Y (AOI211_X2M_A9TR40)                    0.09       1.71 r
  u_cfg_regs/U210/Y (MXIT2_X0P5M_A9TR40)                  0.13       1.84 r
  u_cfg_regs/fine_therm_o_reg[0]/D (DFFSQ_X1M_A9TR40)     0.00       1.84 r
  data arrival time                                                  1.84

  clock cal_clk (rise edge)                               2.50       2.50
  clock network delay (ideal)                             0.00       2.50
  clock uncertainty                                      -0.05       2.45
  u_cfg_regs/fine_therm_o_reg[0]/CK (DFFSQ_X1M_A9TR40)
                                                          0.00       2.45 r
  library setup time                                     -0.09       2.36
  data required time                                                 2.36
  --------------------------------------------------------------------------
  data required time                                                 2.36
  data arrival time                                                 -1.84
  --------------------------------------------------------------------------
  slack (MET)                                                        0.51


  Startpoint: u_cfg_regs/medium_code_o_reg[4]
              (rising edge-triggered flip-flop clocked by cal_clk)
  Endpoint: u_cfg_regs/medium_therm_o_reg[10]
            (rising edge-triggered flip-flop clocked by cal_clk)
  Path Group: cal_clk
  Path Type: max

  Des/Clust/Port     Wire Load Model       Library
  ------------------------------------------------
  ftc_cal_controller_top
                     Small                 sc9mc_logic0040ll_base_rvt_c40_ss_typical_max_0p99v_125c

  Point                                                   Incr       Path
  --------------------------------------------------------------------------
  clock cal_clk (rise edge)                               0.00       0.00
  clock network delay (ideal)                             0.00       0.00
  u_cfg_regs/medium_code_o_reg[4]/CK (DFFRPQ_X1M_A9TR40)
                                                          0.00       0.00 r
  u_cfg_regs/medium_code_o_reg[4]/Q (DFFRPQ_X1M_A9TR40)
                                                          0.34       0.34 r
  u_cfg_regs/U222/Y (INV_X0P5B_A9TR40)                    0.15       0.50 f
  u_cfg_regs/U48/Y (NAND4_X1M_A9TR40)                     0.17       0.66 r
  u_cfg_regs/U47/Y (NOR2_X1A_A9TR40)                      0.10       0.76 f
  u_cfg_regs/U180/Y (INV_X0P5B_A9TR40)                    0.10       0.86 r
  u_cfg_regs/U104/Y (NAND2_X1A_A9TR40)                    0.14       0.99 f
  u_cfg_regs/U114/Y (NOR2_X1P4B_A9TR40)                   0.13       1.13 r
  u_cfg_regs/U72/Y (AND3_X1M_A9TR40)                      0.19       1.32 r
  u_cfg_regs/U139/Y (AND2_X0P5B_A9TR40)                   0.18       1.50 r
  u_cfg_regs/U68/Y (AOI221_X1P4M_A9TR40)                  0.14       1.64 f
  u_cfg_regs/U137/Y (MX2_X0P5B_A9TR40)                    0.21       1.85 r
  u_cfg_regs/medium_therm_o_reg[10]/D (DFFRPQ_X1M_A9TR40)
                                                          0.00       1.85 r
  data arrival time                                                  1.85

  clock cal_clk (rise edge)                               2.50       2.50
  clock network delay (ideal)                             0.00       2.50
  clock uncertainty                                      -0.05       2.45
  u_cfg_regs/medium_therm_o_reg[10]/CK (DFFRPQ_X1M_A9TR40)
                                                          0.00       2.45 r
  library setup time                                     -0.08       2.37
  data required time                                                 2.37
  --------------------------------------------------------------------------
  data required time                                                 2.37
  data arrival time                                                 -1.85
  --------------------------------------------------------------------------
  slack (MET)                                                        0.52


  Startpoint: u_cfg_regs/medium_code_o_reg[4]
              (rising edge-triggered flip-flop clocked by cal_clk)
  Endpoint: u_cfg_regs/medium_therm_o_reg[14]
            (rising edge-triggered flip-flop clocked by cal_clk)
  Path Group: cal_clk
  Path Type: max

  Des/Clust/Port     Wire Load Model       Library
  ------------------------------------------------
  ftc_cal_controller_top
                     Small                 sc9mc_logic0040ll_base_rvt_c40_ss_typical_max_0p99v_125c

  Point                                                   Incr       Path
  --------------------------------------------------------------------------
  clock cal_clk (rise edge)                               0.00       0.00
  clock network delay (ideal)                             0.00       0.00
  u_cfg_regs/medium_code_o_reg[4]/CK (DFFRPQ_X1M_A9TR40)
                                                          0.00       0.00 r
  u_cfg_regs/medium_code_o_reg[4]/Q (DFFRPQ_X1M_A9TR40)
                                                          0.34       0.34 r
  u_cfg_regs/U222/Y (INV_X0P5B_A9TR40)                    0.15       0.50 f
  u_cfg_regs/U48/Y (NAND4_X1M_A9TR40)                     0.17       0.66 r
  u_cfg_regs/U47/Y (NOR2_X1A_A9TR40)                      0.10       0.76 f
  u_cfg_regs/U180/Y (INV_X0P5B_A9TR40)                    0.10       0.86 r
  u_cfg_regs/U104/Y (NAND2_X1A_A9TR40)                    0.14       0.99 f
  u_cfg_regs/U114/Y (NOR2_X1P4B_A9TR40)                   0.13       1.13 r
  u_cfg_regs/U72/Y (AND3_X1M_A9TR40)                      0.19       1.32 r
  u_cfg_regs/U136/Y (AND2_X0P5B_A9TR40)                   0.18       1.50 r
  u_cfg_regs/U67/Y (AOI221_X1P4M_A9TR40)                  0.14       1.64 f
  u_cfg_regs/U134/Y (MX2_X0P5B_A9TR40)                    0.21       1.85 r
  u_cfg_regs/medium_therm_o_reg[14]/D (DFFRPQ_X1M_A9TR40)
                                                          0.00       1.85 r
  data arrival time                                                  1.85

  clock cal_clk (rise edge)                               2.50       2.50
  clock network delay (ideal)                             0.00       2.50
  clock uncertainty                                      -0.05       2.45
  u_cfg_regs/medium_therm_o_reg[14]/CK (DFFRPQ_X1M_A9TR40)
                                                          0.00       2.45 r
  library setup time                                     -0.08       2.37
  data required time                                                 2.37
  --------------------------------------------------------------------------
  data required time                                                 2.37
  data arrival time                                                 -1.85
  --------------------------------------------------------------------------
  slack (MET)                                                        0.52


  Startpoint: u_fsm/state_q_reg[1]
              (rising edge-triggered flip-flop clocked by cal_clk)
  Endpoint: u_fsm/state_q_reg[2]
            (rising edge-triggered flip-flop clocked by cal_clk)
  Path Group: cal_clk
  Path Type: max

  Des/Clust/Port     Wire Load Model       Library
  ------------------------------------------------
  ftc_cal_controller_top
                     Small                 sc9mc_logic0040ll_base_rvt_c40_ss_typical_max_0p99v_125c

  Point                                                   Incr       Path
  --------------------------------------------------------------------------
  clock cal_clk (rise edge)                               0.00       0.00
  clock network delay (ideal)                             0.00       0.00
  u_fsm/state_q_reg[1]/CK (DFFRPQ_X2M_A9TR40)             0.00       0.00 r
  u_fsm/state_q_reg[1]/Q (DFFRPQ_X2M_A9TR40)              0.29       0.29 r
  u_fsm/U141/Y (INV_X2M_A9TR40)                           0.08       0.37 f
  u_fsm/U140/Y (NOR2_X2A_A9TR40)                          0.09       0.47 r
  u_fsm/U111/Y (INV_X1M_A9TR40)                           0.09       0.56 f
  u_fsm/U7/Y (NOR3_X3A_A9TR40)                            0.14       0.70 r
  u_fsm/U105/Y (INV_X1M_A9TR40)                           0.10       0.80 f
  u_fsm/U99/Y (NAND2_X1A_A9TR40)                          0.09       0.89 r
  u_fsm/U17/Y (NOR2_X1A_A9TR40)                           0.07       0.96 f
  u_fsm/U18/Y (NAND3_X1M_A9TR40)                          0.12       1.08 r
  u_fsm/U52/Y (INV_X1M_A9TR40)                            0.11       1.19 f
  u_fsm/U38/Y (AOI31_X1M_A9TR40)                          0.14       1.33 r
  u_fsm/U118/Y (INV_X1M_A9TR40)                           0.08       1.40 f
  u_fsm/U138/Y (AOI32_X1M_A9TR40)                         0.12       1.52 r
  u_fsm/U34/Y (NAND3_X2M_A9TR40)                          0.13       1.65 f
  u_fsm/U90/Y (INV_X1M_A9TR40)                            0.11       1.77 r
  u_fsm/U102/Y (OAI22_X1M_A9TR40)                         0.10       1.87 f
  u_fsm/state_q_reg[2]/D (DFFRPQ_X1M_A9TR40)              0.00       1.87 f
  data arrival time                                                  1.87

  clock cal_clk (rise edge)                               2.50       2.50
  clock network delay (ideal)                             0.00       2.50
  clock uncertainty                                      -0.05       2.45
  u_fsm/state_q_reg[2]/CK (DFFRPQ_X1M_A9TR40)             0.00       2.45 r
  library setup time                                     -0.05       2.40
  data required time                                                 2.40
  --------------------------------------------------------------------------
  data required time                                                 2.40
  data arrival time                                                 -1.87
  --------------------------------------------------------------------------
  slack (MET)                                                        0.53


  Startpoint: u_cfg_regs/medium_code_o_reg[4]
              (rising edge-triggered flip-flop clocked by cal_clk)
  Endpoint: u_cfg_regs/medium_therm_o_reg[4]
            (rising edge-triggered flip-flop clocked by cal_clk)
  Path Group: cal_clk
  Path Type: max

  Des/Clust/Port     Wire Load Model       Library
  ------------------------------------------------
  ftc_cal_controller_top
                     Small                 sc9mc_logic0040ll_base_rvt_c40_ss_typical_max_0p99v_125c

  Point                                                   Incr       Path
  --------------------------------------------------------------------------
  clock cal_clk (rise edge)                               0.00       0.00
  clock network delay (ideal)                             0.00       0.00
  u_cfg_regs/medium_code_o_reg[4]/CK (DFFRPQ_X1M_A9TR40)
                                                          0.00       0.00 r
  u_cfg_regs/medium_code_o_reg[4]/Q (DFFRPQ_X1M_A9TR40)
                                                          0.34       0.34 r
  u_cfg_regs/U222/Y (INV_X0P5B_A9TR40)                    0.15       0.50 f
  u_cfg_regs/U48/Y (NAND4_X1M_A9TR40)                     0.17       0.66 r
  u_cfg_regs/U47/Y (NOR2_X1A_A9TR40)                      0.10       0.76 f
  u_cfg_regs/U180/Y (INV_X0P5B_A9TR40)                    0.10       0.86 r
  u_cfg_regs/U104/Y (NAND2_X1A_A9TR40)                    0.14       0.99 f
  u_cfg_regs/U114/Y (NOR2_X1P4B_A9TR40)                   0.13       1.13 r
  u_cfg_regs/U71/Y (NOR3BB_X1P4M_A9TR40)                  0.23       1.36 r
  u_cfg_regs/U149/Y (AND2_X0P5B_A9TR40)                   0.19       1.55 r
  u_cfg_regs/U36/Y (AOI211_X1M_A9TR40)                    0.12       1.67 f
  u_cfg_regs/U11/Y (MXT2_X0P7M_A9TR40)                    0.17       1.84 r
  u_cfg_regs/medium_therm_o_reg[4]/D (DFFRPQ_X1M_A9TR40)
                                                          0.00       1.84 r
  data arrival time                                                  1.84

  clock cal_clk (rise edge)                               2.50       2.50
  clock network delay (ideal)                             0.00       2.50
  clock uncertainty                                      -0.05       2.45
  u_cfg_regs/medium_therm_o_reg[4]/CK (DFFRPQ_X1M_A9TR40)
                                                          0.00       2.45 r
  library setup time                                     -0.07       2.38
  data required time                                                 2.38
  --------------------------------------------------------------------------
  data required time                                                 2.38
  data arrival time                                                 -1.84
  --------------------------------------------------------------------------
  slack (MET)                                                        0.54


  Startpoint: u_fsm/state_q_reg[1]
              (rising edge-triggered flip-flop clocked by cal_clk)
  Endpoint: u_fsm/state_q_reg[3]
            (rising edge-triggered flip-flop clocked by cal_clk)
  Path Group: cal_clk
  Path Type: max

  Des/Clust/Port     Wire Load Model       Library
  ------------------------------------------------
  ftc_cal_controller_top
                     Small                 sc9mc_logic0040ll_base_rvt_c40_ss_typical_max_0p99v_125c

  Point                                                   Incr       Path
  --------------------------------------------------------------------------
  clock cal_clk (rise edge)                               0.00       0.00
  clock network delay (ideal)                             0.00       0.00
  u_fsm/state_q_reg[1]/CK (DFFRPQ_X2M_A9TR40)             0.00       0.00 r
  u_fsm/state_q_reg[1]/Q (DFFRPQ_X2M_A9TR40)              0.29       0.29 r
  u_fsm/U141/Y (INV_X2M_A9TR40)                           0.08       0.37 f
  u_fsm/U140/Y (NOR2_X2A_A9TR40)                          0.09       0.47 r
  u_fsm/U111/Y (INV_X1M_A9TR40)                           0.09       0.56 f
  u_fsm/U7/Y (NOR3_X3A_A9TR40)                            0.14       0.70 r
  u_fsm/U105/Y (INV_X1M_A9TR40)                           0.10       0.80 f
  u_fsm/U99/Y (NAND2_X1A_A9TR40)                          0.09       0.89 r
  u_fsm/U17/Y (NOR2_X1A_A9TR40)                           0.07       0.96 f
  u_fsm/U18/Y (NAND3_X1M_A9TR40)                          0.12       1.08 r
  u_fsm/U52/Y (INV_X1M_A9TR40)                            0.11       1.19 f
  u_fsm/U38/Y (AOI31_X1M_A9TR40)                          0.14       1.33 r
  u_fsm/U118/Y (INV_X1M_A9TR40)                           0.08       1.40 f
  u_fsm/U138/Y (AOI32_X1M_A9TR40)                         0.12       1.52 r
  u_fsm/U34/Y (NAND3_X2M_A9TR40)                          0.13       1.65 f
  u_fsm/U90/Y (INV_X1M_A9TR40)                            0.11       1.77 r
  u_fsm/U115/Y (OAI21_X1M_A9TR40)                         0.10       1.87 f
  u_fsm/state_q_reg[3]/D (DFFRPQ_X2M_A9TR40)              0.00       1.87 f
  data arrival time                                                  1.87

  clock cal_clk (rise edge)                               2.50       2.50
  clock network delay (ideal)                             0.00       2.50
  clock uncertainty                                      -0.05       2.45
  u_fsm/state_q_reg[3]/CK (DFFRPQ_X2M_A9TR40)             0.00       2.45 r
  library setup time                                     -0.03       2.42
  data required time                                                 2.42
  --------------------------------------------------------------------------
  data required time                                                 2.42
  data arrival time                                                 -1.87
  --------------------------------------------------------------------------
  slack (MET)                                                        0.54


  Startpoint: u_fsm/state_q_reg[1]
              (rising edge-triggered flip-flop clocked by cal_clk)
  Endpoint: u_fsm/state_q_reg[1]
            (rising edge-triggered flip-flop clocked by cal_clk)
  Path Group: cal_clk
  Path Type: max

  Des/Clust/Port     Wire Load Model       Library
  ------------------------------------------------
  ftc_cal_controller_top
                     Small                 sc9mc_logic0040ll_base_rvt_c40_ss_typical_max_0p99v_125c

  Point                                                   Incr       Path
  --------------------------------------------------------------------------
  clock cal_clk (rise edge)                               0.00       0.00
  clock network delay (ideal)                             0.00       0.00
  u_fsm/state_q_reg[1]/CK (DFFRPQ_X2M_A9TR40)             0.00       0.00 r
  u_fsm/state_q_reg[1]/Q (DFFRPQ_X2M_A9TR40)              0.29       0.29 r
  u_fsm/U141/Y (INV_X2M_A9TR40)                           0.08       0.37 f
  u_fsm/U140/Y (NOR2_X2A_A9TR40)                          0.09       0.47 r
  u_fsm/U111/Y (INV_X1M_A9TR40)                           0.09       0.56 f
  u_fsm/U7/Y (NOR3_X3A_A9TR40)                            0.14       0.70 r
  u_fsm/U105/Y (INV_X1M_A9TR40)                           0.10       0.80 f
  u_fsm/U99/Y (NAND2_X1A_A9TR40)                          0.09       0.89 r
  u_fsm/U17/Y (NOR2_X1A_A9TR40)                           0.07       0.96 f
  u_fsm/U18/Y (NAND3_X1M_A9TR40)                          0.12       1.08 r
  u_fsm/U52/Y (INV_X1M_A9TR40)                            0.11       1.19 f
  u_fsm/U38/Y (AOI31_X1M_A9TR40)                          0.14       1.33 r
  u_fsm/U118/Y (INV_X1M_A9TR40)                           0.08       1.40 f
  u_fsm/U138/Y (AOI32_X1M_A9TR40)                         0.12       1.52 r
  u_fsm/U34/Y (NAND3_X2M_A9TR40)                          0.13       1.65 f
  u_fsm/U90/Y (INV_X1M_A9TR40)                            0.11       1.77 r
  u_fsm/U108/Y (OAI22_X1M_A9TR40)                         0.10       1.87 f
  u_fsm/state_q_reg[1]/D (DFFRPQ_X2M_A9TR40)              0.00       1.87 f
  data arrival time                                                  1.87

  clock cal_clk (rise edge)                               2.50       2.50
  clock network delay (ideal)                             0.00       2.50
  clock uncertainty                                      -0.05       2.45
  u_fsm/state_q_reg[1]/CK (DFFRPQ_X2M_A9TR40)             0.00       2.45 r
  library setup time                                     -0.04       2.41
  data required time                                                 2.41
  --------------------------------------------------------------------------
  data required time                                                 2.41
  data arrival time                                                 -1.87
  --------------------------------------------------------------------------
  slack (MET)                                                        0.55


  Startpoint: u_cfg_regs/medium_code_o_reg[4]
              (rising edge-triggered flip-flop clocked by cal_clk)
  Endpoint: u_cfg_regs/medium_therm_o_reg[2]
            (rising edge-triggered flip-flop clocked by cal_clk)
  Path Group: cal_clk
  Path Type: max

  Des/Clust/Port     Wire Load Model       Library
  ------------------------------------------------
  ftc_cal_controller_top
                     Small                 sc9mc_logic0040ll_base_rvt_c40_ss_typical_max_0p99v_125c

  Point                                                   Incr       Path
  --------------------------------------------------------------------------
  clock cal_clk (rise edge)                               0.00       0.00
  clock network delay (ideal)                             0.00       0.00
  u_cfg_regs/medium_code_o_reg[4]/CK (DFFRPQ_X1M_A9TR40)
                                                          0.00       0.00 r
  u_cfg_regs/medium_code_o_reg[4]/Q (DFFRPQ_X1M_A9TR40)
                                                          0.34       0.34 r
  u_cfg_regs/U222/Y (INV_X0P5B_A9TR40)                    0.15       0.50 f
  u_cfg_regs/U48/Y (NAND4_X1M_A9TR40)                     0.17       0.66 r
  u_cfg_regs/U47/Y (NOR2_X1A_A9TR40)                      0.10       0.76 f
  u_cfg_regs/U180/Y (INV_X0P5B_A9TR40)                    0.10       0.86 r
  u_cfg_regs/U104/Y (NAND2_X1A_A9TR40)                    0.14       0.99 f
  u_cfg_regs/U114/Y (NOR2_X1P4B_A9TR40)                   0.13       1.13 r
  u_cfg_regs/U71/Y (NOR3BB_X1P4M_A9TR40)                  0.23       1.36 r
  u_cfg_regs/U176/Y (AND2_X0P5B_A9TR40)                   0.18       1.54 r
  u_cfg_regs/U37/Y (AOI211_X1M_A9TR40)                    0.12       1.66 f
  u_cfg_regs/U14/Y (MXT2_X0P7M_A9TR40)                    0.17       1.83 r
  u_cfg_regs/medium_therm_o_reg[2]/D (DFFRPQ_X1M_A9TR40)
                                                          0.00       1.83 r
  data arrival time                                                  1.83

  clock cal_clk (rise edge)                               2.50       2.50
  clock network delay (ideal)                             0.00       2.50
  clock uncertainty                                      -0.05       2.45
  u_cfg_regs/medium_therm_o_reg[2]/CK (DFFRPQ_X1M_A9TR40)
                                                          0.00       2.45 r
  library setup time                                     -0.07       2.38
  data required time                                                 2.38
  --------------------------------------------------------------------------
  data required time                                                 2.38
  data arrival time                                                 -1.83
  --------------------------------------------------------------------------
  slack (MET)                                                        0.55


  Startpoint: u_fsm/state_q_reg[1]
              (rising edge-triggered flip-flop clocked by cal_clk)
  Endpoint: u_fsm/state_q_reg[0]
            (rising edge-triggered flip-flop clocked by cal_clk)
  Path Group: cal_clk
  Path Type: max

  Des/Clust/Port     Wire Load Model       Library
  ------------------------------------------------
  ftc_cal_controller_top
                     Small                 sc9mc_logic0040ll_base_rvt_c40_ss_typical_max_0p99v_125c

  Point                                                   Incr       Path
  --------------------------------------------------------------------------
  clock cal_clk (rise edge)                               0.00       0.00
  clock network delay (ideal)                             0.00       0.00
  u_fsm/state_q_reg[1]/CK (DFFRPQ_X2M_A9TR40)             0.00       0.00 r
  u_fsm/state_q_reg[1]/Q (DFFRPQ_X2M_A9TR40)              0.29       0.29 r
  u_fsm/U141/Y (INV_X2M_A9TR40)                           0.08       0.37 f
  u_fsm/U140/Y (NOR2_X2A_A9TR40)                          0.09       0.47 r
  u_fsm/U111/Y (INV_X1M_A9TR40)                           0.09       0.56 f
  u_fsm/U7/Y (NOR3_X3A_A9TR40)                            0.14       0.70 r
  u_fsm/U105/Y (INV_X1M_A9TR40)                           0.10       0.80 f
  u_fsm/U99/Y (NAND2_X1A_A9TR40)                          0.09       0.89 r
  u_fsm/U17/Y (NOR2_X1A_A9TR40)                           0.07       0.96 f
  u_fsm/U18/Y (NAND3_X1M_A9TR40)                          0.12       1.08 r
  u_fsm/U52/Y (INV_X1M_A9TR40)                            0.11       1.19 f
  u_fsm/U38/Y (AOI31_X1M_A9TR40)                          0.14       1.33 r
  u_fsm/U118/Y (INV_X1M_A9TR40)                           0.08       1.40 f
  u_fsm/U138/Y (AOI32_X1M_A9TR40)                         0.12       1.52 r
  u_fsm/U34/Y (NAND3_X2M_A9TR40)                          0.13       1.65 f
  u_fsm/U90/Y (INV_X1M_A9TR40)                            0.11       1.77 r
  u_fsm/U91/Y (OAI22_X1M_A9TR40)                          0.10       1.87 f
  u_fsm/state_q_reg[0]/D (DFFRPQ_X2M_A9TR40)              0.00       1.87 f
  data arrival time                                                  1.87

  clock cal_clk (rise edge)                               2.50       2.50
  clock network delay (ideal)                             0.00       2.50
  clock uncertainty                                      -0.05       2.45
  u_fsm/state_q_reg[0]/CK (DFFRPQ_X2M_A9TR40)             0.00       2.45 r
  library setup time                                     -0.04       2.41
  data required time                                                 2.41
  --------------------------------------------------------------------------
  data required time                                                 2.41
  data arrival time                                                 -1.87
  --------------------------------------------------------------------------
  slack (MET)                                                        0.55


  Startpoint: u_cfg_regs/medium_code_o_reg[4]
              (rising edge-triggered flip-flop clocked by cal_clk)
  Endpoint: u_cfg_regs/medium_therm_o_reg[1]
            (rising edge-triggered flip-flop clocked by cal_clk)
  Path Group: cal_clk
  Path Type: max

  Des/Clust/Port     Wire Load Model       Library
  ------------------------------------------------
  ftc_cal_controller_top
                     Small                 sc9mc_logic0040ll_base_rvt_c40_ss_typical_max_0p99v_125c

  Point                                                   Incr       Path
  --------------------------------------------------------------------------
  clock cal_clk (rise edge)                               0.00       0.00
  clock network delay (ideal)                             0.00       0.00
  u_cfg_regs/medium_code_o_reg[4]/CK (DFFRPQ_X1M_A9TR40)
                                                          0.00       0.00 r
  u_cfg_regs/medium_code_o_reg[4]/Q (DFFRPQ_X1M_A9TR40)
                                                          0.31       0.31 f
  u_cfg_regs/U222/Y (INV_X0P5B_A9TR40)                    0.14       0.44 r
  u_cfg_regs/U48/Y (NAND4_X1M_A9TR40)                     0.18       0.63 f
  u_cfg_regs/U47/Y (NOR2_X1A_A9TR40)                      0.15       0.78 r
  u_cfg_regs/U180/Y (INV_X0P5B_A9TR40)                    0.13       0.91 f
  u_cfg_regs/U104/Y (NAND2_X1A_A9TR40)                    0.13       1.04 r
  u_cfg_regs/U114/Y (NOR2_X1P4B_A9TR40)                   0.13       1.17 f
  u_cfg_regs/U111/Y (NOR3BB_X1P4M_A9TR40)                 0.17       1.35 f
  u_cfg_regs/U179/Y (AND2_X0P5B_A9TR40)                   0.16       1.50 f
  u_cfg_regs/U40/Y (AOI211_X1M_A9TR40)                    0.17       1.68 r
  u_cfg_regs/U17/Y (MXT2_X0P7M_A9TR40)                    0.19       1.86 f
  u_cfg_regs/medium_therm_o_reg[1]/D (DFFRPQ_X1M_A9TR40)
                                                          0.00       1.86 f
  data arrival time                                                  1.86

  clock cal_clk (rise edge)                               2.50       2.50
  clock network delay (ideal)                             0.00       2.50
  clock uncertainty                                      -0.05       2.45
  u_cfg_regs/medium_therm_o_reg[1]/CK (DFFRPQ_X1M_A9TR40)
                                                          0.00       2.45 r
  library setup time                                     -0.04       2.41
  data required time                                                 2.41
  --------------------------------------------------------------------------
  data required time                                                 2.41
  data arrival time                                                 -1.86
  --------------------------------------------------------------------------
  slack (MET)                                                        0.55


  Startpoint: u_cfg_regs/medium_code_o_reg[4]
              (rising edge-triggered flip-flop clocked by cal_clk)
  Endpoint: u_cfg_regs/medium_therm_o_reg[3]
            (rising edge-triggered flip-flop clocked by cal_clk)
  Path Group: cal_clk
  Path Type: max

  Des/Clust/Port     Wire Load Model       Library
  ------------------------------------------------
  ftc_cal_controller_top
                     Small                 sc9mc_logic0040ll_base_rvt_c40_ss_typical_max_0p99v_125c

  Point                                                   Incr       Path
  --------------------------------------------------------------------------
  clock cal_clk (rise edge)                               0.00       0.00
  clock network delay (ideal)                             0.00       0.00
  u_cfg_regs/medium_code_o_reg[4]/CK (DFFRPQ_X1M_A9TR40)
                                                          0.00       0.00 r
  u_cfg_regs/medium_code_o_reg[4]/Q (DFFRPQ_X1M_A9TR40)
                                                          0.31       0.31 f
  u_cfg_regs/U222/Y (INV_X0P5B_A9TR40)                    0.14       0.44 r
  u_cfg_regs/U48/Y (NAND4_X1M_A9TR40)                     0.18       0.63 f
  u_cfg_regs/U47/Y (NOR2_X1A_A9TR40)                      0.15       0.78 r
  u_cfg_regs/U180/Y (INV_X0P5B_A9TR40)                    0.13       0.91 f
  u_cfg_regs/U104/Y (NAND2_X1A_A9TR40)                    0.13       1.04 r
  u_cfg_regs/U114/Y (NOR2_X1P4B_A9TR40)                   0.13       1.17 f
  u_cfg_regs/U111/Y (NOR3BB_X1P4M_A9TR40)                 0.17       1.35 f
  u_cfg_regs/U151/Y (AND2_X0P5B_A9TR40)                   0.16       1.50 f
  u_cfg_regs/U39/Y (AOI211_X1M_A9TR40)                    0.17       1.68 r
  u_cfg_regs/U13/Y (MXT2_X0P7M_A9TR40)                    0.19       1.86 f
  u_cfg_regs/medium_therm_o_reg[3]/D (DFFRPQ_X1M_A9TR40)
                                                          0.00       1.86 f
  data arrival time                                                  1.86

  clock cal_clk (rise edge)                               2.50       2.50
  clock network delay (ideal)                             0.00       2.50
  clock uncertainty                                      -0.05       2.45
  u_cfg_regs/medium_therm_o_reg[3]/CK (DFFRPQ_X1M_A9TR40)
                                                          0.00       2.45 r
  library setup time                                     -0.04       2.41
  data required time                                                 2.41
  --------------------------------------------------------------------------
  data required time                                                 2.41
  data arrival time                                                 -1.86
  --------------------------------------------------------------------------
  slack (MET)                                                        0.55


  Startpoint: u_cfg_regs/medium_code_o_reg[4]
              (rising edge-triggered flip-flop clocked by cal_clk)
  Endpoint: u_cfg_regs/medium_code_o_reg[0]
            (rising edge-triggered flip-flop clocked by cal_clk)
  Path Group: cal_clk
  Path Type: max

  Des/Clust/Port     Wire Load Model       Library
  ------------------------------------------------
  ftc_cal_controller_top
                     Small                 sc9mc_logic0040ll_base_rvt_c40_ss_typical_max_0p99v_125c

  Point                                                   Incr       Path
  --------------------------------------------------------------------------
  clock cal_clk (rise edge)                               0.00       0.00
  clock network delay (ideal)                             0.00       0.00
  u_cfg_regs/medium_code_o_reg[4]/CK (DFFRPQ_X1M_A9TR40)
                                                          0.00       0.00 r
  u_cfg_regs/medium_code_o_reg[4]/Q (DFFRPQ_X1M_A9TR40)
                                                          0.34       0.34 r
  u_cfg_regs/U222/Y (INV_X0P5B_A9TR40)                    0.15       0.50 f
  u_cfg_regs/U48/Y (NAND4_X1M_A9TR40)                     0.17       0.66 r
  u_cfg_regs/U47/Y (NOR2_X1A_A9TR40)                      0.10       0.76 f
  u_cfg_regs/U180/Y (INV_X0P5B_A9TR40)                    0.10       0.86 r
  u_cfg_regs/U104/Y (NAND2_X1A_A9TR40)                    0.14       0.99 f
  u_cfg_regs/U117/Y (OAI211_X2M_A9TR40)                   0.18       1.17 r
  u_cfg_regs/U19/Y (AND2_X0P7M_A9TR40)                    0.18       1.35 r
  u_cfg_regs/U53/Y (NOR2B_X2M_A9TR40)                     0.16       1.51 r
  u_cfg_regs/U125/Y (AOI22_X0P5M_A9TR40)                  0.15       1.66 f
  u_cfg_regs/U124/Y (OAI21_X0P5M_A9TR40)                  0.14       1.79 r
  u_cfg_regs/medium_code_o_reg[0]/D (DFFRPQ_X2M_A9TR40)
                                                          0.00       1.79 r
  data arrival time                                                  1.79

  clock cal_clk (rise edge)                               2.50       2.50
  clock network delay (ideal)                             0.00       2.50
  clock uncertainty                                      -0.05       2.45
  u_cfg_regs/medium_code_o_reg[0]/CK (DFFRPQ_X2M_A9TR40)
                                                          0.00       2.45 r
  library setup time                                     -0.10       2.35
  data required time                                                 2.35
  --------------------------------------------------------------------------
  data required time                                                 2.35
  data arrival time                                                 -1.79
  --------------------------------------------------------------------------
  slack (MET)                                                        0.55


1
