 
****************************************
Report : area
Design : ftc_cal_controller_top
Version: W-2024.09
Date   : Thu Aug 20 12:05:24 2026
****************************************

Library(s) Used:

    sc9mc_logic0040ll_base_rvt_c40_ss_typical_max_0p99v_125c (File: /host/data/libtech/SMIC_40LL/ARM_SMIC40LL_Library_20131105/SMIC_log40ll_sc9mc/arm/smic/logic0040ll/sc9mc_base_rvt_c40/r1p1/db/sc9mc_logic0040ll_base_rvt_c40_ss_typical_max_0p99v_125c.db)

Number of ports:                           53
Number of nets:                           499
Number of cells:                          495
Number of combinational cells:            419
Number of sequential cells:                76
Number of macros/black boxes:               0
Number of buf/inv:                        106
Number of references:                     142

Combinational area:                549.901801
Buf/Inv area:                       74.453401
Noncombinational area:             397.643399
Macro/Black Box area:                0.000000
Net Interconnect area:               0.000000

Total cell area:                   947.545200
Total area:                        947.545200

Hierarchical area distribution
------------------------------

                                  Global cell area          Local cell area
                                  ------------------  --------------------------- 
Hierarchical cell                 Absolute   Percent  Combi-    Noncombi-  Black-
                                  Total      Total    national  national   boxes   Design
--------------------------------  ---------  -------  --------  ---------  ------  ---------
ftc_cal_controller_top             947.5452    100.0  549.9018   397.6434  0.0000  ftc_cal_controller_top
--------------------------------  ---------  -------  --------  ---------  ------  ---------
Total                                                 549.9018   397.6434  0.0000

1
