 
****************************************
Report : power
        -analysis_effort low
Design : ftc_cal_controller_top
Version: W-2024.09
Date   : Thu Aug 20 12:05:24 2026
****************************************


Library(s) Used:

    sc9mc_logic0040ll_base_rvt_c40_ss_typical_max_0p99v_125c (File: /host/data/libtech/SMIC_40LL/ARM_SMIC40LL_Library_20131105/SMIC_log40ll_sc9mc/arm/smic/logic0040ll/sc9mc_base_rvt_c40/r1p1/db/sc9mc_logic0040ll_base_rvt_c40_ss_typical_max_0p99v_125c.db)


Operating Conditions: ss_typical_max_0p99v_125c   Library: sc9mc_logic0040ll_base_rvt_c40_ss_typical_max_0p99v_125c
Wire Load Model Mode: top

Design        Wire Load Model            Library
------------------------------------------------
ftc_cal_controller_top Small             sc9mc_logic0040ll_base_rvt_c40_ss_typical_max_0p99v_125c


Global Operating Voltage = 0.99 
Power-specific unit information :
    Voltage Units = 1V
    Capacitance Units = 1.000000pf
    Time Units = 1ns
    Dynamic Power Units = 1mW    (derived from V,C,T units)
    Leakage Power Units = 1uW


Attributes
----------
i - Including register clock pin internal power


  Cell Internal Power  = 364.4201 uW   (92%)
  Net Switching Power  =  32.2945 uW    (8%)
                         ---------
Total Dynamic Power    = 396.7146 uW  (100%)

Cell Leakage Power     = 702.6606 nW


                 Internal         Switching           Leakage            Total
Power Group      Power            Power               Power              Power   (   %    )  Attrs
--------------------------------------------------------------------------------------------------
io_pad             0.0000            0.0000            0.0000            0.0000  (   0.00%)
memory             0.0000            0.0000            0.0000            0.0000  (   0.00%)
black_box          0.0000            0.0000            0.0000            0.0000  (   0.00%)
clock_network      0.3427            0.0000            0.0000            0.3427  (  86.24%)  i
register       6.3260e-03        4.3102e-03            0.2255        1.0862e-02  (   2.73%)
sequential         0.0000            0.0000            0.0000            0.0000  (   0.00%)
combinational  1.5359e-02        2.7984e-02            0.4771        4.3821e-02  (  11.03%)
--------------------------------------------------------------------------------------------------
Total              0.3644 mW     3.2295e-02 mW         0.7027 uW         0.3974 mW
1
