 
****************************************
Report : qor
Design : ftc_cal_controller_top
Version: W-2024.09
Date   : Thu Aug 20 12:05:24 2026
****************************************


  Timing Path Group 'cal_clk'
  -----------------------------------
  Levels of Logic:               8.00
  Critical Path Length:          0.86
  Critical Path Slack:           0.00
  Critical Path Clk Period:      1.00
  Total Negative Slack:          0.00
  No. of Violating Paths:        0.00
  Worst Hold Violation:          0.00
  Total Hold Violation:          0.00
  No. of Hold Violations:        0.00
  -----------------------------------


  Cell Count
  -----------------------------------
  Hierarchical Cell Count:          0
  Hierarchical Port Count:          0
  Leaf Cell Count:                495
  Buf/Inv Cell Count:             106
  Buf Cell Count:                  11
  Inv Cell Count:                  95
  CT Buf/Inv Cell Count:            0
  Combinational Cell Count:       419
  Sequential Cell Count:           76
  Macro Count:                      0
  -----------------------------------


  Area
  -----------------------------------
  Combinational Area:      549.901801
  Noncombinational Area:   397.643399
  Buf/Inv Area:             74.453401
  Total Buffer Area:            13.17
  Total Inverter Area:          61.29
  Macro/Black Box Area:      0.000000
  Net Area:                  0.000000
  -----------------------------------
  Cell Area:               947.545200
  Design Area:             947.545200


  Design Rules
  -----------------------------------
  Total Number of Nets:           499
  Nets With Violations:             0
  Max Trans Violations:             0
  Max Cap Violations:               0
  -----------------------------------


  Hostname: pillar

  Compile CPU Statistics
  -----------------------------------------
  Resource Sharing:                    0.23
  Logic Optimization:                  1.77
  Mapping Optimization:                2.24
  -----------------------------------------
  Overall Compile Time:               14.69
  Overall Compile Wall Clock Time:    15.28

  --------------------------------------------------------------------

  Design  WNS: 0.00  TNS: 0.00  Number of Violating Paths: 0


  Design (Hold)  WNS: 0.00  TNS: 0.00  Number of Violating Paths: 0

  --------------------------------------------------------------------


1
