
                           Design Compiler Graphical 
                                 DC Ultra (TM)
                                  DFTMAX (TM)
                              Power Compiler (TM)
                                 DesignWare (R)
                                 DC Expert (TM)
                               Design Vision (TM)
                               HDL Compiler (TM)
                               VHDL Compiler (TM)
                                  DFT Compiler
                               Design Compiler(R)

                 Version W-2024.09 for linux64 - Aug 28, 2024 

                    Copyright (c) 1988 - 2024 Synopsys, Inc.
   This software and the associated documentation are proprietary to Synopsys,
 Inc. This software may only be used in accordance with the terms and conditions
 of a written license agreement with Synopsys, Inc. All other use, reproduction,
   or distribution of this software is strictly prohibited.  Licensed Products
     communicate with Synopsys servers for the purpose of providing software
    updates, detecting software piracy and verifying that customers are using
    Licensed Products in conformity with the applicable License Key for such
  Licensed Products. Synopsys will use information gathered in connection with
    this process to deliver software updates and pursue software pirates and
                                   infringers.

 Inclusivity & Diversity - Visit SolvNetPlus to read the "Synopsys Statement on
            Inclusivity and Diversity" (Refer to article 000036315 at
                        https://solvnetplus.synopsys.com)
Initializing...
Current time:       Thu Aug 20 12:05:08 2026
Hostname:           pillar
CPU Model:          Intel(R) Xeon(R) Platinum 8260 CPU @ 2.40GHz
CPU Details:        Cores = 96 : Sockets = 2 : Cache Size = 36608 KB : Freq = 2.40 GHz
OS:                 Linux 3.10.0-1160.119.1.el7.x86_64
RAM:                629 GB (Free   1 GB)
Swap:                 3 GB (Free   2 GB)
Work Filesystem:    /home/zhupl25 mounted to /dev/sda5
Tmp Filesystem:     / mounted to /dev/sda5
Work Disk:          6647 GB (Free 2989 GB)
Tmp Disk:           6647 GB (Free 2989 GB)

CPU Load: 5%, Ram Free: 1 GB, Swap Free: 2 GB, Work Disk Free: 2989 GB, Tmp Disk Free: 2989 GB
# ============================================================================
# FTC Calibration Controller - Simplified DC Synthesis Script
# ============================================================================
# Technology: SMIC 40LL RVT
# Target: 1 GHz control clock (1.0 ns period)
# ============================================================================
# =========================================================================
# Basic Setup
# =========================================================================
set DESIGN_NAME "ftc_cal_controller_top"
ftc_cal_controller_top
# Technology library - SMIC 40LL RVT worst corner
set target_library "/host/data/libtech/SMIC_40LL/ARM_SMIC40LL_Library_20131105/SMIC_log40ll_sc9mc/arm/smic/logic0040ll/sc9mc_base_rvt_c40/r1p1/db/sc9mc_logic0040ll_base_rvt_c40_ss_typical_max_0p99v_125c.db"
/host/data/libtech/SMIC_40LL/ARM_SMIC40LL_Library_20131105/SMIC_log40ll_sc9mc/arm/smic/logic0040ll/sc9mc_base_rvt_c40/r1p1/db/sc9mc_logic0040ll_base_rvt_c40_ss_typical_max_0p99v_125c.db
set link_library "* $target_library"
* /host/data/libtech/SMIC_40LL/ARM_SMIC40LL_Library_20131105/SMIC_log40ll_sc9mc/arm/smic/logic0040ll/sc9mc_base_rvt_c40/r1p1/db/sc9mc_logic0040ll_base_rvt_c40_ss_typical_max_0p99v_125c.db
# =========================================================================
# Read RTL
# =========================================================================
puts "Reading RTL files..."
Reading RTL files...
# Read all RTL files one by one
read_file -format sverilog ../../rtl/ftc_cal_pkg.sv
Loading db file '/host/data/libtech/SMIC_40LL/ARM_SMIC40LL_Library_20131105/SMIC_log40ll_sc9mc/arm/smic/logic0040ll/sc9mc_base_rvt_c40/r1p1/db/sc9mc_logic0040ll_base_rvt_c40_ss_typical_max_0p99v_125c.db'
Loading db file '/home/synopsys/dc/syn/W-2024.09/libraries/syn/gtech.db'
Loading db file '/home/synopsys/dc/syn/W-2024.09/libraries/syn/standard.sldb'
  Loading link library 'sc9mc_logic0040ll_base_rvt_c40_ss_typical_max_0p99v_125c'
  Loading link library 'gtech'
Loading sverilog file '/home/zhupl25/chiplet_side_channel/chiplet_gds_data/power_macro/delay_chain/ftc/controller/rtl/ftc_cal_pkg.sv'
Detecting input file type automatically (-rtl or -netlist).
Reading with Presto HDL Compiler (equivalent to -rtl option).
Running PRESTO HDLC
Compiling source file /home/zhupl25/chiplet_side_channel/chiplet_gds_data/power_macro/delay_chain/ftc/controller/rtl/ftc_cal_pkg.sv
Warning:  /home/zhupl25/chiplet_side_channel/chiplet_gds_data/power_macro/delay_chain/ftc/controller/rtl/ftc_cal_pkg.sv:9: The package ftc_cal_pkg has already been analyzed. It is being replaced. (VER-26)
Warning:  /home/zhupl25/chiplet_side_channel/chiplet_gds_data/power_macro/delay_chain/ftc/controller/rtl/ftc_cal_pkg.sv:11: Parameter keyword used in local parameter declaration. (VER-329)
No designs were read
read_file -format sverilog ../../rtl/ftc_cfg_therm_regs.sv
Loading sverilog file '/home/zhupl25/chiplet_side_channel/chiplet_gds_data/power_macro/delay_chain/ftc/controller/rtl/ftc_cfg_therm_regs.sv'
Detecting input file type automatically (-rtl or -netlist).
Reading with Presto HDL Compiler (equivalent to -rtl option).
Running PRESTO HDLC
Compiling source file /home/zhupl25/chiplet_side_channel/chiplet_gds_data/power_macro/delay_chain/ftc/controller/rtl/ftc_cfg_therm_regs.sv

Inferred memory devices in process in routine 'ftc_cfg_therm_regs' in file
	 /home/zhupl25/chiplet_side_channel/chiplet_gds_data/power_macro/delay_chain/ftc/controller/rtl/ftc_cfg_therm_regs.sv'.
==================================================================================
|    Register Name    |   Type    | Width | Bus | MB |  Set  | Reset | ST | Line |
==================================================================================
|  cfg_locked_o_reg   | Flip-flop |   1   |  N  | N  | None  | Async | N  |  47  |
| medium_therm_o_reg  | Flip-flop |  16   |  Y  | N  | None  | Async | N  |  47  |
|  fine_therm_o_reg   | Flip-flop |  10   |  Y  | N  | Async | None  | N  |  47  |
|  medium_code_o_reg  | Flip-flop |   5   |  Y  | N  | None  | Async | N  |  47  |
|   fine_code_o_reg   | Flip-flop |   4   |  Y  | N  | None  | Async | N  |  47  |
==================================================================================
Presto compilation completed successfully.
Current design is now '/home/zhupl25/chiplet_side_channel/chiplet_gds_data/power_macro/delay_chain/ftc/controller/rtl/ftc_cfg_therm_regs.db:ftc_cfg_therm_regs'
Loaded 1 design.
Current design is 'ftc_cfg_therm_regs'.
ftc_cfg_therm_regs
read_file -format sverilog ../../rtl/ftc_q_sampler.sv
Loading sverilog file '/home/zhupl25/chiplet_side_channel/chiplet_gds_data/power_macro/delay_chain/ftc/controller/rtl/ftc_q_sampler.sv'
Detecting input file type automatically (-rtl or -netlist).
Reading with Presto HDL Compiler (equivalent to -rtl option).
Running PRESTO HDLC
Compiling source file /home/zhupl25/chiplet_side_channel/chiplet_gds_data/power_macro/delay_chain/ftc/controller/rtl/ftc_q_sampler.sv

Inferred memory devices in process in routine 'ftc_q_sampler' in file
	 /home/zhupl25/chiplet_side_channel/chiplet_gds_data/power_macro/delay_chain/ftc/controller/rtl/ftc_q_sampler.sv'.
==================================================================================
|    Register Name    |   Type    | Width | Bus | MB |  Set  | Reset | ST | Line |
==================================================================================
|  class_valid_o_reg  | Flip-flop |   1   |  N  | N  | None  | Async | N  |  25  |
|  q_sample_1_o_reg   | Flip-flop |   1   |  N  | N  | None  | Async | N  |  25  |
|  q_sample_2_o_reg   | Flip-flop |   1   |  N  | N  | None  | Async | N  |  25  |
|    q_class_o_reg    | Flip-flop |   2   |  N  | N  | Async | Async | N  |  25  |
==================================================================================
Presto compilation completed successfully.
Current design is now '/home/zhupl25/chiplet_side_channel/chiplet_gds_data/power_macro/delay_chain/ftc/controller/rtl/ftc_q_sampler.db:ftc_q_sampler'
Loaded 1 design.
Current design is 'ftc_q_sampler'.
ftc_q_sampler
read_file -format sverilog ../../rtl/ftc_operation_sequencer.sv
Loading sverilog file '/home/zhupl25/chiplet_side_channel/chiplet_gds_data/power_macro/delay_chain/ftc/controller/rtl/ftc_operation_sequencer.sv'
Detecting input file type automatically (-rtl or -netlist).
Reading with Presto HDL Compiler (equivalent to -rtl option).
Running PRESTO HDLC
Compiling source file /home/zhupl25/chiplet_side_channel/chiplet_gds_data/power_macro/delay_chain/ftc/controller/rtl/ftc_operation_sequencer.sv
Warning:  /home/zhupl25/chiplet_side_channel/chiplet_gds_data/power_macro/delay_chain/ftc/controller/rtl/ftc_operation_sequencer.sv:59: signed to unsigned conversion occurs. (VER-318)
Warning:  /home/zhupl25/chiplet_side_channel/chiplet_gds_data/power_macro/delay_chain/ftc/controller/rtl/ftc_operation_sequencer.sv:61: signed to unsigned conversion occurs. (VER-318)
Warning:  /home/zhupl25/chiplet_side_channel/chiplet_gds_data/power_macro/delay_chain/ftc/controller/rtl/ftc_operation_sequencer.sv:118: signed to unsigned conversion occurs. (VER-318)
Warning:  /home/zhupl25/chiplet_side_channel/chiplet_gds_data/power_macro/delay_chain/ftc/controller/rtl/ftc_operation_sequencer.sv:127: signed to unsigned conversion occurs. (VER-318)
Warning:  /home/zhupl25/chiplet_side_channel/chiplet_gds_data/power_macro/delay_chain/ftc/controller/rtl/ftc_operation_sequencer.sv:129: signed to unsigned conversion occurs. (VER-318)
Warning:  /home/zhupl25/chiplet_side_channel/chiplet_gds_data/power_macro/delay_chain/ftc/controller/rtl/ftc_operation_sequencer.sv:132: signed to unsigned conversion occurs. (VER-318)
Warning:  /home/zhupl25/chiplet_side_channel/chiplet_gds_data/power_macro/delay_chain/ftc/controller/rtl/ftc_operation_sequencer.sv:135: signed to unsigned conversion occurs. (VER-318)
Warning:  /home/zhupl25/chiplet_side_channel/chiplet_gds_data/power_macro/delay_chain/ftc/controller/rtl/ftc_operation_sequencer.sv:137: signed to unsigned conversion occurs. (VER-318)
Warning:  /home/zhupl25/chiplet_side_channel/chiplet_gds_data/power_macro/delay_chain/ftc/controller/rtl/ftc_operation_sequencer.sv:139: signed to unsigned conversion occurs. (VER-318)

Inferred memory devices in process in routine 'ftc_operation_sequencer' in file
	 /home/zhupl25/chiplet_side_channel/chiplet_gds_data/power_macro/delay_chain/ftc/controller/rtl/ftc_operation_sequencer.sv'.
=====================================================================================
|     Register Name      |   Type    | Width | Bus | MB |  Set  | Reset | ST | Line |
=====================================================================================
|    active_cmd_q_reg    | Flip-flop |   2   |  Y  | N  | None  | Async | N  |  71  |
| sense_dff_reset_o_reg  | Flip-flop |   1   |  N  | N  | Async | None  | N  |  71  |
|   sense_s_clk_o_reg    | Flip-flop |   1   |  N  | N  | None  | Async | N  |  71  |
|  cfg_medium_inc_o_reg  | Flip-flop |   1   |  N  | N  | None  | Async | N  |  71  |
|  cfg_medium_dec_o_reg  | Flip-flop |   1   |  N  | N  | None  | Async | N  |  71  |
|   cfg_fine_inc_o_reg   | Flip-flop |   1   |  N  | N  | None  | Async | N  |  71  |
|   cfg_fine_dec_o_reg   | Flip-flop |   1   |  N  | N  | None  | Async | N  |  71  |
|       busy_o_reg       | Flip-flop |   1   |  N  | N  | None  | Async | N  |  71  |
|       done_o_reg       | Flip-flop |   1   |  N  | N  | None  | Async | N  |  71  |
|    probe_done_o_reg    | Flip-flop |   1   |  N  | N  | None  | Async | N  |  71  |
| q_sample_1_event_o_reg | Flip-flop |   1   |  N  | N  | None  | Async | N  |  71  |
| q_sample_2_event_o_reg | Flip-flop |   1   |  N  | N  | None  | Async | N  |  71  |
|   probe_count_q_reg    | Flip-flop |   4   |  Y  | N  | None  | Async | N  |  71  |
=====================================================================================
Presto compilation completed successfully.
Current design is now '/home/zhupl25/chiplet_side_channel/chiplet_gds_data/power_macro/delay_chain/ftc/controller/rtl/ftc_operation_sequencer.db:ftc_operation_sequencer'
Loaded 1 design.
Current design is 'ftc_operation_sequencer'.
ftc_operation_sequencer
read_file -format sverilog ../../rtl/ftc_cal_fsm.sv
Loading sverilog file '/home/zhupl25/chiplet_side_channel/chiplet_gds_data/power_macro/delay_chain/ftc/controller/rtl/ftc_cal_fsm.sv'
Detecting input file type automatically (-rtl or -netlist).
Reading with Presto HDL Compiler (equivalent to -rtl option).
Running PRESTO HDLC
Compiling source file /home/zhupl25/chiplet_side_channel/chiplet_gds_data/power_macro/delay_chain/ftc/controller/rtl/ftc_cal_fsm.sv

Statistics for case statements in always block in file
	'/home/zhupl25/chiplet_side_channel/chiplet_gds_data/power_macro/delay_chain/ftc/controller/rtl/ftc_cal_fsm.sv'
============================================================
|    Line    |  full/ parallel  |      block location      |
============================================================
|    238     |    auto/auto     | always block at line 215 |
============================================================

Inferred memory devices in process in routine 'ftc_cal_fsm' in file
	 /home/zhupl25/chiplet_side_channel/chiplet_gds_data/power_macro/delay_chain/ftc/controller/rtl/ftc_cal_fsm.sv'.
==========================================================================================
|        Register Name        |   Type    | Width | Bus | MB |  Set  | Reset | ST | Line |
==========================================================================================
|      lock_valid_q_reg       | Flip-flop |   1   |  N  | N  | None  | Async | N  | 172  |
|         state_q_reg         | Flip-flop |   5   |  Y  | N  | None  | Async | N  | 172  |
| coarse_probe_a_result_q_reg | Flip-flop |   2   |  Y  | N  | None  | Async | N  | 172  |
| coarse_probe_b_result_q_reg | Flip-flop |   2   |  Y  | N  | None  | Async | N  | 172  |
|   fine_probe_result_q_reg   | Flip-flop |   2   |  Y  | N  | None  | Async | N  | 172  |
|      fail_reason_q_reg      | Flip-flop |   3   |  Y  | N  | None  | Async | N  | 172  |
|        seq_req_q_reg        | Flip-flop |   1   |  N  | N  | None  | Async | N  | 172  |
|        seq_cmd_q_reg        | Flip-flop |   2   |  Y  | N  | None  | Async | N  | 172  |
|    seq_medium_inc_q_reg     | Flip-flop |   1   |  N  | N  | None  | Async | N  | 172  |
|    seq_medium_dec_q_reg     | Flip-flop |   1   |  N  | N  | None  | Async | N  | 172  |
|     seq_fine_inc_q_reg      | Flip-flop |   1   |  N  | N  | None  | Async | N  | 172  |
|     seq_fine_dec_q_reg      | Flip-flop |   1   |  N  | N  | None  | Async | N  | 172  |
|       cal_busy_q_reg        | Flip-flop |   1   |  N  | N  | None  | Async | N  | 172  |
|       cal_done_q_reg        | Flip-flop |   1   |  N  | N  | None  | Async | N  | 172  |
|       cal_fail_q_reg        | Flip-flop |   1   |  N  | N  | None  | Async | N  | 172  |
==========================================================================================
Presto compilation completed successfully.
Current design is now '/home/zhupl25/chiplet_side_channel/chiplet_gds_data/power_macro/delay_chain/ftc/controller/rtl/ftc_cal_fsm.db:ftc_cal_fsm'
Loaded 1 design.
Current design is 'ftc_cal_fsm'.
ftc_cal_fsm
read_file -format sverilog ../../rtl/ftc_cal_controller_top.sv
Loading sverilog file '/home/zhupl25/chiplet_side_channel/chiplet_gds_data/power_macro/delay_chain/ftc/controller/rtl/ftc_cal_controller_top.sv'
Detecting input file type automatically (-rtl or -netlist).
Reading with Presto HDL Compiler (equivalent to -rtl option).
Running PRESTO HDLC
Compiling source file /home/zhupl25/chiplet_side_channel/chiplet_gds_data/power_macro/delay_chain/ftc/controller/rtl/ftc_cal_controller_top.sv
Presto compilation completed successfully.
Current design is now '/home/zhupl25/chiplet_side_channel/chiplet_gds_data/power_macro/delay_chain/ftc/controller/rtl/ftc_cal_controller_top.db:ftc_cal_controller_top'
Loaded 1 design.
Current design is 'ftc_cal_controller_top'.
ftc_cal_controller_top
# Set current design
current_design ${DESIGN_NAME}
Current design is 'ftc_cal_controller_top'.
{ftc_cal_controller_top}
# Link
link

  Linking design 'ftc_cal_controller_top'
  Using the following designs and libraries:
  --------------------------------------------------------------------------
  * (5 designs)               /home/zhupl25/chiplet_side_channel/chiplet_gds_data/power_macro/delay_chain/ftc/controller/rtl/ftc_cal_controller_top.db, etc
  sc9mc_logic0040ll_base_rvt_c40_ss_typical_max_0p99v_125c (library) /host/data/libtech/SMIC_40LL/ARM_SMIC40LL_Library_20131105/SMIC_log40ll_sc9mc/arm/smic/logic0040ll/sc9mc_base_rvt_c40/r1p1/db/sc9mc_logic0040ll_base_rvt_c40_ss_typical_max_0p99v_125c.db

1
# Check design
check_design
 
****************************************
check_design summary:
Version:     W-2024.09
Date:        Thu Aug 20 12:05:09 2026
****************************************

                   Name                                            Total
--------------------------------------------------------------------------------
Inputs/Outputs                                                      2
    Unconnected ports (LINT-28)                                     2

Cells                                                               6
    Cells do not drive (LINT-1)                                     6
--------------------------------------------------------------------------------

Warning: In design 'ftc_cfg_therm_regs', cell 'C731' does not drive any nets. (LINT-1)
Warning: In design 'ftc_cfg_therm_regs', cell 'C735' does not drive any nets. (LINT-1)
Warning: In design 'ftc_cfg_therm_regs', cell 'C755' does not drive any nets. (LINT-1)
Warning: In design 'ftc_cfg_therm_regs', cell 'C759' does not drive any nets. (LINT-1)
Warning: In design 'ftc_operation_sequencer', cell 'C291' does not drive any nets. (LINT-1)
Warning: In design 'ftc_operation_sequencer', cell 'C301' does not drive any nets. (LINT-1)
Warning: In design 'ftc_cal_fsm', port 'q_class_valid_i' is not connected to any nets. (LINT-28)
Warning: In design 'ftc_cal_fsm', port 'cfg_at_min_medium_i' is not connected to any nets. (LINT-28)
1
# =========================================================================
# Apply Basic Constraints
# =========================================================================
puts "Applying constraints..."
Applying constraints...
# Create clock
create_clock -name cal_clk -period 1.0 [get_ports cal_clk]
1
set_clock_uncertainty 0.05 [get_clocks cal_clk]
1
# Input delays
set_input_delay -clock cal_clk -max 0.7 [get_ports cal_start]
1
set_input_delay -clock cal_clk -max 0.6 [get_ports q_final]
1
# Output delays
set_output_delay -clock cal_clk -max 0.4 [all_outputs]
1
# False paths
set_false_path -from [get_ports ctrl_por_n]
1
# Design rules
set_max_fanout 16 [current_design]
Current design is 'ftc_cal_controller_top'.
1
# =========================================================================
# Compile
# =========================================================================
puts "Compiling..."
Compiling...
compile_ultra
Loading db file '/home/synopsys/dc/syn/W-2024.09/libraries/syn/dw_foundation.sldb'
Warning: DesignWare synthetic library dw_foundation.sldb is added to the synthetic_library in the current command. (UISN-40)
Information: Performing leakage power optimization. (PWR-850)
CPU Load: 5%, Ram Free: 1 GB, Swap Free: 2 GB, Work Disk Free: 2989 GB, Tmp Disk Free: 2989 GB
Alib files are up-to-date.
Information: Evaluating DesignWare library utilization. (UISN-27)

============================================================================
| DesignWare Building Block Library  |         Version         | Available |
============================================================================
| Basic DW Building Blocks           | W-2024.09-DWBB_202409.0 |     *     |
| Licensed DW Building Blocks        | W-2024.09-DWBB_202409.0 |     *     |
============================================================================

====================================================================================================
| Flow Information                                                                                 |
----------------------------------------------------------------------------------------------------
| Flow         | Design Compiler WLM                                                               |
| Command Line | compile_ultra                                                                     |
====================================================================================================
| Design Information                                      | Value                                  |
====================================================================================================
| Number of Scenarios                                     | 0                                      |
| Leaf Cell Count                                         | 908                                    |
| Number of User Hierarchies                              | 4                                      |
| Sequential Cell Count                                   | 83                                     |
| Macro Count                                             | 0                                      |
| Number of Power Domains                                 | 0                                      |
| Number of Path Groups                                   | 2                                      |
| Number of VT Class                                      | 0                                      |
| Number of Clocks                                        | 1                                      |
| Number of Dont Touch Cells                              | 364                                    |
| Number of Dont Touch Nets                               | 0                                      |
| Number of Size Only Cells                               | 0                                      |
| Design with UPF Data                                    | false                                  |
====================================================================================================
Information: Sequential output inversion is enabled.  SVF file must be used for formal verification. (OPT-1208)

Information: There are 8 potential problems in your design. Please run 'check_design' for more information. (LINT-99)

  Simplifying Design 'ftc_cal_controller_top'
Information: The register 'u_sequencer/u_q_sampler/q_sample_2_o_reg' will be removed. (OPT-1207)
Information: The register 'u_sequencer/u_q_sampler/class_valid_o_reg' will be removed. (OPT-1207)
Information: The register 'u_sequencer/q_sample_2_event_o_reg' will be removed. (OPT-1207)
Information: The register 'u_sequencer/q_sample_1_event_o_reg' will be removed. (OPT-1207)

Loaded alib file './alib-52/sc9mc_logic0040ll_base_rvt_c40_ss_typical_max_0p99v_125c.db.alib'
Module: DW01_NAND2, Ports: 3, Input: 2, Output: 1, Inout: 0
Module: DW01_NAND2, Registers: 0, Async set/reset: 0, Sync set/reset: 0
  Building model 'DW01_NAND2'
Information: Ungrouping hierarchy u_cfg_regs before Pass 1 (OPT-776)
Information: Ungrouping hierarchy u_sequencer before Pass 1 (OPT-776)
Information: Ungrouping hierarchy u_fsm before Pass 1 (OPT-776)
Information: Ungrouping hierarchy u_sequencer/u_q_sampler before Pass 1 (OPT-776)
Information: Ungrouping 4 of 5 hierarchies before Pass 1 (OPT-775)
CPU Load: 4%, Ram Free: 1 GB, Swap Free: 2 GB, Work Disk Free: 2989 GB, Tmp Disk Free: 2989 GB
Information: State dependent leakage is now switched from on to off.

  Beginning Pass 1 Mapping
  ------------------------
  Processing 'ftc_cal_controller_top'
Information: Added key list 'DesignWare' to design 'ftc_cal_controller_top'. (DDB-72)
Information: The register 'u_fsm/state_q_reg[4]' is a constant and will be removed. (OPT-1206)
Information: The register 'u_fsm/seq_fine_dec_q_reg' is a constant and will be removed. (OPT-1206)
Information: The register 'u_sequencer/cfg_fine_dec_o_reg' is a constant and will be removed. (OPT-1206)
 Implement Synthetic for 'ftc_cal_controller_top'.
CPU Load: 4%, Ram Free: 1 GB, Swap Free: 2 GB, Work Disk Free: 2989 GB, Tmp Disk Free: 2989 GB

  Updating timing information
Information: Updating design information... (UID-85)
Information: The library cell 'TIELO_X1M_A9TR40' in the library 'sc9mc_logic0040ll_base_rvt_c40_ss_typical_max_0p99v_125c' is not characterized for internal power. (PWR-536)
Information: The library cell 'TIEHI_X1M_A9TR40' in the library 'sc9mc_logic0040ll_base_rvt_c40_ss_typical_max_0p99v_125c' is not characterized for internal power. (PWR-536)
Information: The target library(s) contains cell(s), other than black boxes, that are not characterized for internal power. (PWR-24)

  Beginning Mapping Optimizations  (Ultra High effort)
  -------------------------------
  Mapping Optimization (Phase 1)
  Mapping Optimization (Phase 2)

                                  TOTAL                                                
   ELAPSED            WORST NEG   SETUP    DESIGN                              LEAKAGE 
    TIME      AREA      SLACK     COST    RULE COST         ENDPOINT            POWER  
  --------- --------- --------- --------- --------- ------------------------- ---------
    0:00:08    1532.4      0.05       0.5       0.0                              1.6342
    0:00:08    1526.4      0.33       3.5       6.0                              1.6261

  Beginning Constant Register Removal
  -----------------------------------
    0:00:08    1526.4      0.33       3.5       6.0                              1.6261
    0:00:08    1526.4      0.33       3.5       6.0                              1.6261

  Beginning Global Optimizations
  ------------------------------
  Numerical Synthesis (Phase 1)
  Numerical Synthesis (Phase 2)
  Global Optimization (Phase 1)
  Global Optimization (Phase 2)
  Global Optimization (Phase 3)
  Global Optimization (Phase 4)
  Global Optimization (Phase 5)
  Global Optimization (Phase 6)
  Global Optimization (Phase 7)
  Global Optimization (Phase 8)
  Global Optimization (Phase 9)
  Global Optimization (Phase 10)
  Global Optimization (Phase 11)
  Global Optimization (Phase 12)
  Global Optimization (Phase 13)
  Global Optimization (Phase 14)
  Global Optimization (Phase 15)
  Global Optimization (Phase 16)
  Global Optimization (Phase 17)
  Global Optimization (Phase 18)
  Global Optimization (Phase 19)
  Global Optimization (Phase 20)
  Global Optimization (Phase 21)
  Global Optimization (Phase 22)
  Global Optimization (Phase 23)
  Global Optimization (Phase 24)
  Global Optimization (Phase 25)
  Global Optimization (Phase 26)
  Global Optimization (Phase 27)
  Global Optimization (Phase 28)
  Global Optimization (Phase 29)
  Global Optimization (Phase 30)

  Beginning Isolate Ports
  -----------------------

  Beginning Delay Optimization
  ----------------------------
    0:00:09     929.4      0.29       5.6       6.0                              0.6945
    0:00:09    1043.1      0.03       0.4       6.0                              0.8522
    0:00:09    1043.1      0.03       0.4       6.0                              0.8522
    0:00:10    1046.7      0.03       0.4       6.0                              0.8599
    0:00:10    1042.3      0.03       0.4       6.0                              0.8574
    0:00:10    1042.3      0.03       0.4       6.0                              0.8574

  Beginning WLM Backend Optimization
  --------------------------------------
    0:00:10    1039.7      0.03       0.3       6.0                              0.8523
    0:00:10    1033.5      0.01       0.1       6.0                              0.8494
    0:00:10    1033.5      0.01       0.1       6.0                              0.8494
    0:00:10    1033.5      0.01       0.1       6.0                              0.8494
    0:00:10    1033.5      0.01       0.1       6.0                              0.8494
    0:00:10    1027.0      0.00       0.0       6.0                              0.8392
    0:00:10    1027.0      0.00       0.0       6.0                              0.8392
    0:00:10    1029.9      0.00       0.0       6.0                              0.8405
    0:00:10    1029.9      0.00       0.0       6.0                              0.8405
    0:00:10    1029.9      0.00       0.0       6.0                              0.8405
    0:00:10    1029.9      0.00       0.0       6.0                              0.8405
    0:00:10    1029.9      0.00       0.0       6.0                              0.8405
    0:00:10    1029.9      0.00       0.0       6.0                              0.8405
    0:00:10    1029.9      0.00       0.0       6.0                              0.8405
    0:00:10    1029.9      0.00       0.0       6.0                              0.8405
    0:00:10    1029.9      0.00       0.0       6.0                              0.8405
    0:00:10    1029.9      0.00       0.0       6.0                              0.8405
    0:00:10    1029.9      0.00       0.0       6.0                              0.8405
    0:00:10    1029.9      0.00       0.0       6.0                              0.8405
    0:00:10    1029.9      0.00       0.0       6.0                              0.8405
    0:00:10    1029.9      0.00       0.0       6.0                              0.8405
    0:00:10    1029.9      0.00       0.0       6.0                              0.8405
    0:00:10    1029.9      0.00       0.0       6.0                              0.8405
    0:00:10    1029.9      0.00       0.0       6.0                              0.8405


  Beginning Design Rule Fixing  (max_fanout)
  ----------------------------

                                  TOTAL                                                
   ELAPSED            WORST NEG   SETUP    DESIGN                              LEAKAGE 
    TIME      AREA      SLACK     COST    RULE COST         ENDPOINT            POWER  
  --------- --------- --------- --------- --------- ------------------------- ---------
    0:00:10    1029.9      0.00       0.0       6.0                              0.8405
  Global Optimization (Phase 31)
  Global Optimization (Phase 32)
  Global Optimization (Phase 33)
    0:00:10    1030.9      0.00       0.0       0.0                              0.8420
    0:00:10    1030.9      0.00       0.0       0.0                              0.8420
    0:00:10    1030.9      0.00       0.0       0.0                              0.8420
    0:00:10    1030.9      0.00       0.0       0.0                              0.8420
    0:00:10    1030.9      0.00       0.0       0.0                              0.8420
    0:00:11    1030.4      0.00       0.0       0.0                              0.8390
    0:00:11    1030.4      0.00       0.0       0.0                              0.8390
    0:00:11    1030.4      0.00       0.0       0.0                              0.8390
    0:00:11    1030.4      0.00       0.0       0.0                              0.8390
    0:00:11    1030.4      0.00       0.0       0.0                              0.8390
    0:00:11    1030.4      0.00       0.0       0.0                              0.8390
    0:00:11    1030.4      0.00       0.0       0.0                              0.8390
    0:00:11    1030.4      0.00       0.0       0.0                              0.8390
    0:00:11    1030.4      0.00       0.0       0.0                              0.8390
    0:00:11    1030.4      0.00       0.0       0.0                              0.8390
    0:00:11    1030.4      0.00       0.0       0.0                              0.8390
    0:00:11    1030.4      0.00       0.0       0.0                              0.8390
    0:00:11    1030.4      0.00       0.0       0.0                              0.8390
    0:00:11    1030.4      0.00       0.0       0.0                              0.8390
    0:00:11    1030.4      0.00       0.0       0.0                              0.8390
    0:00:11    1030.4      0.00       0.0       0.0                              0.8390
    0:00:11    1030.4      0.00       0.0       0.0                              0.8390
    0:00:11    1030.4      0.00       0.0       0.0                              0.8390
    0:00:11    1030.4      0.00       0.0       0.0                              0.8390

                                  TOTAL                                                
   ELAPSED            WORST NEG   SETUP    DESIGN                              LEAKAGE 
    TIME      AREA      SLACK     COST    RULE COST         ENDPOINT            POWER  
  --------- --------- --------- --------- --------- ------------------------- ---------
    0:00:11    1029.7      0.00       0.0       0.0                              0.8390
    0:00:11     993.5      0.00       0.0       0.0                              0.7829
    0:00:11     993.5      0.00       0.0       0.0                              0.7829
    0:00:11     993.5      0.00       0.0       0.0                              0.7829
    0:00:11     993.5      0.00       0.0       0.0                              0.7829
    0:00:11     986.3      0.00       0.0       0.0                              0.7686
    0:00:11     986.3      0.00       0.0       0.0                              0.7686
    0:00:11     986.3      0.00       0.0       0.0                              0.7686
    0:00:11     986.3      0.00       0.0       0.0                              0.7686
    0:00:11     986.3      0.00       0.0       0.0                              0.7686
    0:00:11     986.3      0.00       0.0       0.0                              0.7686
    0:00:12     947.5      0.00       0.0       0.0                              0.6924
CPU Load: 4%, Ram Free: 1 GB, Swap Free: 2 GB, Work Disk Free: 2989 GB, Tmp Disk Free: 2989 GB
Loading db file '/host/data/libtech/SMIC_40LL/ARM_SMIC40LL_Library_20131105/SMIC_log40ll_sc9mc/arm/smic/logic0040ll/sc9mc_base_rvt_c40/r1p1/db/sc9mc_logic0040ll_base_rvt_c40_ss_typical_max_0p99v_125c.db'


Note: Symbol # after min delay cost means estimated hold TNS across all active scenarios 


  Optimization Complete
  ---------------------
Information: State dependent leakage is now switched from off to on.
Information: Propagating switching activity (low effort zero delay simulation). (PWR-6)
CPU Load: 4%, Ram Free: 1 GB, Swap Free: 2 GB, Work Disk Free: 2989 GB, Tmp Disk Free: 2989 GB
Information: Total number of MV cells in the design.
----------------------------------------------------------------------------------------------------
 MV Cells                                           Total Number                                   
----------------------------------------------------------------------------------------------------
 Level Shifter:                                     0                                             
 Enable Level Shifter:                              0                                             
 Isolation Cell:                                    0                                             
 Retention Cell:                                    0                                             
 Retention Clamp Cell:                              0                                             
 Switch Cell:                                       0                                             
 Always-On Cell:                                    0                                             
 Repeater Cell:                                     0                                             

----------------------------------------------------------------------------------------------------
Unmapped MV Cells 
----------------------------------------------------------------------------------------------------
0 Isolation Cells are unmapped 
0 Retention Clamp Cells are unmapped 
----------------------------------------------------------------------------------------------------
1
# =========================================================================
# Reports
# =========================================================================
puts "Generating reports..."
Generating reports...
file mkdir ../reports
report_timing -max_paths 5 > ../reports/timing.rpt
report_area -hierarchy > ../reports/area.rpt
report_qor > ../reports/qor.rpt
report_power > ../reports/power.rpt
# =========================================================================
# Write Netlist
# =========================================================================
puts "Writing netlist..."
Writing netlist...
file mkdir ../netlist
write -format verilog -hierarchy -output ../netlist/${DESIGN_NAME}_synth.v
Writing verilog file '/home/zhupl25/chiplet_side_channel/chiplet_gds_data/power_macro/delay_chain/ftc/controller/synthesis/netlist/ftc_cal_controller_top_synth.v'.
1
write_sdc ../netlist/${DESIGN_NAME}_synth.sdc
1
puts "Synthesis complete!"
Synthesis complete!
exit

Memory usage for this session 427 Mbytes.
Memory usage for this session including child processes 427 Mbytes.
CPU usage for this session 21 seconds ( 0.01 hours ).
Elapsed time for this session 20 seconds ( 0.01 hours ).

Thank you...
