                         Chronologic VCS (TM)
         Version W-2024.09_Full64 -- Thu Sep  3 04:57:22 2026

                    Copyright (c) 1991 - 2024 Synopsys, Inc.
   This software and the associated documentation are proprietary to Synopsys,
 Inc. This software may only be used in accordance with the terms and conditions
 of a written license agreement with Synopsys, Inc. All other use, reproduction,
   or distribution of this software is strictly prohibited.  Licensed Products
     communicate with Synopsys servers for the purpose of providing software
    updates, detecting software piracy and verifying that customers are using
    Licensed Products in conformity with the applicable License Key for such
  Licensed Products. Synopsys will use information gathered in connection with
    this process to deliver software updates and pursue software pirates and
                                   infringers.

 Inclusivity & Diversity - Visit SolvNetPlus to read the "Synopsys Statement on
            Inclusivity and Diversity" (Refer to article 000036315 at
                        https://solvnetplus.synopsys.com)

Parsing design file '/home/zhupl25/chiplet_side_channel/chiplet_gds_data/power_macro/delay_chain/ftc/analysis/b_fe_frontend/bfe14_arch1_benign_temp_drift/p5_replay/tb_bfe14_track0_physical_replay.sv'
Parsing design file '/home/zhupl25/chiplet_side_channel/chiplet_gds_data/power_macro/delay_chain/ftc/rtl/bfe_backend_ctrl_arch1_track0.sv'
Top Level Modules:
       tb_bfe14_track0_physical_replay
TimeScale is 1 ns / 1 ps
Starting vcs inline pass...
2 modules and 0 UDP read.
	However, due to incremental compilation, no re-compilation is necessary.
rm -f _cuarc*.so _csrc*.so pre_vcsobj_*.so share_vcsobj_*.so
if [ -x ../simv ]; then chmod a-x ../simv; fi
g++  -o ../simv      -rdynamic  -Wl,-rpath='$ORIGIN'/simv.daidir -Wl,-rpath=./simv.daidir -Wl,-rpath=/home/synopsys/vcs/W-2024.09/linux64/lib -L/home/synopsys/vcs/W-2024.09/linux64/lib  -Wl,-rpath-link=./  /usr/lib64/libnuma.so.1   objs/amcQw_d.o   _18380_archive_1.so _prev_archive_1.so   SIM_l.o      rmapats_mop.o rmapats.o rmar.o rmar_nd.o  rmar_llvm_0_1.o rmar_llvm_0_0.o            -lvirsim -lerrorinf -lsnpsmalloc -lvfs    -lvcsnew -lsimprofile -luclinative /home/synopsys/vcs/W-2024.09/linux64/lib/vcs_tls.o   -Wl,-whole-archive  -lvcsucli    -Wl,-no-whole-archive        _vcs_pli_stub_.o   /home/synopsys/vcs/W-2024.09/linux64/lib/vcs_save_restore_new.o /home/synopsys/verdi/W-2024.09/share/PLI/VCS/LINUX64/pli.a -ldl  -lc -lm -lpthread -ldl
../simv up to date
CPU time: 1.656 seconds to compile + 1.137 seconds to elab + 1.270 seconds to link
