                         Chronologic VCS (TM)
         Version W-2024.09_Full64 -- Wed Sep  2 14:47:22 2026

                    Copyright (c) 1991 - 2024 Synopsys, Inc.
   This software and the associated documentation are proprietary to Synopsys,
 Inc. This software may only be used in accordance with the terms and conditions
 of a written license agreement with Synopsys, Inc. All other use, reproduction,
   or distribution of this software is strictly prohibited.  Licensed Products
     communicate with Synopsys servers for the purpose of providing software
    updates, detecting software piracy and verifying that customers are using
    Licensed Products in conformity with the applicable License Key for such
  Licensed Products. Synopsys will use information gathered in connection with
    this process to deliver software updates and pursue software pirates and
                                   infringers.

 Inclusivity & Diversity - Visit SolvNetPlus to read the "Synopsys Statement on
            Inclusivity and Diversity" (Refer to article 000036315 at
                        https://solvnetplus.synopsys.com)

Parsing design file 'p4_ab/tb_bfe13_track0_retained_ab.sv'
Parsing design file '../../../rtl/bfe_backend_ctrl.sv'
Parsing design file '../../../rtl/bfe_backend_ctrl_arch1_sign0.sv'
Parsing design file '../../../rtl/bfe_backend_ctrl_arch1_track0.sv'
Top Level Modules:
       tb_bfe13_track0_retained_ab
       bfe_backend_ctrl
TimeScale is 1 ns / 1 ps
Starting vcs inline pass...
4 modules and 0 UDP read.
recompiling module tb_bfe13_track0_retained_ab
recompiling module bfe_backend_ctrl
recompiling module bfe_backend_ctrl_arch1_sign0
recompiling module bfe_backend_ctrl_arch1_track0
All of 4 modules done
rm -f _cuarc*.so _csrc*.so pre_vcsobj_*.so share_vcsobj_*.so
if [ -x /tmp/bfe13_p4_simv4 ]; then chmod a-x /tmp/bfe13_p4_simv4; fi
g++  -o /tmp/bfe13_p4_simv4      -rdynamic  -Wl,-rpath='$ORIGIN'/bfe13_p4_simv4.daidir -Wl,-rpath=./bfe13_p4_simv4.daidir -Wl,-rpath=/home/synopsys/vcs/W-2024.09/linux64/lib -L/home/synopsys/vcs/W-2024.09/linux64/lib  -Wl,-rpath-link=./  /usr/lib64/libnuma.so.1   objs/amcQw_d.o   _36630_archive_1.so   SIM_l.o      rmapats_mop.o rmapats.o rmar.o rmar_nd.o  rmar_llvm_0_1.o rmar_llvm_0_0.o            -lvirsim -lerrorinf -lsnpsmalloc -lvfs    -lvcsnew -lsimprofile -luclinative /home/synopsys/vcs/W-2024.09/linux64/lib/vcs_tls.o   -Wl,-whole-archive  -lvcsucli    -Wl,-no-whole-archive          /home/synopsys/vcs/W-2024.09/linux64/lib/vcs_save_restore_new.o -ldl  -lc -lm -lpthread -ldl 
/tmp/bfe13_p4_simv4 up to date
CPU time: 1.188 seconds to compile + .942 seconds to elab + .349 seconds to link
